******************************************************************************
                  TI ARM Linker PC v18.12.1                    
******************************************************************************
>> Linked Thu May 30 19:41:49 2019

OUTPUT FILE NAME:   <TempController_template.out>
ENTRY POINT SYMBOL: "_c_int00_noargs"  address: 00004ae1


MEMORY CONFIGURATION

         name            origin    length      used     unused   attr    fill
----------------------  --------  ---------  --------  --------  ----  --------
  FLASH                 00000000   00040000  00005dbe  0003a242  R  X
  SRAM                  20000000   00008000  000011d0  00006e30  RW X


SEGMENT ALLOCATION MAP

run origin  load origin   length   init length attrs members
----------  ----------- ---------- ----------- ----- -------
00000000    00000000    00005dc0   00005dc0    r-x
  00000000    00000000    0000026c   0000026c    r-- .intvecs
  0000026c    0000026c    00004baa   00004baa    r-x .text
  00004e18    00004e18    00000f58   00000f58    r-- .const
  00005d70    00005d70    00000050   00000050    r-- .cinit
20000000    20000000    000011d0   00000000    rw-
  20000000    20000000    00001060   00000000    rw- .stack
  20001060    20001060    00000128   00000000    rw- .bss
  20001188    20001188    00000048   00000000    rw- .data


SECTION ALLOCATION MAP

 output                                  attributes/
section   page    origin      length       input sections
--------  ----  ----------  ----------   ----------------
.intvecs   0    00000000    0000026c     
                  00000000    0000026c     tm4c123gh6pge_startup_ccs.obj (.intvecs)

.text      0    0000026c    00004baa     
                  0000026c    00000a4e     rtsv7M4_T_le_v4SPD16_eabi.lib : _printfi.c.obj (.text:__TI_printfi)
                  00000cba    00000002     tm4c123gh6pge_startup_ccs.obj (.text:FaultISR)
                  00000cbc    000003e8     my_code.obj (.text:UpdateScreen)
                  000010a4    00000374     grlib.lib : image.obj (.text:InternalImageDraw)
                  00001418    0000030c     uartstdio.obj (.text:UARTvprintf)
                  00001724    000002f8     grlib.lib : image.obj (.text:PixelTransparentDraw)
                  00001a1c    000002dc     TempController.obj (.text:main)
                  00001cf8    000002bc     my_code.obj (.text:PID_controller)
                  00001fb4    00000270     rtsv7M4_T_le_v4SPD16_eabi.lib : _printfi.c.obj (.text:_pconv_a)
                  00002224    00000254     grlib.lib : string.obj (.text:GrFontGlyphRender)
                  00002478    0000024c     my_code.obj (.text:adc2ASCII)
                  000026c4    000001d0     rtsv7M4_T_le_v4SPD16_eabi.lib : _printfi.c.obj (.text:_pconv_g)
                  00002894    000001be     cfal96x64x16.obj (.text:CFAL96x64x16PixelDrawMultiple)
                  00002a52    00000002     tm4c123gh6pge_startup_ccs.obj (.text:IntDefaultHandler)
                  00002a54    000001b8     cfal96x64x16.obj (.text:CFAL96x64x16Init)
                  00002c0c    000001b6     rtsv7M4_T_le_v4SPD16_eabi.lib : fd_add_t2.asm.obj (.text)
                  00002dc2    00000002     tm4c123gh6pge_startup_ccs.obj (.text:NmiSR)
                  00002dc4    0000013c     my_code.obj (.text:InitPWM)
                  00002f00    0000013c     rtsv7M4_T_le_v4SPD16_eabi.lib : _printfi.c.obj (.text:_pconv_e)
                  0000303c    00000136                                   : fd_div_t2.asm.obj (.text)
                  00003172    00000132     driverlib.lib : gpio.obj (.text:GPIOPadConfigSet)
                  000032a4    00000124     rtsv7M4_T_le_v4SPD16_eabi.lib : _printfi.c.obj (.text:fcvt)
                  000033c8    0000011c     my_code.obj (.text:InitUART1)
                  000034e4    00000114     my_code.obj (.text:InitADC)
                  000035f8    00000110     rtsv7M4_T_le_v4SPD16_eabi.lib : s_scalbn.c.obj (.text:scalbn)
                  00003708    00000100     my_code.obj (.text:i2c_string)
                  00003808    000000fc     rtsv7M4_T_le_v4SPD16_eabi.lib : fd_mul_t2.asm.obj (.text)
                  00003904    000000dc     my_code.obj (.text:SendPacket)
                  000039e0    000000d8     cfal96x64x16.obj (.text:CFAL96x64x16LineDrawV)
                  00003ab8    000000d8     my_code.obj (.text:InitTimerPWM)
                  00003b90    000000c0     grlib.lib : string.obj (.text:GrDefaultStringRenderer)
                  00003c50    000000b8     cfal96x64x16.obj (.text:CFAL96x64x16LineDrawH)
                  00003d08    000000b1     rtsv7M4_T_le_v4SPD16_eabi.lib : _printfi.c.obj (.text:_ltostr)
                  00003db9    00000001     --HOLE-- [fill = 0]
                  00003dba    0000009c                                   : memcpy_t2.asm.obj (.text)
                  00003e56    00000096                                   : ull_div_t2.asm.obj (.text)
                  00003eec    00000086     grlib.lib : rectangle.obj (.text:GrRectFill)
                  00003f72    00000086     rtsv7M4_T_le_v4SPD16_eabi.lib : fd_cmp_t2.asm.obj (.text:__aeabi_cdcmple)
                  00003ff8    00000086                                   : fd_cmp_t2.asm.obj (.text:__aeabi_cdrcmple)
                  0000407e    00000002                                   : div0.asm.obj (.text)
                  00004080    00000080     my_code.obj (.text:InitI2C1)
                  00004100    0000007c     TempController.obj (.text:SysTickIntHandler)
                  0000417c    0000007a     rtsv7M4_T_le_v4SPD16_eabi.lib : memset_t2.asm.obj (.text)
                  000041f6    00000002     --HOLE-- [fill = 0]
                  000041f8    00000074     uartstdio.obj (.text:UARTStdioConfig)
                  0000426c    0000006e     rtsv7M4_T_le_v4SPD16_eabi.lib : _printfi.c.obj (.text:_mcpy)
                  000042da    0000006e                                   : fd_tos_t2.asm.obj (.text)
                  00004348    00000068     grlib.lib : context.obj (.text:GrContextInit)
                  000043b0    00000068     rtsv7M4_T_le_v4SPD16_eabi.lib : copy_decompress_lzss.c.obj (.text:decompress:lzss:__TI_decompress_lzss)
                  00004418    00000064     TempController.obj (.text:ConfigureUART)
                  0000447c    00000064     my_code.obj (.text:IR_Read)
                  000044e0    00000064     rtsv7M4_T_le_v4SPD16_eabi.lib : s_frexp.c.obj (.text:frexp)
                  00004544    00000060     cfal96x64x16.obj (.text:CFAL96x64x16WriteCommand)
                  000045a4    00000060     cfal96x64x16.obj (.text:CFAL96x64x16WriteData)
                  00004604    0000005c     uartstdio.obj (.text:UARTwrite)
                  00004660    0000005a     grlib.lib : string.obj (.text:FontWideGlyphDataGet)
                  000046ba    00000056     rtsv7M4_T_le_v4SPD16_eabi.lib : _printfi.c.obj (.text:_pconv_f)
                  00004710    00000054                                   : ltoa.c.obj (.text:ltoa)
                  00004764    00000052                                   : _printfi.c.obj (.text:_ecpy)
                  000047b6    0000004e     cfal96x64x16.obj (.text:CFAL96x64x16PixelDraw)
                  00004804    0000004c     rtsv7M4_T_le_v4SPD16_eabi.lib : atoi.c.obj (.text:atoi)
                  00004850    0000004c                                   : snprintf.c.obj (.text:snprintf)
                  0000489c    0000004a     grlib.lib : string.obj (.text:UpdateContextCharMapping)
                  000048e6    00000048     rtsv7M4_T_le_v4SPD16_eabi.lib : fd_toi_t2.asm.obj (.text)
                  0000492e    00000044     cfal96x64x16.obj (.text:CFAL96x64x16RectFill)
                  00004972    00000002     --HOLE-- [fill = 0]
                  00004974    00000044     rtsv7M4_T_le_v4SPD16_eabi.lib : autoinit.c.obj (.text:__TI_auto_init_nobinit_nopinit:__TI_auto_init_nobinit_nopinit)
                  000049b8    00000040                                   : u_divt2.asm.obj (.text)
                  000049f8    0000003e                                   : _printfi.c.obj (.text:_fcpy)
                  00004a36    0000003a     grlib.lib : string.obj (.text:FontGlyphDataGet)
                  00004a70    00000038     my_code.obj (.text:ADC0SS0Handler)
                  00004aa8    00000038     rtsv7M4_T_le_v4SPD16_eabi.lib : fs_tod_t2.asm.obj (.text)
                  00004ae0    00000034                                   : boot_cortex_m.c.obj (.text:_c_int00_noargs:_c_int00_noargs)
                  00004b14    00000030                                   : snprintf.c.obj (.text:_outs)
                  00004b44    0000002e     grlib.lib : string.obj (.text:GrStringNextCharGet)
                  00004b72    0000002e     rtsv7M4_T_le_v4SPD16_eabi.lib : i_tofd_t2.asm.obj (.text)
                  00004ba0    0000002c     my_code.obj (.text:UART1IntHandler)
                  00004bcc    0000002a     driverlib.lib : gpio.obj (.text:GPIODirModeSet)
                  00004bf6    00000028     cfal96x64x16.obj (.text:CFAL96x64x16ColorTranslate)
                  00004c1e    00000026     grlib.lib : string.obj (.text:GrFontInfoGet)
                  00004c44    00000024     uartstdio.obj (.text:UARTprintf)
                  00004c68    00000022     grlib.lib : string.obj (.text:GrFontGlyphDataGet)
                  00004c8a    00000020     rtsv7M4_T_le_v4SPD16_eabi.lib : u_tofd_t2.asm.obj (.text)
                  00004caa    0000001e     grlib.lib : string.obj (.text:GrFontCodepageGet)
                  00004cc8    0000001e     rtsv7M4_T_le_v4SPD16_eabi.lib : strcat.c.obj (.text:strcat)
                  00004ce6    0000001c                                   : memccpy.c.obj (.text:memccpy)
                  00004d02    0000001a                                   : s_copysign.c.obj (.text:copysign)
                  00004d1c    00000018                                   : snprintf.c.obj (.text:_outc)
                  00004d34    00000016     grlib.lib : string.obj (.text:GrStringDraw)
                  00004d4a    00000016     rtsv7M4_T_le_v4SPD16_eabi.lib : strchr.c.obj (.text:strchr)
                  00004d60    00000014                                   : strcpy.c.obj (.text:strcpy)
                  00004d74    00000014                                   : strlen.c.obj (.text:strlen)
                  00004d88    00000012     driverlib.lib : gpio.obj (.text:GPIOPinTypeI2CSCL)
                  00004d9a    00000012     rtsv7M4_T_le_v4SPD16_eabi.lib : copy_zero_init.c.obj (.text:decompress:ZI:__TI_zero_init_nomemset:__TI_zero_init_nomemset)
                  00004dac    00000012                                   : wcslen.c.obj (.text:wcslen)
                  00004dbe    0000000e     grlib.lib : image.obj (.text:GrImageDraw)
                  00004dcc    0000000e     rtsv7M4_T_le_v4SPD16_eabi.lib : copy_decompress_none.c.obj (.text:decompress:none:__TI_decompress_none)
                  00004dda    0000000a     cfal96x64x16.obj (.text:CFAL96x64x16Flush)
                  00004de4    00000008     grlib.lib : charmap.obj (.text:GrMapISO8859_1_Unicode)
                  00004dec    00000008     driverlib.lib : i2c.obj (.text:I2CMasterBusy)
                  00004df4    00000008     rtsv7M4_T_le_v4SPD16_eabi.lib : errno.c.obj (.text:__aeabi_errno_addr)
                  00004dfc    00000006     grlib.lib : string.obj (.text:GrContextFontSet)
                  00004e02    00000006     tm4c123gh6pge_startup_ccs.obj (.text:ResetISR)
                  00004e08    00000006     driverlib.lib : uart.obj (.text:UARTClockSourceSet)
                  00004e0e    00000004     rtsv7M4_T_le_v4SPD16_eabi.lib : pre_init.c.obj (.text:_system_pre_init)
                  00004e12    00000004                                   : exit.c.obj (.text:abort:abort)

.const     0    00004e18    00000f58     
                  00004e18    00000a1c     images.obj (.const:.string:g_pui8Image_UTS)
                  00005834    000002f8     grlib.lib : fontfixed6x8.obj (.const:.string:g_pui8FontFixed6x8Data)
                  00005b2c    00000101     rtsv7M4_T_le_v4SPD16_eabi.lib : ctype.c.obj (.const:.string:_ctypes_)
                  00005c2d    00000003     --HOLE-- [fill = 0]
                  00005c30    000000c8     grlib.lib : fontfixed6x8.obj (.const:g_sFontFixed6x8)
                  00005cf8    00000028     cfal96x64x16.obj (.const:g_sCFAL96x64x16)
                  00005d20    00000012     uartstdio.obj (.const:.string)
                  00005d32    00000002     --HOLE-- [fill = 0]
                  00005d34    00000010     grlib.lib : context.obj (.const)
                  00005d44    00000010     my_code.obj (.const)
                  00005d54    0000000c     uartstdio.obj (.const:g_ui32UARTBase)
                  00005d60    0000000c     uartstdio.obj (.const:g_ui32UARTPeriph)
                  00005d6c    00000004     uartstdio.obj (.const)

.cinit     0    00005d70    00000050     
                  00005d70    00000029     (.cinit..data.load) [load image, compression = lzss]
                  00005d99    00000003     --HOLE-- [fill = 0]
                  00005d9c    0000000c     (__TI_handler_table)
                  00005da8    00000008     (.cinit..bss.load) [load image, compression = zero_init]
                  00005db0    00000010     (__TI_cinit_table)

.init_array 
*          0    00000000    00000000     UNINITIALIZED

.bss       0    20001060    00000128     UNINITIALIZED
                  20001060    0000002c     (.common:sContext)
                  2000108c    00000020     (.common:g_pui8Dictionary)
                  200010ac    00000010     (.common:ulADC0_Value)
                  200010bc    0000000c     (.common:ascii_FLT_T)
                  200010c8    0000000c     (.common:ascii_FLT_V)
                  200010d4    0000000c     (.common:ascii_IR_T)
                  200010e0    0000000c     (.common:ascii_KaF)
                  200010ec    0000000c     (.common:ascii_KaH)
                  200010f8    0000000c     (.common:ascii_KbF)
                  20001104    0000000c     (.common:ascii_KbH)
                  20001110    0000000c     (.common:ascii_LSH_T)
                  2000111c    0000000c     (.common:ascii_LSH_V)
                  20001128    0000000c     (.common:ascii_PWMF)
                  20001134    0000000c     (.common:ascii_PWMH)
                  20001140    0000000c     (.common:ascii_REF_T)
                  2000114c    0000000c     (.common:ascii_REF_V)
                  20001158    00000008     (.common:sRect)
                  20001160    00000004     TempController.obj (.bss)
                  20001164    00000004     (.common:ch0T)
                  20001168    00000004     (.common:ch0V)
                  2000116c    00000004     (.common:ch1T)
                  20001170    00000004     (.common:ch1V)
                  20001174    00000004     (.common:ch2T)
                  20001178    00000004     (.common:ch2V)
                  2000117c    00000004     (.common:ch3T)
                  20001180    00000004     (.common:ch3V)
                  20001184    00000004     (.common:g_psGrLibDefaults)

.data      0    20001188    00000048     UNINITIALIZED
                  20001188    00000020     my_code.obj (.data)
                  200011a8    00000013     cfal96x64x16.obj (.data:g_ui8DisplayInitCommands)
                  200011bb    00000007     TempController.obj (.data)
                  200011c2    00000002     --HOLE--
                  200011c4    00000005     uartstdio.obj (.data)
                  200011c9    00000003     --HOLE--
                  200011cc    00000004     rtsv7M4_T_le_v4SPD16_eabi.lib : errno.c.obj (.data)

.stack     0    20000000    00001060     UNINITIALIZED
                  20000000    00000004     rtsv7M4_T_le_v4SPD16_eabi.lib : boot_cortex_m.c.obj (.stack)
                  20000004    0000105c     --HOLE--

MODULE SUMMARY

       Module                          code    ro data   rw data
       ------                          ----    -------   -------
    .\
       TempController.obj              956     0         79     
       tm4c123gh6pge_startup_ccs.obj   12      620       0      
    +--+-------------------------------+-------+---------+---------+
       Total:                          968     620       79     
                                                                
    .\DADSlab\
       my_code.obj                     4184    16        220    
       images.obj                      0       2588      0      
    +--+-------------------------------+-------+---------+---------+
       Total:                          4184    2604      220    
                                                                
    .\drivers\
       cfal96x64x16.obj                1674    40        19     
    +--+-------------------------------+-------+---------+---------+
       Total:                          1674    40        19     
                                                                
    .\utils\
       uartstdio.obj                   1024    46        5      
    +--+-------------------------------+-------+---------+---------+
       Total:                          1024    46        5      
                                                                
    C:/Software/ti/TivaWare_C_Series-2.1.4.178/driverlib/ccs/Debug/driverlib.lib
       gpio.obj                        366     0         0      
       i2c.obj                         8       0         0      
       uart.obj                        6       0         0      
    +--+-------------------------------+-------+---------+---------+
       Total:                          380     0         0      
                                                                
    C:/Software/ti/TivaWare_C_Series-2.1.4.178/grlib/ccs/Debug/grlib.lib
       image.obj                       1658    0         32     
       string.obj                      1186    0         0      
       fontfixed6x8.obj                0       960       0      
       rectangle.obj                   134     0         0      
       context.obj                     104     16        4      
       charmap.obj                     8       0         0      
    +--+-------------------------------+-------+---------+---------+
       Total:                          3090    976       36     
                                                                
    C:\ti\ccs901\ccs\tools\compiler\ti-cgt-arm_18.12.1.LTS\lib\rtsv7M4_T_le_v4SPD16_eabi.lib
       _printfi.c.obj                  4851    0         0      
       fd_add_t2.asm.obj               438     0         0      
       fd_div_t2.asm.obj               310     0         0      
       s_scalbn.c.obj                  272     0         0      
       fd_cmp_t2.asm.obj               268     0         0      
       ctype.c.obj                     0       257       0      
       fd_mul_t2.asm.obj               252     0         0      
       memcpy_t2.asm.obj               156     0         0      
       ull_div_t2.asm.obj              150     0         0      
       snprintf.c.obj                  148     0         0      
       memset_t2.asm.obj               122     0         0      
       fd_tos_t2.asm.obj               110     0         0      
       copy_decompress_lzss.c.obj      104     0         0      
       s_frexp.c.obj                   100     0         0      
       ltoa.c.obj                      84      0         0      
       atoi.c.obj                      76      0         0      
       fd_toi_t2.asm.obj               72      0         0      
       autoinit.c.obj                  68      0         0      
       u_divt2.asm.obj                 64      0         0      
       fs_tod_t2.asm.obj               56      0         0      
       boot_cortex_m.c.obj             52      0         0      
       i_tofd_t2.asm.obj               46      0         0      
       u_tofd_t2.asm.obj               32      0         0      
       strcat.c.obj                    30      0         0      
       memccpy.c.obj                   28      0         0      
       s_copysign.c.obj                26      0         0      
       strchr.c.obj                    22      0         0      
       strcpy.c.obj                    20      0         0      
       strlen.c.obj                    20      0         0      
       copy_zero_init.c.obj            18      0         0      
       wcslen.c.obj                    18      0         0      
       copy_decompress_none.c.obj      14      0         0      
       errno.c.obj                     8       0         4      
       exit.c.obj                      4       0         0      
       pre_init.c.obj                  4       0         0      
       div0.asm.obj                    2       0         0      
    +--+-------------------------------+-------+---------+---------+
       Total:                          8045    257       4      
                                                                
       Stack:                          0       0         4192   
       Linker Generated:               0       77        0      
    +--+-------------------------------+-------+---------+---------+
       Grand Total:                    19365   4620      4555   


LINKER GENERATED COPY TABLES

__TI_cinit_table @ 00005db0 records: 2, size/record: 8, table size: 16
	.data: load addr=00005d70, load size=00000029 bytes, run addr=20001188, run size=00000048 bytes, compression=lzss
	.bss: load addr=00005da8, load size=00000008 bytes, run addr=20001060, run size=00000128 bytes, compression=zero_init


LINKER GENERATED HANDLER TABLE

__TI_handler_table @ 00005d9c records: 3, size/record: 4, table size: 12
	index: 0, handler: __TI_decompress_lzss
	index: 1, handler: __TI_decompress_none
	index: 2, handler: __TI_zero_init


GLOBAL SYMBOLS: SORTED ALPHABETICALLY BY Name 

address   name                          
-------   ----                          
00004a71  ADC0SS0Handler                
200011be  ADC_done                      
00004e13  C$$EXIT                       
00002a55  CFAL96x64x16Init              
00004419  ConfigureUART                 
20001190  DT                            
00004bcd  GPIODirModeSet                
00003173  GPIOPadConfigSet              
00004d89  GPIOPinTypeI2CSCL             
00004dfd  GrContextFontSet              
00004349  GrContextInit                 
00003b91  GrDefaultStringRenderer       
00004cab  GrFontCodepageGet             
00004c69  GrFontGlyphDataGet            
00002225  GrFontGlyphRender             
00004c1f  GrFontInfoGet                 
00004dbf  GrImageDraw                   
00004de5  GrMapISO8859_1_Unicode        
00003eed  GrRectFill                    
00004d35  GrStringDraw                  
00004b45  GrStringNextCharGet           
00004ded  I2CMasterBusy                 
0000447d  IR_Read                       
000034e5  InitADC                       
00004081  InitI2C1                      
00002dc5  InitPWM                       
00003ab9  InitTimerPWM                  
000033c9  InitUART1                     
00005d50  KIF                           
00005d48  KIH                           
00005d4c  KPF                           
00005d44  KPH                           
00001cf9  PID_controller                
00004e03  ResetISR                      
00003905  SendPacket                    
00004101  SysTickIntHandler             
00004ba1  UART1IntHandler               
00004e09  UARTClockSourceSet            
000041f9  UARTStdioConfig               
00004c45  UARTprintf                    
00001419  UARTvprintf                   
00004605  UARTwrite                     
00000cbd  UpdateScreen                  
20001060  __STACK_END                   
00001060  __STACK_SIZE                  
20000200  __STACK_TOP                   
00005db0  __TI_CINIT_Base               
00005dc0  __TI_CINIT_Limit              
00005d9c  __TI_Handler_Table_Base       
00005da8  __TI_Handler_Table_Limit      
00004975  __TI_auto_init_nobinit_nopinit
000043b1  __TI_decompress_lzss          
00004dcd  __TI_decompress_none          
ffffffff  __TI_pprof_out_hndl           
0000026d  __TI_printfi                  
ffffffff  __TI_prof_data_size           
ffffffff  __TI_prof_data_start          
00000000  __TI_static_base__            
00004d9b  __TI_zero_init_nomemset       
00003f73  __aeabi_cdcmpeq               
00003f73  __aeabi_cdcmple               
00003ff9  __aeabi_cdrcmple              
000042db  __aeabi_d2f                   
000048e7  __aeabi_d2iz                  
00002c17  __aeabi_dadd                  
0000303d  __aeabi_ddiv                  
00003809  __aeabi_dmul                  
00002c0d  __aeabi_dsub                  
00004df5  __aeabi_errno_addr            
00004aa9  __aeabi_f2d                   
00004b73  __aeabi_i2d                   
0000407f  __aeabi_idiv0                 
0000407f  __aeabi_ldiv0                 
0000417d  __aeabi_memclr                
0000417d  __aeabi_memclr4               
0000417d  __aeabi_memclr8               
00003dbb  __aeabi_memcpy                
00003dbb  __aeabi_memcpy4               
00003dbb  __aeabi_memcpy8               
0000417f  __aeabi_memset                
0000417f  __aeabi_memset4               
0000417f  __aeabi_memset8               
00004c8b  __aeabi_ui2d                  
000049b9  __aeabi_uidiv                 
000049b9  __aeabi_uidivmod              
00003e57  __aeabi_uldivmod              
ffffffff  __binit__                     
ffffffff  __c_args__                    
UNDEFED   __mpu_init                    
20000000  __stack                       
00004ae1  _c_int00_noargs               
00005b2c  _ctypes_                      
UNDEFED   _system_post_cinit            
00004e0f  _system_pre_init              
00004e13  abort                         
00002479  adc2ASCII                     
200010bc  ascii_FLT_T                   
200010c8  ascii_FLT_V                   
200010d4  ascii_IR_T                    
200010e0  ascii_KaF                     
200010ec  ascii_KaH                     
200010f8  ascii_KbF                     
20001104  ascii_KbH                     
20001110  ascii_LSH_T                   
2000111c  ascii_LSH_V                   
20001128  ascii_PWMF                    
20001134  ascii_PWMH                    
20001140  ascii_REF_T                   
2000114c  ascii_REF_V                   
00004805  atoi                          
ffffffff  binit                         
20001164  ch0T                          
20001168  ch0V                          
2000116c  ch1T                          
20001170  ch1V                          
20001174  ch2T                          
20001178  ch2V                          
2000117c  ch3T                          
20001180  ch3V                          
200011c0  controller_time               
00004d03  copysign                      
00004d03  copysignl                     
200011bb  counter_for_ADC               
200011bc  counter_for_controller        
200011bd  counter_for_packet            
200011cc  errno                         
000044e1  frexp                         
000044e1  frexpl                        
00000000  g_pfnVectors                  
00005d34  g_psDefaultCodePointMapTable  
00004e18  g_pui8Image_UTS               
00005cf8  g_sCFAL96x64x16               
00005c30  g_sFontFixed6x8               
00003709  i2c_string                    
2000118c  integral                      
000035f9  ldexp                         
000035f9  ldexpl                        
00004711  ltoa                          
00001a1d  main                          
00004ce7  memccpy                       
00003dbb  memcpy                        
00004185  memset                        
200011c1  packet_time                   
20001188  previous_error                
20001060  sContext                      
20001158  sRect                         
000035f9  scalbn                        
000035f9  scalbnl                       
00004851  snprintf                      
00004cc9  strcat                        
00004d4b  strchr                        
00004d61  strcpy                        
00004d75  strlen                        
200011bf  timer_tick                    
200010ac  ulADC0_Value                  
00004dad  wcslen                        


GLOBAL SYMBOLS: SORTED BY Symbol Address 

address   name                          
-------   ----                          
00000000  __TI_static_base__            
00000000  g_pfnVectors                  
0000026d  __TI_printfi                  
00000cbd  UpdateScreen                  
00001060  __STACK_SIZE                  
00001419  UARTvprintf                   
00001a1d  main                          
00001cf9  PID_controller                
00002225  GrFontGlyphRender             
00002479  adc2ASCII                     
00002a55  CFAL96x64x16Init              
00002c0d  __aeabi_dsub                  
00002c17  __aeabi_dadd                  
00002dc5  InitPWM                       
0000303d  __aeabi_ddiv                  
00003173  GPIOPadConfigSet              
000033c9  InitUART1                     
000034e5  InitADC                       
000035f9  ldexp                         
000035f9  ldexpl                        
000035f9  scalbn                        
000035f9  scalbnl                       
00003709  i2c_string                    
00003809  __aeabi_dmul                  
00003905  SendPacket                    
00003ab9  InitTimerPWM                  
00003b91  GrDefaultStringRenderer       
00003dbb  __aeabi_memcpy                
00003dbb  __aeabi_memcpy4               
00003dbb  __aeabi_memcpy8               
00003dbb  memcpy                        
00003e57  __aeabi_uldivmod              
00003eed  GrRectFill                    
00003f73  __aeabi_cdcmpeq               
00003f73  __aeabi_cdcmple               
00003ff9  __aeabi_cdrcmple              
0000407f  __aeabi_idiv0                 
0000407f  __aeabi_ldiv0                 
00004081  InitI2C1                      
00004101  SysTickIntHandler             
0000417d  __aeabi_memclr                
0000417d  __aeabi_memclr4               
0000417d  __aeabi_memclr8               
0000417f  __aeabi_memset                
0000417f  __aeabi_memset4               
0000417f  __aeabi_memset8               
00004185  memset                        
000041f9  UARTStdioConfig               
000042db  __aeabi_d2f                   
00004349  GrContextInit                 
000043b1  __TI_decompress_lzss          
00004419  ConfigureUART                 
0000447d  IR_Read                       
000044e1  frexp                         
000044e1  frexpl                        
00004605  UARTwrite                     
00004711  ltoa                          
00004805  atoi                          
00004851  snprintf                      
000048e7  __aeabi_d2iz                  
00004975  __TI_auto_init_nobinit_nopinit
000049b9  __aeabi_uidiv                 
000049b9  __aeabi_uidivmod              
00004a71  ADC0SS0Handler                
00004aa9  __aeabi_f2d                   
00004ae1  _c_int00_noargs               
00004b45  GrStringNextCharGet           
00004b73  __aeabi_i2d                   
00004ba1  UART1IntHandler               
00004bcd  GPIODirModeSet                
00004c1f  GrFontInfoGet                 
00004c45  UARTprintf                    
00004c69  GrFontGlyphDataGet            
00004c8b  __aeabi_ui2d                  
00004cab  GrFontCodepageGet             
00004cc9  strcat                        
00004ce7  memccpy                       
00004d03  copysign                      
00004d03  copysignl                     
00004d35  GrStringDraw                  
00004d4b  strchr                        
00004d61  strcpy                        
00004d75  strlen                        
00004d89  GPIOPinTypeI2CSCL             
00004d9b  __TI_zero_init_nomemset       
00004dad  wcslen                        
00004dbf  GrImageDraw                   
00004dcd  __TI_decompress_none          
00004de5  GrMapISO8859_1_Unicode        
00004ded  I2CMasterBusy                 
00004df5  __aeabi_errno_addr            
00004dfd  GrContextFontSet              
00004e03  ResetISR                      
00004e09  UARTClockSourceSet            
00004e0f  _system_pre_init              
00004e13  C$$EXIT                       
00004e13  abort                         
00004e18  g_pui8Image_UTS               
00005b2c  _ctypes_                      
00005c30  g_sFontFixed6x8               
00005cf8  g_sCFAL96x64x16               
00005d34  g_psDefaultCodePointMapTable  
00005d44  KPH                           
00005d48  KIH                           
00005d4c  KPF                           
00005d50  KIF                           
00005d9c  __TI_Handler_Table_Base       
00005da8  __TI_Handler_Table_Limit      
00005db0  __TI_CINIT_Base               
00005dc0  __TI_CINIT_Limit              
20000000  __stack                       
20000200  __STACK_TOP                   
20001060  __STACK_END                   
20001060  sContext                      
200010ac  ulADC0_Value                  
200010bc  ascii_FLT_T                   
200010c8  ascii_FLT_V                   
200010d4  ascii_IR_T                    
200010e0  ascii_KaF                     
200010ec  ascii_KaH                     
200010f8  ascii_KbF                     
20001104  ascii_KbH                     
20001110  ascii_LSH_T                   
2000111c  ascii_LSH_V                   
20001128  ascii_PWMF                    
20001134  ascii_PWMH                    
20001140  ascii_REF_T                   
2000114c  ascii_REF_V                   
20001158  sRect                         
20001164  ch0T                          
20001168  ch0V                          
2000116c  ch1T                          
20001170  ch1V                          
20001174  ch2T                          
20001178  ch2V                          
2000117c  ch3T                          
20001180  ch3V                          
20001188  previous_error                
2000118c  integral                      
20001190  DT                            
200011bb  counter_for_ADC               
200011bc  counter_for_controller        
200011bd  counter_for_packet            
200011be  ADC_done                      
200011bf  timer_tick                    
200011c0  controller_time               
200011c1  packet_time                   
200011cc  errno                         
ffffffff  __TI_pprof_out_hndl           
ffffffff  __TI_prof_data_size           
ffffffff  __TI_prof_data_start          
ffffffff  __binit__                     
ffffffff  __c_args__                    
ffffffff  binit                         
UNDEFED   __mpu_init                    
UNDEFED   _system_post_cinit            

[156 symbols]
