******************************************************************************
                  TI ARM Linker PC v18.12.1                    
******************************************************************************
>> Linked Sat May 25 12:27:20 2019

OUTPUT FILE NAME:   <TempController_template.out>
ENTRY POINT SYMBOL: "_c_int00_noargs"  address: 000045f9


MEMORY CONFIGURATION

         name            origin    length      used     unused   attr    fill
----------------------  --------  ---------  --------  --------  ----  --------
  FLASH                 00000000   00040000  000058be  0003a742  R  X
  SRAM                  20000000   00008000  00001180  00006e80  RW X


SEGMENT ALLOCATION MAP

run origin  load origin   length   init length attrs members
----------  ----------- ---------- ----------- ----- -------
00000000    00000000    000058c0   000058c0    r-x
  00000000    00000000    0000026c   0000026c    r-- .intvecs
  0000026c    0000026c    000046c2   000046c2    r-x .text
  00004930    00004930    00000f48   00000f48    r-- .const
  00005878    00005878    00000048   00000048    r-- .cinit
20000000    20000000    00001180   00000000    rw-
  20000000    20000000    00001060   00000000    rw- .stack
  20001060    20001060    000000f8   00000000    rw- .bss
  20001158    20001158    00000028   00000000    rw- .data


SECTION ALLOCATION MAP

 output                                  attributes/
section   page    origin      length       input sections
--------  ----  ----------  ----------   ----------------
.intvecs   0    00000000    0000026c     
                  00000000    0000026c     tm4c123gh6pge_startup_ccs.obj (.intvecs)

.text      0    0000026c    000046c2     
                  0000026c    00000a4e     rtsv7M4_T_le_v4SPD16_eabi.lib : _printfi.c.obj (.text:__TI_printfi)
                  00000cba    00000002     tm4c123gh6pge_startup_ccs.obj (.text:FaultISR)
                  00000cbc    00000374     grlib.lib : image.obj (.text:InternalImageDraw)
                  00001030    0000030c     uartstdio.obj (.text:UARTvprintf)
                  0000133c    000002f8     grlib.lib : image.obj (.text:PixelTransparentDraw)
                  00001634    000002d8     TempController.obj (.text:main)
                  0000190c    00000270     rtsv7M4_T_le_v4SPD16_eabi.lib : _printfi.c.obj (.text:_pconv_a)
                  00001b7c    00000254     grlib.lib : string.obj (.text:GrFontGlyphRender)
                  00001dd0    00000230     my_code.obj (.text:adc2ASCII)
                  00002000    000001d0     rtsv7M4_T_le_v4SPD16_eabi.lib : _printfi.c.obj (.text:_pconv_g)
                  000021d0    000001be     cfal96x64x16.obj (.text:CFAL96x64x16PixelDrawMultiple)
                  0000238e    00000002     tm4c123gh6pge_startup_ccs.obj (.text:IntDefaultHandler)
                  00002390    000001b8     cfal96x64x16.obj (.text:CFAL96x64x16Init)
                  00002548    000001b6     rtsv7M4_T_le_v4SPD16_eabi.lib : fd_add_t2.asm.obj (.text)
                  000026fe    00000002     tm4c123gh6pge_startup_ccs.obj (.text:NmiSR)
                  00002700    0000013c     my_code.obj (.text:InitPWM)
                  0000283c    0000013c     rtsv7M4_T_le_v4SPD16_eabi.lib : _printfi.c.obj (.text:_pconv_e)
                  00002978    00000136                                   : fd_div_t2.asm.obj (.text)
                  00002aae    00000132     driverlib.lib : gpio.obj (.text:GPIOPadConfigSet)
                  00002be0    00000124     rtsv7M4_T_le_v4SPD16_eabi.lib : _printfi.c.obj (.text:fcvt)
                  00002d04    0000011c     my_code.obj (.text:InitUART1)
                  00002e20    00000114     my_code.obj (.text:InitADC)
                  00002f34    00000110     rtsv7M4_T_le_v4SPD16_eabi.lib : s_scalbn.c.obj (.text:scalbn)
                  00003044    0000010c     my_code.obj (.text:PID_controller)
                  00003150    00000100     my_code.obj (.text:i2c_string)
                  00003250    000000fc     rtsv7M4_T_le_v4SPD16_eabi.lib : fd_mul_t2.asm.obj (.text)
                  0000334c    000000f0     my_code.obj (.text:UpdateScreen)
                  0000343c    000000dc     my_code.obj (.text:SendPacket)
                  00003518    000000d8     cfal96x64x16.obj (.text:CFAL96x64x16LineDrawV)
                  000035f0    000000d8     my_code.obj (.text:InitTimerPWM)
                  000036c8    000000c0     grlib.lib : string.obj (.text:GrDefaultStringRenderer)
                  00003788    000000b8     cfal96x64x16.obj (.text:CFAL96x64x16LineDrawH)
                  00003840    000000b1     rtsv7M4_T_le_v4SPD16_eabi.lib : _printfi.c.obj (.text:_ltostr)
                  000038f1    00000001     --HOLE-- [fill = 0]
                  000038f2    0000009c                                   : memcpy_t2.asm.obj (.text)
                  0000398e    00000096                                   : ull_div_t2.asm.obj (.text)
                  00003a24    00000086     grlib.lib : rectangle.obj (.text:GrRectFill)
                  00003aaa    00000086     rtsv7M4_T_le_v4SPD16_eabi.lib : fd_cmp_t2.asm.obj (.text:__aeabi_cdcmple)
                  00003b30    00000086                                   : fd_cmp_t2.asm.obj (.text:__aeabi_cdrcmple)
                  00003bb6    00000002                                   : div0.asm.obj (.text)
                  00003bb8    00000080     my_code.obj (.text:InitI2C1)
                  00003c38    0000007a     rtsv7M4_T_le_v4SPD16_eabi.lib : memset_t2.asm.obj (.text)
                  00003cb2    00000002     --HOLE-- [fill = 0]
                  00003cb4    00000074     uartstdio.obj (.text:UARTStdioConfig)
                  00003d28    0000006e     rtsv7M4_T_le_v4SPD16_eabi.lib : _printfi.c.obj (.text:_mcpy)
                  00003d96    0000006e                                   : fd_tos_t2.asm.obj (.text)
                  00003e04    00000068     grlib.lib : context.obj (.text:GrContextInit)
                  00003e6c    00000068     rtsv7M4_T_le_v4SPD16_eabi.lib : copy_decompress_lzss.c.obj (.text:decompress:lzss:__TI_decompress_lzss)
                  00003ed4    00000064     TempController.obj (.text:ConfigureUART)
                  00003f38    00000064     my_code.obj (.text:IR_Read)
                  00003f9c    00000064     rtsv7M4_T_le_v4SPD16_eabi.lib : s_frexp.c.obj (.text:frexp)
                  00004000    00000060     cfal96x64x16.obj (.text:CFAL96x64x16WriteCommand)
                  00004060    00000060     cfal96x64x16.obj (.text:CFAL96x64x16WriteData)
                  000040c0    0000005c     uartstdio.obj (.text:UARTwrite)
                  0000411c    0000005a     grlib.lib : string.obj (.text:FontWideGlyphDataGet)
                  00004176    00000002     --HOLE-- [fill = 0]
                  00004178    00000058     TempController.obj (.text:SysTickIntHandler)
                  000041d0    00000056     rtsv7M4_T_le_v4SPD16_eabi.lib : _printfi.c.obj (.text:_pconv_f)
                  00004226    00000054                                   : ltoa.c.obj (.text:ltoa)
                  0000427a    00000052                                   : _printfi.c.obj (.text:_ecpy)
                  000042cc    0000004e     cfal96x64x16.obj (.text:CFAL96x64x16PixelDraw)
                  0000431a    00000002     --HOLE-- [fill = 0]
                  0000431c    0000004c     rtsv7M4_T_le_v4SPD16_eabi.lib : atoi.c.obj (.text:atoi)
                  00004368    0000004c                                   : snprintf.c.obj (.text:snprintf)
                  000043b4    0000004a     grlib.lib : string.obj (.text:UpdateContextCharMapping)
                  000043fe    00000048     rtsv7M4_T_le_v4SPD16_eabi.lib : fd_toi_t2.asm.obj (.text)
                  00004446    00000044     cfal96x64x16.obj (.text:CFAL96x64x16RectFill)
                  0000448a    00000002     --HOLE-- [fill = 0]
                  0000448c    00000044     rtsv7M4_T_le_v4SPD16_eabi.lib : autoinit.c.obj (.text:__TI_auto_init_nobinit_nopinit:__TI_auto_init_nobinit_nopinit)
                  000044d0    00000040                                   : u_divt2.asm.obj (.text)
                  00004510    0000003e                                   : _printfi.c.obj (.text:_fcpy)
                  0000454e    0000003a     grlib.lib : string.obj (.text:FontGlyphDataGet)
                  00004588    00000038     my_code.obj (.text:ADC0SS0Handler)
                  000045c0    00000038     rtsv7M4_T_le_v4SPD16_eabi.lib : fs_tod_t2.asm.obj (.text)
                  000045f8    00000034                                   : boot_cortex_m.c.obj (.text:_c_int00_noargs:_c_int00_noargs)
                  0000462c    00000030                                   : snprintf.c.obj (.text:_outs)
                  0000465c    0000002e     grlib.lib : string.obj (.text:GrStringNextCharGet)
                  0000468a    0000002e     rtsv7M4_T_le_v4SPD16_eabi.lib : i_tofd_t2.asm.obj (.text)
                  000046b8    0000002c     my_code.obj (.text:UART1IntHandler)
                  000046e4    0000002a     driverlib.lib : gpio.obj (.text:GPIODirModeSet)
                  0000470e    00000028     cfal96x64x16.obj (.text:CFAL96x64x16ColorTranslate)
                  00004736    00000026     grlib.lib : string.obj (.text:GrFontInfoGet)
                  0000475c    00000024     uartstdio.obj (.text:UARTprintf)
                  00004780    00000022     grlib.lib : string.obj (.text:GrFontGlyphDataGet)
                  000047a2    00000020     rtsv7M4_T_le_v4SPD16_eabi.lib : u_tofd_t2.asm.obj (.text)
                  000047c2    0000001e     grlib.lib : string.obj (.text:GrFontCodepageGet)
                  000047e0    0000001e     rtsv7M4_T_le_v4SPD16_eabi.lib : strcat.c.obj (.text:strcat)
                  000047fe    0000001c                                   : memccpy.c.obj (.text:memccpy)
                  0000481a    0000001a                                   : s_copysign.c.obj (.text:copysign)
                  00004834    00000018                                   : snprintf.c.obj (.text:_outc)
                  0000484c    00000016     grlib.lib : string.obj (.text:GrStringDraw)
                  00004862    00000016     rtsv7M4_T_le_v4SPD16_eabi.lib : strchr.c.obj (.text:strchr)
                  00004878    00000014                                   : strcpy.c.obj (.text:strcpy)
                  0000488c    00000014                                   : strlen.c.obj (.text:strlen)
                  000048a0    00000012     driverlib.lib : gpio.obj (.text:GPIOPinTypeI2CSCL)
                  000048b2    00000012     rtsv7M4_T_le_v4SPD16_eabi.lib : copy_zero_init.c.obj (.text:decompress:ZI:__TI_zero_init_nomemset:__TI_zero_init_nomemset)
                  000048c4    00000012                                   : wcslen.c.obj (.text:wcslen)
                  000048d6    0000000e     grlib.lib : image.obj (.text:GrImageDraw)
                  000048e4    0000000e     rtsv7M4_T_le_v4SPD16_eabi.lib : copy_decompress_none.c.obj (.text:decompress:none:__TI_decompress_none)
                  000048f2    0000000a     cfal96x64x16.obj (.text:CFAL96x64x16Flush)
                  000048fc    00000008     grlib.lib : charmap.obj (.text:GrMapISO8859_1_Unicode)
                  00004904    00000008     driverlib.lib : i2c.obj (.text:I2CMasterBusy)
                  0000490c    00000008     rtsv7M4_T_le_v4SPD16_eabi.lib : errno.c.obj (.text:__aeabi_errno_addr)
                  00004914    00000006     grlib.lib : string.obj (.text:GrContextFontSet)
                  0000491a    00000006     tm4c123gh6pge_startup_ccs.obj (.text:ResetISR)
                  00004920    00000006     driverlib.lib : uart.obj (.text:UARTClockSourceSet)
                  00004926    00000004     rtsv7M4_T_le_v4SPD16_eabi.lib : pre_init.c.obj (.text:_system_pre_init)
                  0000492a    00000004                                   : exit.c.obj (.text:abort:abort)

.const     0    00004930    00000f48     
                  00004930    00000a1c     images.obj (.const:.string:g_pui8Image_UTS)
                  0000534c    000002f8     grlib.lib : fontfixed6x8.obj (.const:.string:g_pui8FontFixed6x8Data)
                  00005644    00000101     rtsv7M4_T_le_v4SPD16_eabi.lib : ctype.c.obj (.const:.string:_ctypes_)
                  00005745    00000003     --HOLE-- [fill = 0]
                  00005748    000000c8     grlib.lib : fontfixed6x8.obj (.const:g_sFontFixed6x8)
                  00005810    00000028     cfal96x64x16.obj (.const:g_sCFAL96x64x16)
                  00005838    00000012     uartstdio.obj (.const:.string)
                  0000584a    00000002     --HOLE-- [fill = 0]
                  0000584c    00000010     grlib.lib : context.obj (.const)
                  0000585c    0000000c     uartstdio.obj (.const:g_ui32UARTBase)
                  00005868    0000000c     uartstdio.obj (.const:g_ui32UARTPeriph)
                  00005874    00000004     uartstdio.obj (.const)

.cinit     0    00005878    00000048     
                  00005878    0000001d     (.cinit..data.load) [load image, compression = lzss]
                  00005895    00000003     --HOLE-- [fill = 0]
                  00005898    0000000c     (__TI_handler_table)
                  000058a4    00000004     --HOLE-- [fill = 0]
                  000058a8    00000008     (.cinit..bss.load) [load image, compression = zero_init]
                  000058b0    00000010     (__TI_cinit_table)

.init_array 
*          0    00000000    00000000     UNINITIALIZED

.bss       0    20001060    000000f8     UNINITIALIZED
                  20001060    0000002c     (.common:sContext)
                  2000108c    00000020     (.common:g_pui8Dictionary)
                  200010ac    00000010     (.common:ulADC0_Value)
                  200010bc    0000000c     (.common:ascii_FLT_T)
                  200010c8    0000000c     (.common:ascii_FLT_V)
                  200010d4    0000000c     (.common:ascii_IR_T)
                  200010e0    0000000c     (.common:ascii_LSH_T)
                  200010ec    0000000c     (.common:ascii_LSH_V)
                  200010f8    0000000c     (.common:ascii_PWMF)
                  20001104    0000000c     (.common:ascii_PWMH)
                  20001110    0000000c     (.common:ascii_REF_T)
                  2000111c    0000000c     (.common:ascii_REF_V)
                  20001128    00000008     (.common:sRect)
                  20001130    00000004     TempController.obj (.bss)
                  20001134    00000004     (.common:ch0T)
                  20001138    00000004     (.common:ch0V)
                  2000113c    00000004     (.common:ch1T)
                  20001140    00000004     (.common:ch1V)
                  20001144    00000004     (.common:ch2T)
                  20001148    00000004     (.common:ch2V)
                  2000114c    00000004     (.common:ch3T)
                  20001150    00000004     (.common:ch3V)
                  20001154    00000004     (.common:g_psGrLibDefaults)

.data      0    20001158    00000028     UNINITIALIZED
                  20001158    00000013     cfal96x64x16.obj (.data:g_ui8DisplayInitCommands)
                  2000116b    00000007     TempController.obj (.data)
                  20001172    00000002     --HOLE--
                  20001174    00000005     uartstdio.obj (.data)
                  20001179    00000003     --HOLE--
                  2000117c    00000004     rtsv7M4_T_le_v4SPD16_eabi.lib : errno.c.obj (.data)

.stack     0    20000000    00001060     UNINITIALIZED
                  20000000    00000004     rtsv7M4_T_le_v4SPD16_eabi.lib : boot_cortex_m.c.obj (.stack)
                  20000004    0000105c     --HOLE--

MODULE SUMMARY

       Module                          code    ro data   rw data
       ------                          ----    -------   -------
    .\
       TempController.obj              916     0         79     
       tm4c123gh6pge_startup_ccs.obj   12      620       0      
    +--+-------------------------------+-------+---------+---------+
       Total:                          928     620       79     
                                                                
    .\DADSlab\
       my_code.obj                     2964    0         140    
       images.obj                      0       2588      0      
    +--+-------------------------------+-------+---------+---------+
       Total:                          2964    2588      140    
                                                                
    .\drivers\
       cfal96x64x16.obj                1674    40        19     
    +--+-------------------------------+-------+---------+---------+
       Total:                          1674    40        19     
                                                                
    .\utils\
       uartstdio.obj                   1024    46        5      
    +--+-------------------------------+-------+---------+---------+
       Total:                          1024    46        5      
                                                                
    C:/Software/ti/TivaWare_C_Series-2.1.4.178/driverlib/ccs/Debug/driverlib.lib
       gpio.obj                        366     0         0      
       i2c.obj                         8       0         0      
       uart.obj                        6       0         0      
    +--+-------------------------------+-------+---------+---------+
       Total:                          380     0         0      
                                                                
    C:/Software/ti/TivaWare_C_Series-2.1.4.178/grlib/ccs/Debug/grlib.lib
       image.obj                       1658    0         32     
       string.obj                      1186    0         0      
       fontfixed6x8.obj                0       960       0      
       rectangle.obj                   134     0         0      
       context.obj                     104     16        4      
       charmap.obj                     8       0         0      
    +--+-------------------------------+-------+---------+---------+
       Total:                          3090    976       36     
                                                                
    C:\ti\ccs901\ccs\tools\compiler\ti-cgt-arm_18.12.1.LTS\lib\rtsv7M4_T_le_v4SPD16_eabi.lib
       _printfi.c.obj                  4851    0         0      
       fd_add_t2.asm.obj               438     0         0      
       fd_div_t2.asm.obj               310     0         0      
       s_scalbn.c.obj                  272     0         0      
       fd_cmp_t2.asm.obj               268     0         0      
       ctype.c.obj                     0       257       0      
       fd_mul_t2.asm.obj               252     0         0      
       memcpy_t2.asm.obj               156     0         0      
       ull_div_t2.asm.obj              150     0         0      
       snprintf.c.obj                  148     0         0      
       memset_t2.asm.obj               122     0         0      
       fd_tos_t2.asm.obj               110     0         0      
       copy_decompress_lzss.c.obj      104     0         0      
       s_frexp.c.obj                   100     0         0      
       ltoa.c.obj                      84      0         0      
       atoi.c.obj                      76      0         0      
       fd_toi_t2.asm.obj               72      0         0      
       autoinit.c.obj                  68      0         0      
       u_divt2.asm.obj                 64      0         0      
       fs_tod_t2.asm.obj               56      0         0      
       boot_cortex_m.c.obj             52      0         0      
       i_tofd_t2.asm.obj               46      0         0      
       u_tofd_t2.asm.obj               32      0         0      
       strcat.c.obj                    30      0         0      
       memccpy.c.obj                   28      0         0      
       s_copysign.c.obj                26      0         0      
       strchr.c.obj                    22      0         0      
       strcpy.c.obj                    20      0         0      
       strlen.c.obj                    20      0         0      
       copy_zero_init.c.obj            18      0         0      
       wcslen.c.obj                    18      0         0      
       copy_decompress_none.c.obj      14      0         0      
       errno.c.obj                     8       0         4      
       exit.c.obj                      4       0         0      
       pre_init.c.obj                  4       0         0      
       div0.asm.obj                    2       0         0      
    +--+-------------------------------+-------+---------+---------+
       Total:                          8045    257       4      
                                                                
       Stack:                          0       0         4192   
       Linker Generated:               0       65        0      
    +--+-------------------------------+-------+---------+---------+
       Grand Total:                    18105   4592      4475   


LINKER GENERATED COPY TABLES

__TI_cinit_table @ 000058b0 records: 2, size/record: 8, table size: 16
	.data: load addr=00005878, load size=0000001d bytes, run addr=20001158, run size=00000028 bytes, compression=lzss
	.bss: load addr=000058a8, load size=00000008 bytes, run addr=20001060, run size=000000f8 bytes, compression=zero_init


LINKER GENERATED HANDLER TABLE

__TI_handler_table @ 00005898 records: 3, size/record: 4, table size: 12
	index: 0, handler: __TI_decompress_lzss
	index: 1, handler: __TI_decompress_none
	index: 2, handler: __TI_zero_init


GLOBAL SYMBOLS: SORTED ALPHABETICALLY BY Name 

address   name                          
-------   ----                          
00004589  ADC0SS0Handler                
2000116e  ADC_done                      
0000492b  C$$EXIT                       
00002391  CFAL96x64x16Init              
00003ed5  ConfigureUART                 
000046e5  GPIODirModeSet                
00002aaf  GPIOPadConfigSet              
000048a1  GPIOPinTypeI2CSCL             
00004915  GrContextFontSet              
00003e05  GrContextInit                 
000036c9  GrDefaultStringRenderer       
000047c3  GrFontCodepageGet             
00004781  GrFontGlyphDataGet            
00001b7d  GrFontGlyphRender             
00004737  GrFontInfoGet                 
000048d7  GrImageDraw                   
000048fd  GrMapISO8859_1_Unicode        
00003a25  GrRectFill                    
0000484d  GrStringDraw                  
0000465d  GrStringNextCharGet           
00004905  I2CMasterBusy                 
00003f39  IR_Read                       
00002e21  InitADC                       
00003bb9  InitI2C1                      
00002701  InitPWM                       
000035f1  InitTimerPWM                  
00002d05  InitUART1                     
00003045  PID_controller                
0000491b  ResetISR                      
0000343d  SendPacket                    
00004179  SysTickIntHandler             
000046b9  UART1IntHandler               
00004921  UARTClockSourceSet            
00003cb5  UARTStdioConfig               
0000475d  UARTprintf                    
00001031  UARTvprintf                   
000040c1  UARTwrite                     
0000334d  UpdateScreen                  
20001060  __STACK_END                   
00001060  __STACK_SIZE                  
20000200  __STACK_TOP                   
000058b0  __TI_CINIT_Base               
000058c0  __TI_CINIT_Limit              
00005898  __TI_Handler_Table_Base       
000058a4  __TI_Handler_Table_Limit      
0000448d  __TI_auto_init_nobinit_nopinit
00003e6d  __TI_decompress_lzss          
000048e5  __TI_decompress_none          
ffffffff  __TI_pprof_out_hndl           
0000026d  __TI_printfi                  
ffffffff  __TI_prof_data_size           
ffffffff  __TI_prof_data_start          
00000000  __TI_static_base__            
000048b3  __TI_zero_init_nomemset       
00003aab  __aeabi_cdcmpeq               
00003aab  __aeabi_cdcmple               
00003b31  __aeabi_cdrcmple              
00003d97  __aeabi_d2f                   
000043ff  __aeabi_d2iz                  
00002553  __aeabi_dadd                  
00002979  __aeabi_ddiv                  
00003251  __aeabi_dmul                  
00002549  __aeabi_dsub                  
0000490d  __aeabi_errno_addr            
000045c1  __aeabi_f2d                   
0000468b  __aeabi_i2d                   
00003bb7  __aeabi_idiv0                 
00003bb7  __aeabi_ldiv0                 
00003c39  __aeabi_memclr                
00003c39  __aeabi_memclr4               
00003c39  __aeabi_memclr8               
000038f3  __aeabi_memcpy                
000038f3  __aeabi_memcpy4               
000038f3  __aeabi_memcpy8               
00003c3b  __aeabi_memset                
00003c3b  __aeabi_memset4               
00003c3b  __aeabi_memset8               
000047a3  __aeabi_ui2d                  
000044d1  __aeabi_uidiv                 
000044d1  __aeabi_uidivmod              
0000398f  __aeabi_uldivmod              
ffffffff  __binit__                     
ffffffff  __c_args__                    
UNDEFED   __mpu_init                    
20000000  __stack                       
000045f9  _c_int00_noargs               
00005644  _ctypes_                      
UNDEFED   _system_post_cinit            
00004927  _system_pre_init              
0000492b  abort                         
00001dd1  adc2ASCII                     
200010bc  ascii_FLT_T                   
200010c8  ascii_FLT_V                   
200010d4  ascii_IR_T                    
200010e0  ascii_LSH_T                   
200010ec  ascii_LSH_V                   
200010f8  ascii_PWMF                    
20001104  ascii_PWMH                    
20001110  ascii_REF_T                   
2000111c  ascii_REF_V                   
0000431d  atoi                          
ffffffff  binit                         
20001134  ch0T                          
20001138  ch0V                          
2000113c  ch1T                          
20001140  ch1V                          
20001144  ch2T                          
20001148  ch2V                          
2000114c  ch3T                          
20001150  ch3V                          
20001170  controller_time               
0000481b  copysign                      
0000481b  copysignl                     
2000116b  counter_for_ADC               
2000116c  counter_for_controller        
2000116d  counter_for_packet            
2000117c  errno                         
00003f9d  frexp                         
00003f9d  frexpl                        
00000000  g_pfnVectors                  
0000584c  g_psDefaultCodePointMapTable  
00004930  g_pui8Image_UTS               
00005810  g_sCFAL96x64x16               
00005748  g_sFontFixed6x8               
00003151  i2c_string                    
00002f35  ldexp                         
00002f35  ldexpl                        
00004227  ltoa                          
00001635  main                          
000047ff  memccpy                       
000038f3  memcpy                        
00003c41  memset                        
20001171  packet_time                   
20001060  sContext                      
20001128  sRect                         
00002f35  scalbn                        
00002f35  scalbnl                       
00004369  snprintf                      
000047e1  strcat                        
00004863  strchr                        
00004879  strcpy                        
0000488d  strlen                        
2000116f  timer_tick                    
200010ac  ulADC0_Value                  
000048c5  wcslen                        


GLOBAL SYMBOLS: SORTED BY Symbol Address 

address   name                          
-------   ----                          
00000000  __TI_static_base__            
00000000  g_pfnVectors                  
0000026d  __TI_printfi                  
00001031  UARTvprintf                   
00001060  __STACK_SIZE                  
00001635  main                          
00001b7d  GrFontGlyphRender             
00001dd1  adc2ASCII                     
00002391  CFAL96x64x16Init              
00002549  __aeabi_dsub                  
00002553  __aeabi_dadd                  
00002701  InitPWM                       
00002979  __aeabi_ddiv                  
00002aaf  GPIOPadConfigSet              
00002d05  InitUART1                     
00002e21  InitADC                       
00002f35  ldexp                         
00002f35  ldexpl                        
00002f35  scalbn                        
00002f35  scalbnl                       
00003045  PID_controller                
00003151  i2c_string                    
00003251  __aeabi_dmul                  
0000334d  UpdateScreen                  
0000343d  SendPacket                    
000035f1  InitTimerPWM                  
000036c9  GrDefaultStringRenderer       
000038f3  __aeabi_memcpy                
000038f3  __aeabi_memcpy4               
000038f3  __aeabi_memcpy8               
000038f3  memcpy                        
0000398f  __aeabi_uldivmod              
00003a25  GrRectFill                    
00003aab  __aeabi_cdcmpeq               
00003aab  __aeabi_cdcmple               
00003b31  __aeabi_cdrcmple              
00003bb7  __aeabi_idiv0                 
00003bb7  __aeabi_ldiv0                 
00003bb9  InitI2C1                      
00003c39  __aeabi_memclr                
00003c39  __aeabi_memclr4               
00003c39  __aeabi_memclr8               
00003c3b  __aeabi_memset                
00003c3b  __aeabi_memset4               
00003c3b  __aeabi_memset8               
00003c41  memset                        
00003cb5  UARTStdioConfig               
00003d97  __aeabi_d2f                   
00003e05  GrContextInit                 
00003e6d  __TI_decompress_lzss          
00003ed5  ConfigureUART                 
00003f39  IR_Read                       
00003f9d  frexp                         
00003f9d  frexpl                        
000040c1  UARTwrite                     
00004179  SysTickIntHandler             
00004227  ltoa                          
0000431d  atoi                          
00004369  snprintf                      
000043ff  __aeabi_d2iz                  
0000448d  __TI_auto_init_nobinit_nopinit
000044d1  __aeabi_uidiv                 
000044d1  __aeabi_uidivmod              
00004589  ADC0SS0Handler                
000045c1  __aeabi_f2d                   
000045f9  _c_int00_noargs               
0000465d  GrStringNextCharGet           
0000468b  __aeabi_i2d                   
000046b9  UART1IntHandler               
000046e5  GPIODirModeSet                
00004737  GrFontInfoGet                 
0000475d  UARTprintf                    
00004781  GrFontGlyphDataGet            
000047a3  __aeabi_ui2d                  
000047c3  GrFontCodepageGet             
000047e1  strcat                        
000047ff  memccpy                       
0000481b  copysign                      
0000481b  copysignl                     
0000484d  GrStringDraw                  
00004863  strchr                        
00004879  strcpy                        
0000488d  strlen                        
000048a1  GPIOPinTypeI2CSCL             
000048b3  __TI_zero_init_nomemset       
000048c5  wcslen                        
000048d7  GrImageDraw                   
000048e5  __TI_decompress_none          
000048fd  GrMapISO8859_1_Unicode        
00004905  I2CMasterBusy                 
0000490d  __aeabi_errno_addr            
00004915  GrContextFontSet              
0000491b  ResetISR                      
00004921  UARTClockSourceSet            
00004927  _system_pre_init              
0000492b  C$$EXIT                       
0000492b  abort                         
00004930  g_pui8Image_UTS               
00005644  _ctypes_                      
00005748  g_sFontFixed6x8               
00005810  g_sCFAL96x64x16               
0000584c  g_psDefaultCodePointMapTable  
00005898  __TI_Handler_Table_Base       
000058a4  __TI_Handler_Table_Limit      
000058b0  __TI_CINIT_Base               
000058c0  __TI_CINIT_Limit              
20000000  __stack                       
20000200  __STACK_TOP                   
20001060  __STACK_END                   
20001060  sContext                      
200010ac  ulADC0_Value                  
200010bc  ascii_FLT_T                   
200010c8  ascii_FLT_V                   
200010d4  ascii_IR_T                    
200010e0  ascii_LSH_T                   
200010ec  ascii_LSH_V                   
200010f8  ascii_PWMF                    
20001104  ascii_PWMH                    
20001110  ascii_REF_T                   
2000111c  ascii_REF_V                   
20001128  sRect                         
20001134  ch0T                          
20001138  ch0V                          
2000113c  ch1T                          
20001140  ch1V                          
20001144  ch2T                          
20001148  ch2V                          
2000114c  ch3T                          
20001150  ch3V                          
2000116b  counter_for_ADC               
2000116c  counter_for_controller        
2000116d  counter_for_packet            
2000116e  ADC_done                      
2000116f  timer_tick                    
20001170  controller_time               
20001171  packet_time                   
2000117c  errno                         
ffffffff  __TI_pprof_out_hndl           
ffffffff  __TI_prof_data_size           
ffffffff  __TI_prof_data_start          
ffffffff  __binit__                     
ffffffff  __c_args__                    
ffffffff  binit                         
UNDEFED   __mpu_init                    
UNDEFED   _system_post_cinit            

[145 symbols]
