******************************************************************************
                  TI ARM Linker PC v18.12.1                    
******************************************************************************
>> Linked Sat May 25 18:23:52 2019

OUTPUT FILE NAME:   <TempController_template.out>
ENTRY POINT SYMBOL: "_c_int00_noargs"  address: 00004a4d


MEMORY CONFIGURATION

         name            origin    length      used     unused   attr    fill
----------------------  --------  ---------  --------  --------  ----  --------
  FLASH                 00000000   00040000  00005d2a  0003a2d6  R  X
  SRAM                  20000000   00008000  000011cc  00006e34  RW X


SEGMENT ALLOCATION MAP

run origin  load origin   length   init length attrs members
----------  ----------- ---------- ----------- ----- -------
00000000    00000000    00005d30   00005d30    r-x
  00000000    00000000    0000026c   0000026c    r-- .intvecs
  0000026c    0000026c    00004b16   00004b16    r-x .text
  00004d84    00004d84    00000f58   00000f58    r-- .const
  00005ce0    00005ce0    00000050   00000050    r-- .cinit
20000000    20000000    000011cc   00000000    rw-
  20000000    20000000    00001060   00000000    rw- .stack
  20001060    20001060    00000128   00000000    rw- .bss
  20001188    20001188    00000044   00000000    rw- .data


SECTION ALLOCATION MAP

 output                                  attributes/
section   page    origin      length       input sections
--------  ----  ----------  ----------   ----------------
.intvecs   0    00000000    0000026c     
                  00000000    0000026c     tm4c123gh6pge_startup_ccs.obj (.intvecs)

.text      0    0000026c    00004b16     
                  0000026c    00000a4e     rtsv7M4_T_le_v4SPD16_eabi.lib : _printfi.c.obj (.text:__TI_printfi)
                  00000cba    00000002     tm4c123gh6pge_startup_ccs.obj (.text:FaultISR)
                  00000cbc    00000374     grlib.lib : image.obj (.text:InternalImageDraw)
                  00001030    00000368     my_code.obj (.text:UpdateScreen)
                  00001398    0000030c     uartstdio.obj (.text:UARTvprintf)
                  000016a4    000002f8     grlib.lib : image.obj (.text:PixelTransparentDraw)
                  0000199c    000002dc     TempController.obj (.text:main)
                  00001c78    0000029c     my_code.obj (.text:PID_controller)
                  00001f14    00000270     rtsv7M4_T_le_v4SPD16_eabi.lib : _printfi.c.obj (.text:_pconv_a)
                  00002184    00000258     my_code.obj (.text:adc2ASCII)
                  000023dc    00000254     grlib.lib : string.obj (.text:GrFontGlyphRender)
                  00002630    000001d0     rtsv7M4_T_le_v4SPD16_eabi.lib : _printfi.c.obj (.text:_pconv_g)
                  00002800    000001be     cfal96x64x16.obj (.text:CFAL96x64x16PixelDrawMultiple)
                  000029be    00000002     tm4c123gh6pge_startup_ccs.obj (.text:IntDefaultHandler)
                  000029c0    000001b8     cfal96x64x16.obj (.text:CFAL96x64x16Init)
                  00002b78    000001b6     rtsv7M4_T_le_v4SPD16_eabi.lib : fd_add_t2.asm.obj (.text)
                  00002d2e    00000002     tm4c123gh6pge_startup_ccs.obj (.text:NmiSR)
                  00002d30    0000013c     my_code.obj (.text:InitPWM)
                  00002e6c    0000013c     rtsv7M4_T_le_v4SPD16_eabi.lib : _printfi.c.obj (.text:_pconv_e)
                  00002fa8    00000136                                   : fd_div_t2.asm.obj (.text)
                  000030de    00000132     driverlib.lib : gpio.obj (.text:GPIOPadConfigSet)
                  00003210    00000124     rtsv7M4_T_le_v4SPD16_eabi.lib : _printfi.c.obj (.text:fcvt)
                  00003334    0000011c     my_code.obj (.text:InitUART1)
                  00003450    00000114     my_code.obj (.text:InitADC)
                  00003564    00000110     rtsv7M4_T_le_v4SPD16_eabi.lib : s_scalbn.c.obj (.text:scalbn)
                  00003674    00000100     my_code.obj (.text:i2c_string)
                  00003774    000000fc     rtsv7M4_T_le_v4SPD16_eabi.lib : fd_mul_t2.asm.obj (.text)
                  00003870    000000dc     my_code.obj (.text:SendPacket)
                  0000394c    000000d8     cfal96x64x16.obj (.text:CFAL96x64x16LineDrawV)
                  00003a24    000000d8     my_code.obj (.text:InitTimerPWM)
                  00003afc    000000c0     grlib.lib : string.obj (.text:GrDefaultStringRenderer)
                  00003bbc    000000b8     cfal96x64x16.obj (.text:CFAL96x64x16LineDrawH)
                  00003c74    000000b1     rtsv7M4_T_le_v4SPD16_eabi.lib : _printfi.c.obj (.text:_ltostr)
                  00003d25    00000001     --HOLE-- [fill = 0]
                  00003d26    0000009c                                   : memcpy_t2.asm.obj (.text)
                  00003dc2    00000096                                   : ull_div_t2.asm.obj (.text)
                  00003e58    00000086     grlib.lib : rectangle.obj (.text:GrRectFill)
                  00003ede    00000086     rtsv7M4_T_le_v4SPD16_eabi.lib : fd_cmp_t2.asm.obj (.text:__aeabi_cdcmple)
                  00003f64    00000086                                   : fd_cmp_t2.asm.obj (.text:__aeabi_cdrcmple)
                  00003fea    00000002                                   : div0.asm.obj (.text)
                  00003fec    00000080     my_code.obj (.text:InitI2C1)
                  0000406c    0000007c     TempController.obj (.text:SysTickIntHandler)
                  000040e8    0000007a     rtsv7M4_T_le_v4SPD16_eabi.lib : memset_t2.asm.obj (.text)
                  00004162    00000002     --HOLE-- [fill = 0]
                  00004164    00000074     uartstdio.obj (.text:UARTStdioConfig)
                  000041d8    0000006e     rtsv7M4_T_le_v4SPD16_eabi.lib : _printfi.c.obj (.text:_mcpy)
                  00004246    0000006e                                   : fd_tos_t2.asm.obj (.text)
                  000042b4    00000068     grlib.lib : context.obj (.text:GrContextInit)
                  0000431c    00000068     rtsv7M4_T_le_v4SPD16_eabi.lib : copy_decompress_lzss.c.obj (.text:decompress:lzss:__TI_decompress_lzss)
                  00004384    00000064     TempController.obj (.text:ConfigureUART)
                  000043e8    00000064     my_code.obj (.text:IR_Read)
                  0000444c    00000064     rtsv7M4_T_le_v4SPD16_eabi.lib : s_frexp.c.obj (.text:frexp)
                  000044b0    00000060     cfal96x64x16.obj (.text:CFAL96x64x16WriteCommand)
                  00004510    00000060     cfal96x64x16.obj (.text:CFAL96x64x16WriteData)
                  00004570    0000005c     uartstdio.obj (.text:UARTwrite)
                  000045cc    0000005a     grlib.lib : string.obj (.text:FontWideGlyphDataGet)
                  00004626    00000056     rtsv7M4_T_le_v4SPD16_eabi.lib : _printfi.c.obj (.text:_pconv_f)
                  0000467c    00000054                                   : ltoa.c.obj (.text:ltoa)
                  000046d0    00000052                                   : _printfi.c.obj (.text:_ecpy)
                  00004722    0000004e     cfal96x64x16.obj (.text:CFAL96x64x16PixelDraw)
                  00004770    0000004c     rtsv7M4_T_le_v4SPD16_eabi.lib : atoi.c.obj (.text:atoi)
                  000047bc    0000004c                                   : snprintf.c.obj (.text:snprintf)
                  00004808    0000004a     grlib.lib : string.obj (.text:UpdateContextCharMapping)
                  00004852    00000048     rtsv7M4_T_le_v4SPD16_eabi.lib : fd_toi_t2.asm.obj (.text)
                  0000489a    00000044     cfal96x64x16.obj (.text:CFAL96x64x16RectFill)
                  000048de    00000002     --HOLE-- [fill = 0]
                  000048e0    00000044     rtsv7M4_T_le_v4SPD16_eabi.lib : autoinit.c.obj (.text:__TI_auto_init_nobinit_nopinit:__TI_auto_init_nobinit_nopinit)
                  00004924    00000040                                   : u_divt2.asm.obj (.text)
                  00004964    0000003e                                   : _printfi.c.obj (.text:_fcpy)
                  000049a2    0000003a     grlib.lib : string.obj (.text:FontGlyphDataGet)
                  000049dc    00000038     my_code.obj (.text:ADC0SS0Handler)
                  00004a14    00000038     rtsv7M4_T_le_v4SPD16_eabi.lib : fs_tod_t2.asm.obj (.text)
                  00004a4c    00000034                                   : boot_cortex_m.c.obj (.text:_c_int00_noargs:_c_int00_noargs)
                  00004a80    00000030                                   : snprintf.c.obj (.text:_outs)
                  00004ab0    0000002e     grlib.lib : string.obj (.text:GrStringNextCharGet)
                  00004ade    0000002e     rtsv7M4_T_le_v4SPD16_eabi.lib : i_tofd_t2.asm.obj (.text)
                  00004b0c    0000002c     my_code.obj (.text:UART1IntHandler)
                  00004b38    0000002a     driverlib.lib : gpio.obj (.text:GPIODirModeSet)
                  00004b62    00000028     cfal96x64x16.obj (.text:CFAL96x64x16ColorTranslate)
                  00004b8a    00000026     grlib.lib : string.obj (.text:GrFontInfoGet)
                  00004bb0    00000024     uartstdio.obj (.text:UARTprintf)
                  00004bd4    00000022     grlib.lib : string.obj (.text:GrFontGlyphDataGet)
                  00004bf6    00000020     rtsv7M4_T_le_v4SPD16_eabi.lib : u_tofd_t2.asm.obj (.text)
                  00004c16    0000001e     grlib.lib : string.obj (.text:GrFontCodepageGet)
                  00004c34    0000001e     rtsv7M4_T_le_v4SPD16_eabi.lib : strcat.c.obj (.text:strcat)
                  00004c52    0000001c                                   : memccpy.c.obj (.text:memccpy)
                  00004c6e    0000001a                                   : s_copysign.c.obj (.text:copysign)
                  00004c88    00000018                                   : snprintf.c.obj (.text:_outc)
                  00004ca0    00000016     grlib.lib : string.obj (.text:GrStringDraw)
                  00004cb6    00000016     rtsv7M4_T_le_v4SPD16_eabi.lib : strchr.c.obj (.text:strchr)
                  00004ccc    00000014                                   : strcpy.c.obj (.text:strcpy)
                  00004ce0    00000014                                   : strlen.c.obj (.text:strlen)
                  00004cf4    00000012     driverlib.lib : gpio.obj (.text:GPIOPinTypeI2CSCL)
                  00004d06    00000012     rtsv7M4_T_le_v4SPD16_eabi.lib : copy_zero_init.c.obj (.text:decompress:ZI:__TI_zero_init_nomemset:__TI_zero_init_nomemset)
                  00004d18    00000012                                   : wcslen.c.obj (.text:wcslen)
                  00004d2a    0000000e     grlib.lib : image.obj (.text:GrImageDraw)
                  00004d38    0000000e     rtsv7M4_T_le_v4SPD16_eabi.lib : copy_decompress_none.c.obj (.text:decompress:none:__TI_decompress_none)
                  00004d46    0000000a     cfal96x64x16.obj (.text:CFAL96x64x16Flush)
                  00004d50    00000008     grlib.lib : charmap.obj (.text:GrMapISO8859_1_Unicode)
                  00004d58    00000008     driverlib.lib : i2c.obj (.text:I2CMasterBusy)
                  00004d60    00000008     rtsv7M4_T_le_v4SPD16_eabi.lib : errno.c.obj (.text:__aeabi_errno_addr)
                  00004d68    00000006     grlib.lib : string.obj (.text:GrContextFontSet)
                  00004d6e    00000006     tm4c123gh6pge_startup_ccs.obj (.text:ResetISR)
                  00004d74    00000006     driverlib.lib : uart.obj (.text:UARTClockSourceSet)
                  00004d7a    00000004     rtsv7M4_T_le_v4SPD16_eabi.lib : pre_init.c.obj (.text:_system_pre_init)
                  00004d7e    00000004                                   : exit.c.obj (.text:abort:abort)

.const     0    00004d84    00000f58     
                  00004d84    00000a1c     images.obj (.const:.string:g_pui8Image_UTS)
                  000057a0    000002f8     grlib.lib : fontfixed6x8.obj (.const:.string:g_pui8FontFixed6x8Data)
                  00005a98    00000101     rtsv7M4_T_le_v4SPD16_eabi.lib : ctype.c.obj (.const:.string:_ctypes_)
                  00005b99    00000003     --HOLE-- [fill = 0]
                  00005b9c    000000c8     grlib.lib : fontfixed6x8.obj (.const:g_sFontFixed6x8)
                  00005c64    00000028     cfal96x64x16.obj (.const:g_sCFAL96x64x16)
                  00005c8c    00000012     uartstdio.obj (.const:.string)
                  00005c9e    00000002     --HOLE-- [fill = 0]
                  00005ca0    00000010     grlib.lib : context.obj (.const)
                  00005cb0    00000010     my_code.obj (.const)
                  00005cc0    0000000c     uartstdio.obj (.const:g_ui32UARTBase)
                  00005ccc    0000000c     uartstdio.obj (.const:g_ui32UARTPeriph)
                  00005cd8    00000004     uartstdio.obj (.const)

.cinit     0    00005ce0    00000050     
                  00005ce0    00000029     (.cinit..data.load) [load image, compression = lzss]
                  00005d09    00000003     --HOLE-- [fill = 0]
                  00005d0c    0000000c     (__TI_handler_table)
                  00005d18    00000008     (.cinit..bss.load) [load image, compression = zero_init]
                  00005d20    00000010     (__TI_cinit_table)

.init_array 
*          0    00000000    00000000     UNINITIALIZED

.bss       0    20001060    00000128     UNINITIALIZED
                  20001060    0000002c     (.common:sContext)
                  2000108c    00000020     (.common:g_pui8Dictionary)
                  200010ac    00000010     (.common:ulADC0_Value)
                  200010bc    0000000c     (.common:ascii_FLT_T)
                  200010c8    0000000c     (.common:ascii_FLT_V)
                  200010d4    0000000c     (.common:ascii_IR_T)
                  200010e0    0000000c     (.common:ascii_KaF)
                  200010ec    0000000c     (.common:ascii_KaH)
                  200010f8    0000000c     (.common:ascii_KbF)
                  20001104    0000000c     (.common:ascii_KbH)
                  20001110    0000000c     (.common:ascii_LSH_T)
                  2000111c    0000000c     (.common:ascii_LSH_V)
                  20001128    0000000c     (.common:ascii_PWMF)
                  20001134    0000000c     (.common:ascii_PWMH)
                  20001140    0000000c     (.common:ascii_REF_T)
                  2000114c    0000000c     (.common:ascii_REF_V)
                  20001158    00000008     (.common:sRect)
                  20001160    00000004     TempController.obj (.bss)
                  20001164    00000004     (.common:ch0T)
                  20001168    00000004     (.common:ch0V)
                  2000116c    00000004     (.common:ch1T)
                  20001170    00000004     (.common:ch1V)
                  20001174    00000004     (.common:ch2T)
                  20001178    00000004     (.common:ch2V)
                  2000117c    00000004     (.common:ch3T)
                  20001180    00000004     (.common:ch3V)
                  20001184    00000004     (.common:g_psGrLibDefaults)

.data      0    20001188    00000044     UNINITIALIZED
                  20001188    0000001c     my_code.obj (.data)
                  200011a4    00000013     cfal96x64x16.obj (.data:g_ui8DisplayInitCommands)
                  200011b7    00000007     TempController.obj (.data)
                  200011be    00000002     --HOLE--
                  200011c0    00000005     uartstdio.obj (.data)
                  200011c5    00000003     --HOLE--
                  200011c8    00000004     rtsv7M4_T_le_v4SPD16_eabi.lib : errno.c.obj (.data)

.stack     0    20000000    00001060     UNINITIALIZED
                  20000000    00000004     rtsv7M4_T_le_v4SPD16_eabi.lib : boot_cortex_m.c.obj (.stack)
                  20000004    0000105c     --HOLE--

MODULE SUMMARY

       Module                          code    ro data   rw data
       ------                          ----    -------   -------
    .\
       TempController.obj              956     0         79     
       tm4c123gh6pge_startup_ccs.obj   12      620       0      
    +--+-------------------------------+-------+---------+---------+
       Total:                          968     620       79     
                                                                
    .\DADSlab\
       my_code.obj                     4036    16        216    
       images.obj                      0       2588      0      
    +--+-------------------------------+-------+---------+---------+
       Total:                          4036    2604      216    
                                                                
    .\drivers\
       cfal96x64x16.obj                1674    40        19     
    +--+-------------------------------+-------+---------+---------+
       Total:                          1674    40        19     
                                                                
    .\utils\
       uartstdio.obj                   1024    46        5      
    +--+-------------------------------+-------+---------+---------+
       Total:                          1024    46        5      
                                                                
    C:/Software/ti/TivaWare_C_Series-2.1.4.178/driverlib/ccs/Debug/driverlib.lib
       gpio.obj                        366     0         0      
       i2c.obj                         8       0         0      
       uart.obj                        6       0         0      
    +--+-------------------------------+-------+---------+---------+
       Total:                          380     0         0      
                                                                
    C:/Software/ti/TivaWare_C_Series-2.1.4.178/grlib/ccs/Debug/grlib.lib
       image.obj                       1658    0         32     
       string.obj                      1186    0         0      
       fontfixed6x8.obj                0       960       0      
       rectangle.obj                   134     0         0      
       context.obj                     104     16        4      
       charmap.obj                     8       0         0      
    +--+-------------------------------+-------+---------+---------+
       Total:                          3090    976       36     
                                                                
    C:\ti\ccs901\ccs\tools\compiler\ti-cgt-arm_18.12.1.LTS\lib\rtsv7M4_T_le_v4SPD16_eabi.lib
       _printfi.c.obj                  4851    0         0      
       fd_add_t2.asm.obj               438     0         0      
       fd_div_t2.asm.obj               310     0         0      
       s_scalbn.c.obj                  272     0         0      
       fd_cmp_t2.asm.obj               268     0         0      
       ctype.c.obj                     0       257       0      
       fd_mul_t2.asm.obj               252     0         0      
       memcpy_t2.asm.obj               156     0         0      
       ull_div_t2.asm.obj              150     0         0      
       snprintf.c.obj                  148     0         0      
       memset_t2.asm.obj               122     0         0      
       fd_tos_t2.asm.obj               110     0         0      
       copy_decompress_lzss.c.obj      104     0         0      
       s_frexp.c.obj                   100     0         0      
       ltoa.c.obj                      84      0         0      
       atoi.c.obj                      76      0         0      
       fd_toi_t2.asm.obj               72      0         0      
       autoinit.c.obj                  68      0         0      
       u_divt2.asm.obj                 64      0         0      
       fs_tod_t2.asm.obj               56      0         0      
       boot_cortex_m.c.obj             52      0         0      
       i_tofd_t2.asm.obj               46      0         0      
       u_tofd_t2.asm.obj               32      0         0      
       strcat.c.obj                    30      0         0      
       memccpy.c.obj                   28      0         0      
       s_copysign.c.obj                26      0         0      
       strchr.c.obj                    22      0         0      
       strcpy.c.obj                    20      0         0      
       strlen.c.obj                    20      0         0      
       copy_zero_init.c.obj            18      0         0      
       wcslen.c.obj                    18      0         0      
       copy_decompress_none.c.obj      14      0         0      
       errno.c.obj                     8       0         4      
       exit.c.obj                      4       0         0      
       pre_init.c.obj                  4       0         0      
       div0.asm.obj                    2       0         0      
    +--+-------------------------------+-------+---------+---------+
       Total:                          8045    257       4      
                                                                
       Stack:                          0       0         4192   
       Linker Generated:               0       77        0      
    +--+-------------------------------+-------+---------+---------+
       Grand Total:                    19217   4620      4551   


LINKER GENERATED COPY TABLES

__TI_cinit_table @ 00005d20 records: 2, size/record: 8, table size: 16
	.data: load addr=00005ce0, load size=00000029 bytes, run addr=20001188, run size=00000044 bytes, compression=lzss
	.bss: load addr=00005d18, load size=00000008 bytes, run addr=20001060, run size=00000128 bytes, compression=zero_init


LINKER GENERATED HANDLER TABLE

__TI_handler_table @ 00005d0c records: 3, size/record: 4, table size: 12
	index: 0, handler: __TI_decompress_lzss
	index: 1, handler: __TI_decompress_none
	index: 2, handler: __TI_zero_init


GLOBAL SYMBOLS: SORTED ALPHABETICALLY BY Name 

address   name                          
-------   ----                          
000049dd  ADC0SS0Handler                
200011ba  ADC_done                      
00004d7f  C$$EXIT                       
000029c1  CFAL96x64x16Init              
00004385  ConfigureUART                 
20001190  DT                            
00004b39  GPIODirModeSet                
000030df  GPIOPadConfigSet              
00004cf5  GPIOPinTypeI2CSCL             
00004d69  GrContextFontSet              
000042b5  GrContextInit                 
00003afd  GrDefaultStringRenderer       
00004c17  GrFontCodepageGet             
00004bd5  GrFontGlyphDataGet            
000023dd  GrFontGlyphRender             
00004b8b  GrFontInfoGet                 
00004d2b  GrImageDraw                   
00004d51  GrMapISO8859_1_Unicode        
00003e59  GrRectFill                    
00004ca1  GrStringDraw                  
00004ab1  GrStringNextCharGet           
00004d59  I2CMasterBusy                 
000043e9  IR_Read                       
00003451  InitADC                       
00003fed  InitI2C1                      
00002d31  InitPWM                       
00003a25  InitTimerPWM                  
00003335  InitUART1                     
00005cbc  KIF                           
00005cb4  KIH                           
00005cb8  KPF                           
00005cb0  KPH                           
00001c79  PID_controller                
00004d6f  ResetISR                      
00003871  SendPacket                    
0000406d  SysTickIntHandler             
00004b0d  UART1IntHandler               
00004d75  UARTClockSourceSet            
00004165  UARTStdioConfig               
00004bb1  UARTprintf                    
00001399  UARTvprintf                   
00004571  UARTwrite                     
00001031  UpdateScreen                  
20001060  __STACK_END                   
00001060  __STACK_SIZE                  
20000200  __STACK_TOP                   
00005d20  __TI_CINIT_Base               
00005d30  __TI_CINIT_Limit              
00005d0c  __TI_Handler_Table_Base       
00005d18  __TI_Handler_Table_Limit      
000048e1  __TI_auto_init_nobinit_nopinit
0000431d  __TI_decompress_lzss          
00004d39  __TI_decompress_none          
ffffffff  __TI_pprof_out_hndl           
0000026d  __TI_printfi                  
ffffffff  __TI_prof_data_size           
ffffffff  __TI_prof_data_start          
00000000  __TI_static_base__            
00004d07  __TI_zero_init_nomemset       
00003edf  __aeabi_cdcmpeq               
00003edf  __aeabi_cdcmple               
00003f65  __aeabi_cdrcmple              
00004247  __aeabi_d2f                   
00004853  __aeabi_d2iz                  
00002b83  __aeabi_dadd                  
00002fa9  __aeabi_ddiv                  
00003775  __aeabi_dmul                  
00002b79  __aeabi_dsub                  
00004d61  __aeabi_errno_addr            
00004a15  __aeabi_f2d                   
00004adf  __aeabi_i2d                   
00003feb  __aeabi_idiv0                 
00003feb  __aeabi_ldiv0                 
000040e9  __aeabi_memclr                
000040e9  __aeabi_memclr4               
000040e9  __aeabi_memclr8               
00003d27  __aeabi_memcpy                
00003d27  __aeabi_memcpy4               
00003d27  __aeabi_memcpy8               
000040eb  __aeabi_memset                
000040eb  __aeabi_memset4               
000040eb  __aeabi_memset8               
00004bf7  __aeabi_ui2d                  
00004925  __aeabi_uidiv                 
00004925  __aeabi_uidivmod              
00003dc3  __aeabi_uldivmod              
ffffffff  __binit__                     
ffffffff  __c_args__                    
UNDEFED   __mpu_init                    
20000000  __stack                       
00004a4d  _c_int00_noargs               
00005a98  _ctypes_                      
UNDEFED   _system_post_cinit            
00004d7b  _system_pre_init              
00004d7f  abort                         
00002185  adc2ASCII                     
200010bc  ascii_FLT_T                   
200010c8  ascii_FLT_V                   
200010d4  ascii_IR_T                    
200010e0  ascii_KaF                     
200010ec  ascii_KaH                     
200010f8  ascii_KbF                     
20001104  ascii_KbH                     
20001110  ascii_LSH_T                   
2000111c  ascii_LSH_V                   
20001128  ascii_PWMF                    
20001134  ascii_PWMH                    
20001140  ascii_REF_T                   
2000114c  ascii_REF_V                   
00004771  atoi                          
ffffffff  binit                         
20001164  ch0T                          
20001168  ch0V                          
2000116c  ch1T                          
20001170  ch1V                          
20001174  ch2T                          
20001178  ch2V                          
2000117c  ch3T                          
20001180  ch3V                          
200011bc  controller_time               
00004c6f  copysign                      
00004c6f  copysignl                     
200011b7  counter_for_ADC               
200011b8  counter_for_controller        
200011b9  counter_for_packet            
200011c8  errno                         
0000444d  frexp                         
0000444d  frexpl                        
00000000  g_pfnVectors                  
00005ca0  g_psDefaultCodePointMapTable  
00004d84  g_pui8Image_UTS               
00005c64  g_sCFAL96x64x16               
00005b9c  g_sFontFixed6x8               
00003675  i2c_string                    
2000118c  integral                      
00003565  ldexp                         
00003565  ldexpl                        
0000467d  ltoa                          
0000199d  main                          
00004c53  memccpy                       
00003d27  memcpy                        
000040f1  memset                        
200011bd  packet_time                   
20001188  previous_error                
20001060  sContext                      
20001158  sRect                         
00003565  scalbn                        
00003565  scalbnl                       
000047bd  snprintf                      
00004c35  strcat                        
00004cb7  strchr                        
00004ccd  strcpy                        
00004ce1  strlen                        
200011bb  timer_tick                    
200010ac  ulADC0_Value                  
00004d19  wcslen                        


GLOBAL SYMBOLS: SORTED BY Symbol Address 

address   name                          
-------   ----                          
00000000  __TI_static_base__            
00000000  g_pfnVectors                  
0000026d  __TI_printfi                  
00001031  UpdateScreen                  
00001060  __STACK_SIZE                  
00001399  UARTvprintf                   
0000199d  main                          
00001c79  PID_controller                
00002185  adc2ASCII                     
000023dd  GrFontGlyphRender             
000029c1  CFAL96x64x16Init              
00002b79  __aeabi_dsub                  
00002b83  __aeabi_dadd                  
00002d31  InitPWM                       
00002fa9  __aeabi_ddiv                  
000030df  GPIOPadConfigSet              
00003335  InitUART1                     
00003451  InitADC                       
00003565  ldexp                         
00003565  ldexpl                        
00003565  scalbn                        
00003565  scalbnl                       
00003675  i2c_string                    
00003775  __aeabi_dmul                  
00003871  SendPacket                    
00003a25  InitTimerPWM                  
00003afd  GrDefaultStringRenderer       
00003d27  __aeabi_memcpy                
00003d27  __aeabi_memcpy4               
00003d27  __aeabi_memcpy8               
00003d27  memcpy                        
00003dc3  __aeabi_uldivmod              
00003e59  GrRectFill                    
00003edf  __aeabi_cdcmpeq               
00003edf  __aeabi_cdcmple               
00003f65  __aeabi_cdrcmple              
00003feb  __aeabi_idiv0                 
00003feb  __aeabi_ldiv0                 
00003fed  InitI2C1                      
0000406d  SysTickIntHandler             
000040e9  __aeabi_memclr                
000040e9  __aeabi_memclr4               
000040e9  __aeabi_memclr8               
000040eb  __aeabi_memset                
000040eb  __aeabi_memset4               
000040eb  __aeabi_memset8               
000040f1  memset                        
00004165  UARTStdioConfig               
00004247  __aeabi_d2f                   
000042b5  GrContextInit                 
0000431d  __TI_decompress_lzss          
00004385  ConfigureUART                 
000043e9  IR_Read                       
0000444d  frexp                         
0000444d  frexpl                        
00004571  UARTwrite                     
0000467d  ltoa                          
00004771  atoi                          
000047bd  snprintf                      
00004853  __aeabi_d2iz                  
000048e1  __TI_auto_init_nobinit_nopinit
00004925  __aeabi_uidiv                 
00004925  __aeabi_uidivmod              
000049dd  ADC0SS0Handler                
00004a15  __aeabi_f2d                   
00004a4d  _c_int00_noargs               
00004ab1  GrStringNextCharGet           
00004adf  __aeabi_i2d                   
00004b0d  UART1IntHandler               
00004b39  GPIODirModeSet                
00004b8b  GrFontInfoGet                 
00004bb1  UARTprintf                    
00004bd5  GrFontGlyphDataGet            
00004bf7  __aeabi_ui2d                  
00004c17  GrFontCodepageGet             
00004c35  strcat                        
00004c53  memccpy                       
00004c6f  copysign                      
00004c6f  copysignl                     
00004ca1  GrStringDraw                  
00004cb7  strchr                        
00004ccd  strcpy                        
00004ce1  strlen                        
00004cf5  GPIOPinTypeI2CSCL             
00004d07  __TI_zero_init_nomemset       
00004d19  wcslen                        
00004d2b  GrImageDraw                   
00004d39  __TI_decompress_none          
00004d51  GrMapISO8859_1_Unicode        
00004d59  I2CMasterBusy                 
00004d61  __aeabi_errno_addr            
00004d69  GrContextFontSet              
00004d6f  ResetISR                      
00004d75  UARTClockSourceSet            
00004d7b  _system_pre_init              
00004d7f  C$$EXIT                       
00004d7f  abort                         
00004d84  g_pui8Image_UTS               
00005a98  _ctypes_                      
00005b9c  g_sFontFixed6x8               
00005c64  g_sCFAL96x64x16               
00005ca0  g_psDefaultCodePointMapTable  
00005cb0  KPH                           
00005cb4  KIH                           
00005cb8  KPF                           
00005cbc  KIF                           
00005d0c  __TI_Handler_Table_Base       
00005d18  __TI_Handler_Table_Limit      
00005d20  __TI_CINIT_Base               
00005d30  __TI_CINIT_Limit              
20000000  __stack                       
20000200  __STACK_TOP                   
20001060  __STACK_END                   
20001060  sContext                      
200010ac  ulADC0_Value                  
200010bc  ascii_FLT_T                   
200010c8  ascii_FLT_V                   
200010d4  ascii_IR_T                    
200010e0  ascii_KaF                     
200010ec  ascii_KaH                     
200010f8  ascii_KbF                     
20001104  ascii_KbH                     
20001110  ascii_LSH_T                   
2000111c  ascii_LSH_V                   
20001128  ascii_PWMF                    
20001134  ascii_PWMH                    
20001140  ascii_REF_T                   
2000114c  ascii_REF_V                   
20001158  sRect                         
20001164  ch0T                          
20001168  ch0V                          
2000116c  ch1T                          
20001170  ch1V                          
20001174  ch2T                          
20001178  ch2V                          
2000117c  ch3T                          
20001180  ch3V                          
20001188  previous_error                
2000118c  integral                      
20001190  DT                            
200011b7  counter_for_ADC               
200011b8  counter_for_controller        
200011b9  counter_for_packet            
200011ba  ADC_done                      
200011bb  timer_tick                    
200011bc  controller_time               
200011bd  packet_time                   
200011c8  errno                         
ffffffff  __TI_pprof_out_hndl           
ffffffff  __TI_prof_data_size           
ffffffff  __TI_prof_data_start          
ffffffff  __binit__                     
ffffffff  __c_args__                    
ffffffff  binit                         
UNDEFED   __mpu_init                    
UNDEFED   _system_post_cinit            

[156 symbols]
