******************************************************************************
                  TI ARM Linker PC v18.12.1                    
******************************************************************************
>> Linked Sat May 25 14:34:56 2019

OUTPUT FILE NAME:   <TempController_template.out>
ENTRY POINT SYMBOL: "_c_int00_noargs"  address: 00004605


MEMORY CONFIGURATION

         name            origin    length      used     unused   attr    fill
----------------------  --------  ---------  --------  --------  ----  --------
  FLASH                 00000000   00040000  000058ca  0003a736  R  X
  SRAM                  20000000   00008000  00001198  00006e68  RW X


SEGMENT ALLOCATION MAP

run origin  load origin   length   init length attrs members
----------  ----------- ---------- ----------- ----- -------
00000000    00000000    000058d0   000058d0    r-x
  00000000    00000000    0000026c   0000026c    r-- .intvecs
  0000026c    0000026c    000046ce   000046ce    r-x .text
  0000493c    0000493c    00000f48   00000f48    r-- .const
  00005888    00005888    00000048   00000048    r-- .cinit
20000000    20000000    00001198   00000000    rw-
  20000000    20000000    00001060   00000000    rw- .stack
  20001060    20001060    00000110   00000000    rw- .bss
  20001170    20001170    00000028   00000000    rw- .data


SECTION ALLOCATION MAP

 output                                  attributes/
section   page    origin      length       input sections
--------  ----  ----------  ----------   ----------------
.intvecs   0    00000000    0000026c     
                  00000000    0000026c     tm4c123gh6pge_startup_ccs.obj (.intvecs)

.text      0    0000026c    000046ce     
                  0000026c    00000a4e     rtsv7M4_T_le_v4SPD16_eabi.lib : _printfi.c.obj (.text:__TI_printfi)
                  00000cba    00000002     tm4c123gh6pge_startup_ccs.obj (.text:FaultISR)
                  00000cbc    00000374     grlib.lib : image.obj (.text:InternalImageDraw)
                  00001030    0000030c     uartstdio.obj (.text:UARTvprintf)
                  0000133c    000002f8     grlib.lib : image.obj (.text:PixelTransparentDraw)
                  00001634    000002d8     TempController.obj (.text:main)
                  0000190c    00000270     rtsv7M4_T_le_v4SPD16_eabi.lib : _printfi.c.obj (.text:_pconv_a)
                  00001b7c    00000254     grlib.lib : string.obj (.text:GrFontGlyphRender)
                  00001dd0    0000021c     my_code.obj (.text:adc2ASCII)
                  00001fec    00000200     my_code.obj (.text:PID_controller)
                  000021ec    000001d0     rtsv7M4_T_le_v4SPD16_eabi.lib : _printfi.c.obj (.text:_pconv_g)
                  000023bc    000001be     cfal96x64x16.obj (.text:CFAL96x64x16PixelDrawMultiple)
                  0000257a    00000002     tm4c123gh6pge_startup_ccs.obj (.text:IntDefaultHandler)
                  0000257c    000001b8     cfal96x64x16.obj (.text:CFAL96x64x16Init)
                  00002734    000001b6     rtsv7M4_T_le_v4SPD16_eabi.lib : fd_add_t2.asm.obj (.text)
                  000028ea    00000002     tm4c123gh6pge_startup_ccs.obj (.text:NmiSR)
                  000028ec    0000013c     my_code.obj (.text:InitPWM)
                  00002a28    0000013c     rtsv7M4_T_le_v4SPD16_eabi.lib : _printfi.c.obj (.text:_pconv_e)
                  00002b64    00000136                                   : fd_div_t2.asm.obj (.text)
                  00002c9a    00000132     driverlib.lib : gpio.obj (.text:GPIOPadConfigSet)
                  00002dcc    00000124     rtsv7M4_T_le_v4SPD16_eabi.lib : _printfi.c.obj (.text:fcvt)
                  00002ef0    0000011c     my_code.obj (.text:InitUART1)
                  0000300c    00000110     rtsv7M4_T_le_v4SPD16_eabi.lib : s_scalbn.c.obj (.text:scalbn)
                  0000311c    00000100     my_code.obj (.text:i2c_string)
                  0000321c    000000fc     rtsv7M4_T_le_v4SPD16_eabi.lib : fd_mul_t2.asm.obj (.text)
                  00003318    000000f0     my_code.obj (.text:UpdateScreen)
                  00003408    000000dc     my_code.obj (.text:SendPacket)
                  000034e4    000000d8     cfal96x64x16.obj (.text:CFAL96x64x16LineDrawV)
                  000035bc    000000d8     my_code.obj (.text:InitTimerPWM)
                  00003694    000000c0     grlib.lib : string.obj (.text:GrDefaultStringRenderer)
                  00003754    000000b8     cfal96x64x16.obj (.text:CFAL96x64x16LineDrawH)
                  0000380c    000000b1     rtsv7M4_T_le_v4SPD16_eabi.lib : _printfi.c.obj (.text:_ltostr)
                  000038bd    00000001     --HOLE-- [fill = 0]
                  000038be    0000009c                                   : memcpy_t2.asm.obj (.text)
                  0000395a    00000096                                   : ull_div_t2.asm.obj (.text)
                  000039f0    00000086     grlib.lib : rectangle.obj (.text:GrRectFill)
                  00003a76    00000086     rtsv7M4_T_le_v4SPD16_eabi.lib : fd_cmp_t2.asm.obj (.text:__aeabi_cdcmple)
                  00003afc    00000086                                   : fd_cmp_t2.asm.obj (.text:__aeabi_cdrcmple)
                  00003b82    00000002                                   : div0.asm.obj (.text)
                  00003b84    00000080     my_code.obj (.text:InitI2C1)
                  00003c04    0000007a     rtsv7M4_T_le_v4SPD16_eabi.lib : memset_t2.asm.obj (.text)
                  00003c7e    00000002     --HOLE-- [fill = 0]
                  00003c80    00000074     uartstdio.obj (.text:UARTStdioConfig)
                  00003cf4    0000006e     rtsv7M4_T_le_v4SPD16_eabi.lib : _printfi.c.obj (.text:_mcpy)
                  00003d62    0000006e                                   : fd_tos_t2.asm.obj (.text)
                  00003dd0    00000068     grlib.lib : context.obj (.text:GrContextInit)
                  00003e38    00000068     rtsv7M4_T_le_v4SPD16_eabi.lib : copy_decompress_lzss.c.obj (.text:decompress:lzss:__TI_decompress_lzss)
                  00003ea0    00000064     TempController.obj (.text:ConfigureUART)
                  00003f04    00000064     my_code.obj (.text:IR_Read)
                  00003f68    00000064     rtsv7M4_T_le_v4SPD16_eabi.lib : s_frexp.c.obj (.text:frexp)
                  00003fcc    00000060     cfal96x64x16.obj (.text:CFAL96x64x16WriteCommand)
                  0000402c    00000060     cfal96x64x16.obj (.text:CFAL96x64x16WriteData)
                  0000408c    0000005c     uartstdio.obj (.text:UARTwrite)
                  000040e8    0000005a     grlib.lib : string.obj (.text:FontWideGlyphDataGet)
                  00004142    00000002     --HOLE-- [fill = 0]
                  00004144    00000058     TempController.obj (.text:SysTickIntHandler)
                  0000419c    00000056     rtsv7M4_T_le_v4SPD16_eabi.lib : _printfi.c.obj (.text:_pconv_f)
                  000041f2    00000054                                   : ltoa.c.obj (.text:ltoa)
                  00004246    00000052                                   : _printfi.c.obj (.text:_ecpy)
                  00004298    0000004e     cfal96x64x16.obj (.text:CFAL96x64x16PixelDraw)
                  000042e6    00000002     --HOLE-- [fill = 0]
                  000042e8    0000004c     rtsv7M4_T_le_v4SPD16_eabi.lib : atoi.c.obj (.text:atoi)
                  00004334    0000004c                                   : snprintf.c.obj (.text:snprintf)
                  00004380    0000004a     grlib.lib : string.obj (.text:UpdateContextCharMapping)
                  000043ca    00000048     rtsv7M4_T_le_v4SPD16_eabi.lib : fd_toi_t2.asm.obj (.text)
                  00004412    00000044     cfal96x64x16.obj (.text:CFAL96x64x16RectFill)
                  00004456    00000002     --HOLE-- [fill = 0]
                  00004458    00000044     rtsv7M4_T_le_v4SPD16_eabi.lib : autoinit.c.obj (.text:__TI_auto_init_nobinit_nopinit:__TI_auto_init_nobinit_nopinit)
                  0000449c    00000040                                   : u_divt2.asm.obj (.text)
                  000044dc    0000003e                                   : _printfi.c.obj (.text:_fcpy)
                  0000451a    00000002     --HOLE-- [fill = 0]
                  0000451c    0000003c     my_code.obj (.text:InitADC)
                  00004558    0000003a     grlib.lib : string.obj (.text:FontGlyphDataGet)
                  00004592    00000002     --HOLE-- [fill = 0]
                  00004594    00000038     my_code.obj (.text:ADC0SS0Handler)
                  000045cc    00000038     rtsv7M4_T_le_v4SPD16_eabi.lib : fs_tod_t2.asm.obj (.text)
                  00004604    00000034                                   : boot_cortex_m.c.obj (.text:_c_int00_noargs:_c_int00_noargs)
                  00004638    00000030                                   : snprintf.c.obj (.text:_outs)
                  00004668    0000002e     grlib.lib : string.obj (.text:GrStringNextCharGet)
                  00004696    0000002e     rtsv7M4_T_le_v4SPD16_eabi.lib : i_tofd_t2.asm.obj (.text)
                  000046c4    0000002c     my_code.obj (.text:UART1IntHandler)
                  000046f0    0000002a     driverlib.lib : gpio.obj (.text:GPIODirModeSet)
                  0000471a    00000028     cfal96x64x16.obj (.text:CFAL96x64x16ColorTranslate)
                  00004742    00000026     grlib.lib : string.obj (.text:GrFontInfoGet)
                  00004768    00000024     uartstdio.obj (.text:UARTprintf)
                  0000478c    00000022     grlib.lib : string.obj (.text:GrFontGlyphDataGet)
                  000047ae    00000020     rtsv7M4_T_le_v4SPD16_eabi.lib : u_tofd_t2.asm.obj (.text)
                  000047ce    0000001e     grlib.lib : string.obj (.text:GrFontCodepageGet)
                  000047ec    0000001e     rtsv7M4_T_le_v4SPD16_eabi.lib : strcat.c.obj (.text:strcat)
                  0000480a    0000001c                                   : memccpy.c.obj (.text:memccpy)
                  00004826    0000001a                                   : s_copysign.c.obj (.text:copysign)
                  00004840    00000018                                   : snprintf.c.obj (.text:_outc)
                  00004858    00000016     grlib.lib : string.obj (.text:GrStringDraw)
                  0000486e    00000016     rtsv7M4_T_le_v4SPD16_eabi.lib : strchr.c.obj (.text:strchr)
                  00004884    00000014                                   : strcpy.c.obj (.text:strcpy)
                  00004898    00000014                                   : strlen.c.obj (.text:strlen)
                  000048ac    00000012     driverlib.lib : gpio.obj (.text:GPIOPinTypeI2CSCL)
                  000048be    00000012     rtsv7M4_T_le_v4SPD16_eabi.lib : copy_zero_init.c.obj (.text:decompress:ZI:__TI_zero_init_nomemset:__TI_zero_init_nomemset)
                  000048d0    00000012                                   : wcslen.c.obj (.text:wcslen)
                  000048e2    0000000e     grlib.lib : image.obj (.text:GrImageDraw)
                  000048f0    0000000e     rtsv7M4_T_le_v4SPD16_eabi.lib : copy_decompress_none.c.obj (.text:decompress:none:__TI_decompress_none)
                  000048fe    0000000a     cfal96x64x16.obj (.text:CFAL96x64x16Flush)
                  00004908    00000008     grlib.lib : charmap.obj (.text:GrMapISO8859_1_Unicode)
                  00004910    00000008     driverlib.lib : i2c.obj (.text:I2CMasterBusy)
                  00004918    00000008     rtsv7M4_T_le_v4SPD16_eabi.lib : errno.c.obj (.text:__aeabi_errno_addr)
                  00004920    00000006     grlib.lib : string.obj (.text:GrContextFontSet)
                  00004926    00000006     tm4c123gh6pge_startup_ccs.obj (.text:ResetISR)
                  0000492c    00000006     driverlib.lib : uart.obj (.text:UARTClockSourceSet)
                  00004932    00000004     rtsv7M4_T_le_v4SPD16_eabi.lib : pre_init.c.obj (.text:_system_pre_init)
                  00004936    00000004                                   : exit.c.obj (.text:abort:abort)

.const     0    0000493c    00000f48     
                  0000493c    00000a1c     images.obj (.const:.string:g_pui8Image_UTS)
                  00005358    000002f8     grlib.lib : fontfixed6x8.obj (.const:.string:g_pui8FontFixed6x8Data)
                  00005650    00000101     rtsv7M4_T_le_v4SPD16_eabi.lib : ctype.c.obj (.const:.string:_ctypes_)
                  00005751    00000003     --HOLE-- [fill = 0]
                  00005754    000000c8     grlib.lib : fontfixed6x8.obj (.const:g_sFontFixed6x8)
                  0000581c    00000028     cfal96x64x16.obj (.const:g_sCFAL96x64x16)
                  00005844    00000012     uartstdio.obj (.const:.string)
                  00005856    00000002     --HOLE-- [fill = 0]
                  00005858    00000010     grlib.lib : context.obj (.const)
                  00005868    0000000c     uartstdio.obj (.const:g_ui32UARTBase)
                  00005874    0000000c     uartstdio.obj (.const:g_ui32UARTPeriph)
                  00005880    00000004     uartstdio.obj (.const)

.cinit     0    00005888    00000048     
                  00005888    0000001d     (.cinit..data.load) [load image, compression = lzss]
                  000058a5    00000003     --HOLE-- [fill = 0]
                  000058a8    0000000c     (__TI_handler_table)
                  000058b4    00000004     --HOLE-- [fill = 0]
                  000058b8    00000008     (.cinit..bss.load) [load image, compression = zero_init]
                  000058c0    00000010     (__TI_cinit_table)

.init_array 
*          0    00000000    00000000     UNINITIALIZED

.bss       0    20001060    00000110     UNINITIALIZED
                  20001060    0000002c     (.common:sContext)
                  2000108c    00000020     (.common:g_pui8Dictionary)
                  200010ac    00000010     (.common:ulADC0_Value)
                  200010bc    0000000c     (.common:ascii_FLT_T)
                  200010c8    0000000c     (.common:ascii_FLT_V)
                  200010d4    0000000c     (.common:ascii_IR_T)
                  200010e0    0000000c     (.common:ascii_KaF)
                  200010ec    0000000c     (.common:ascii_KaH)
                  200010f8    0000000c     (.common:ascii_KbF)
                  20001104    0000000c     (.common:ascii_KbH)
                  20001110    0000000c     (.common:ascii_LSH_T)
                  2000111c    0000000c     (.common:ascii_LSH_V)
                  20001128    0000000c     (.common:ascii_PWMF)
                  20001134    0000000c     (.common:ascii_PWMH)
                  20001140    0000000c     (.common:ascii_REF_T)
                  2000114c    0000000c     (.common:ascii_REF_V)
                  20001158    00000008     (.common:sRect)
                  20001160    00000004     TempController.obj (.bss)
                  20001164    00000004     (.common:ch0V)
                  20001168    00000004     (.common:ch2V)
                  2000116c    00000004     (.common:g_psGrLibDefaults)

.data      0    20001170    00000028     UNINITIALIZED
                  20001170    00000013     cfal96x64x16.obj (.data:g_ui8DisplayInitCommands)
                  20001183    00000007     TempController.obj (.data)
                  2000118a    00000002     --HOLE--
                  2000118c    00000005     uartstdio.obj (.data)
                  20001191    00000003     --HOLE--
                  20001194    00000004     rtsv7M4_T_le_v4SPD16_eabi.lib : errno.c.obj (.data)

.stack     0    20000000    00001060     UNINITIALIZED
                  20000000    00000004     rtsv7M4_T_le_v4SPD16_eabi.lib : boot_cortex_m.c.obj (.stack)
                  20000004    0000105c     --HOLE--

MODULE SUMMARY

       Module                          code    ro data   rw data
       ------                          ----    -------   -------
    .\
       TempController.obj              916     0         79     
       tm4c123gh6pge_startup_ccs.obj   12      620       0      
    +--+-------------------------------+-------+---------+---------+
       Total:                          928     620       79     
                                                                
    .\DADSlab\
       my_code.obj                     2972    0         164    
       images.obj                      0       2588      0      
    +--+-------------------------------+-------+---------+---------+
       Total:                          2972    2588      164    
                                                                
    .\drivers\
       cfal96x64x16.obj                1674    40        19     
    +--+-------------------------------+-------+---------+---------+
       Total:                          1674    40        19     
                                                                
    .\utils\
       uartstdio.obj                   1024    46        5      
    +--+-------------------------------+-------+---------+---------+
       Total:                          1024    46        5      
                                                                
    C:/Software/ti/TivaWare_C_Series-2.1.4.178/driverlib/ccs/Debug/driverlib.lib
       gpio.obj                        366     0         0      
       i2c.obj                         8       0         0      
       uart.obj                        6       0         0      
    +--+-------------------------------+-------+---------+---------+
       Total:                          380     0         0      
                                                                
    C:/Software/ti/TivaWare_C_Series-2.1.4.178/grlib/ccs/Debug/grlib.lib
       image.obj                       1658    0         32     
       string.obj                      1186    0         0      
       fontfixed6x8.obj                0       960       0      
       rectangle.obj                   134     0         0      
       context.obj                     104     16        4      
       charmap.obj                     8       0         0      
    +--+-------------------------------+-------+---------+---------+
       Total:                          3090    976       36     
                                                                
    C:\ti\ccs901\ccs\tools\compiler\ti-cgt-arm_18.12.1.LTS\lib\rtsv7M4_T_le_v4SPD16_eabi.lib
       _printfi.c.obj                  4851    0         0      
       fd_add_t2.asm.obj               438     0         0      
       fd_div_t2.asm.obj               310     0         0      
       s_scalbn.c.obj                  272     0         0      
       fd_cmp_t2.asm.obj               268     0         0      
       ctype.c.obj                     0       257       0      
       fd_mul_t2.asm.obj               252     0         0      
       memcpy_t2.asm.obj               156     0         0      
       ull_div_t2.asm.obj              150     0         0      
       snprintf.c.obj                  148     0         0      
       memset_t2.asm.obj               122     0         0      
       fd_tos_t2.asm.obj               110     0         0      
       copy_decompress_lzss.c.obj      104     0         0      
       s_frexp.c.obj                   100     0         0      
       ltoa.c.obj                      84      0         0      
       atoi.c.obj                      76      0         0      
       fd_toi_t2.asm.obj               72      0         0      
       autoinit.c.obj                  68      0         0      
       u_divt2.asm.obj                 64      0         0      
       fs_tod_t2.asm.obj               56      0         0      
       boot_cortex_m.c.obj             52      0         0      
       i_tofd_t2.asm.obj               46      0         0      
       u_tofd_t2.asm.obj               32      0         0      
       strcat.c.obj                    30      0         0      
       memccpy.c.obj                   28      0         0      
       s_copysign.c.obj                26      0         0      
       strchr.c.obj                    22      0         0      
       strcpy.c.obj                    20      0         0      
       strlen.c.obj                    20      0         0      
       copy_zero_init.c.obj            18      0         0      
       wcslen.c.obj                    18      0         0      
       copy_decompress_none.c.obj      14      0         0      
       errno.c.obj                     8       0         4      
       exit.c.obj                      4       0         0      
       pre_init.c.obj                  4       0         0      
       div0.asm.obj                    2       0         0      
    +--+-------------------------------+-------+---------+---------+
       Total:                          8045    257       4      
                                                                
       Stack:                          0       0         4192   
       Linker Generated:               0       65        0      
    +--+-------------------------------+-------+---------+---------+
       Grand Total:                    18113   4592      4499   


LINKER GENERATED COPY TABLES

__TI_cinit_table @ 000058c0 records: 2, size/record: 8, table size: 16
	.data: load addr=00005888, load size=0000001d bytes, run addr=20001170, run size=00000028 bytes, compression=lzss
	.bss: load addr=000058b8, load size=00000008 bytes, run addr=20001060, run size=00000110 bytes, compression=zero_init


LINKER GENERATED HANDLER TABLE

__TI_handler_table @ 000058a8 records: 3, size/record: 4, table size: 12
	index: 0, handler: __TI_decompress_lzss
	index: 1, handler: __TI_decompress_none
	index: 2, handler: __TI_zero_init


GLOBAL SYMBOLS: SORTED ALPHABETICALLY BY Name 

address   name                          
-------   ----                          
00004595  ADC0SS0Handler                
20001186  ADC_done                      
00004937  C$$EXIT                       
0000257d  CFAL96x64x16Init              
00003ea1  ConfigureUART                 
000046f1  GPIODirModeSet                
00002c9b  GPIOPadConfigSet              
000048ad  GPIOPinTypeI2CSCL             
00004921  GrContextFontSet              
00003dd1  GrContextInit                 
00003695  GrDefaultStringRenderer       
000047cf  GrFontCodepageGet             
0000478d  GrFontGlyphDataGet            
00001b7d  GrFontGlyphRender             
00004743  GrFontInfoGet                 
000048e3  GrImageDraw                   
00004909  GrMapISO8859_1_Unicode        
000039f1  GrRectFill                    
00004859  GrStringDraw                  
00004669  GrStringNextCharGet           
00004911  I2CMasterBusy                 
00003f05  IR_Read                       
0000451d  InitADC                       
00003b85  InitI2C1                      
000028ed  InitPWM                       
000035bd  InitTimerPWM                  
00002ef1  InitUART1                     
00001fed  PID_controller                
00004927  ResetISR                      
00003409  SendPacket                    
00004145  SysTickIntHandler             
000046c5  UART1IntHandler               
0000492d  UARTClockSourceSet            
00003c81  UARTStdioConfig               
00004769  UARTprintf                    
00001031  UARTvprintf                   
0000408d  UARTwrite                     
00003319  UpdateScreen                  
20001060  __STACK_END                   
00001060  __STACK_SIZE                  
20000200  __STACK_TOP                   
000058c0  __TI_CINIT_Base               
000058d0  __TI_CINIT_Limit              
000058a8  __TI_Handler_Table_Base       
000058b4  __TI_Handler_Table_Limit      
00004459  __TI_auto_init_nobinit_nopinit
00003e39  __TI_decompress_lzss          
000048f1  __TI_decompress_none          
ffffffff  __TI_pprof_out_hndl           
0000026d  __TI_printfi                  
ffffffff  __TI_prof_data_size           
ffffffff  __TI_prof_data_start          
00000000  __TI_static_base__            
000048bf  __TI_zero_init_nomemset       
00003a77  __aeabi_cdcmpeq               
00003a77  __aeabi_cdcmple               
00003afd  __aeabi_cdrcmple              
00003d63  __aeabi_d2f                   
000043cb  __aeabi_d2iz                  
0000273f  __aeabi_dadd                  
00002b65  __aeabi_ddiv                  
0000321d  __aeabi_dmul                  
00002735  __aeabi_dsub                  
00004919  __aeabi_errno_addr            
000045cd  __aeabi_f2d                   
00004697  __aeabi_i2d                   
00003b83  __aeabi_idiv0                 
00003b83  __aeabi_ldiv0                 
00003c05  __aeabi_memclr                
00003c05  __aeabi_memclr4               
00003c05  __aeabi_memclr8               
000038bf  __aeabi_memcpy                
000038bf  __aeabi_memcpy4               
000038bf  __aeabi_memcpy8               
00003c07  __aeabi_memset                
00003c07  __aeabi_memset4               
00003c07  __aeabi_memset8               
000047af  __aeabi_ui2d                  
0000449d  __aeabi_uidiv                 
0000449d  __aeabi_uidivmod              
0000395b  __aeabi_uldivmod              
ffffffff  __binit__                     
ffffffff  __c_args__                    
UNDEFED   __mpu_init                    
20000000  __stack                       
00004605  _c_int00_noargs               
00005650  _ctypes_                      
UNDEFED   _system_post_cinit            
00004933  _system_pre_init              
00004937  abort                         
00001dd1  adc2ASCII                     
200010bc  ascii_FLT_T                   
200010c8  ascii_FLT_V                   
200010d4  ascii_IR_T                    
200010e0  ascii_KaF                     
200010ec  ascii_KaH                     
200010f8  ascii_KbF                     
20001104  ascii_KbH                     
20001110  ascii_LSH_T                   
2000111c  ascii_LSH_V                   
20001128  ascii_PWMF                    
20001134  ascii_PWMH                    
20001140  ascii_REF_T                   
2000114c  ascii_REF_V                   
000042e9  atoi                          
ffffffff  binit                         
20001164  ch0V                          
20001168  ch2V                          
20001188  controller_time               
00004827  copysign                      
00004827  copysignl                     
20001183  counter_for_ADC               
20001184  counter_for_controller        
20001185  counter_for_packet            
20001194  errno                         
00003f69  frexp                         
00003f69  frexpl                        
00000000  g_pfnVectors                  
00005858  g_psDefaultCodePointMapTable  
0000493c  g_pui8Image_UTS               
0000581c  g_sCFAL96x64x16               
00005754  g_sFontFixed6x8               
0000311d  i2c_string                    
0000300d  ldexp                         
0000300d  ldexpl                        
000041f3  ltoa                          
00001635  main                          
0000480b  memccpy                       
000038bf  memcpy                        
00003c0d  memset                        
20001189  packet_time                   
20001060  sContext                      
20001158  sRect                         
0000300d  scalbn                        
0000300d  scalbnl                       
00004335  snprintf                      
000047ed  strcat                        
0000486f  strchr                        
00004885  strcpy                        
00004899  strlen                        
20001187  timer_tick                    
200010ac  ulADC0_Value                  
000048d1  wcslen                        


GLOBAL SYMBOLS: SORTED BY Symbol Address 

address   name                          
-------   ----                          
00000000  __TI_static_base__            
00000000  g_pfnVectors                  
0000026d  __TI_printfi                  
00001031  UARTvprintf                   
00001060  __STACK_SIZE                  
00001635  main                          
00001b7d  GrFontGlyphRender             
00001dd1  adc2ASCII                     
00001fed  PID_controller                
0000257d  CFAL96x64x16Init              
00002735  __aeabi_dsub                  
0000273f  __aeabi_dadd                  
000028ed  InitPWM                       
00002b65  __aeabi_ddiv                  
00002c9b  GPIOPadConfigSet              
00002ef1  InitUART1                     
0000300d  ldexp                         
0000300d  ldexpl                        
0000300d  scalbn                        
0000300d  scalbnl                       
0000311d  i2c_string                    
0000321d  __aeabi_dmul                  
00003319  UpdateScreen                  
00003409  SendPacket                    
000035bd  InitTimerPWM                  
00003695  GrDefaultStringRenderer       
000038bf  __aeabi_memcpy                
000038bf  __aeabi_memcpy4               
000038bf  __aeabi_memcpy8               
000038bf  memcpy                        
0000395b  __aeabi_uldivmod              
000039f1  GrRectFill                    
00003a77  __aeabi_cdcmpeq               
00003a77  __aeabi_cdcmple               
00003afd  __aeabi_cdrcmple              
00003b83  __aeabi_idiv0                 
00003b83  __aeabi_ldiv0                 
00003b85  InitI2C1                      
00003c05  __aeabi_memclr                
00003c05  __aeabi_memclr4               
00003c05  __aeabi_memclr8               
00003c07  __aeabi_memset                
00003c07  __aeabi_memset4               
00003c07  __aeabi_memset8               
00003c0d  memset                        
00003c81  UARTStdioConfig               
00003d63  __aeabi_d2f                   
00003dd1  GrContextInit                 
00003e39  __TI_decompress_lzss          
00003ea1  ConfigureUART                 
00003f05  IR_Read                       
00003f69  frexp                         
00003f69  frexpl                        
0000408d  UARTwrite                     
00004145  SysTickIntHandler             
000041f3  ltoa                          
000042e9  atoi                          
00004335  snprintf                      
000043cb  __aeabi_d2iz                  
00004459  __TI_auto_init_nobinit_nopinit
0000449d  __aeabi_uidiv                 
0000449d  __aeabi_uidivmod              
0000451d  InitADC                       
00004595  ADC0SS0Handler                
000045cd  __aeabi_f2d                   
00004605  _c_int00_noargs               
00004669  GrStringNextCharGet           
00004697  __aeabi_i2d                   
000046c5  UART1IntHandler               
000046f1  GPIODirModeSet                
00004743  GrFontInfoGet                 
00004769  UARTprintf                    
0000478d  GrFontGlyphDataGet            
000047af  __aeabi_ui2d                  
000047cf  GrFontCodepageGet             
000047ed  strcat                        
0000480b  memccpy                       
00004827  copysign                      
00004827  copysignl                     
00004859  GrStringDraw                  
0000486f  strchr                        
00004885  strcpy                        
00004899  strlen                        
000048ad  GPIOPinTypeI2CSCL             
000048bf  __TI_zero_init_nomemset       
000048d1  wcslen                        
000048e3  GrImageDraw                   
000048f1  __TI_decompress_none          
00004909  GrMapISO8859_1_Unicode        
00004911  I2CMasterBusy                 
00004919  __aeabi_errno_addr            
00004921  GrContextFontSet              
00004927  ResetISR                      
0000492d  UARTClockSourceSet            
00004933  _system_pre_init              
00004937  C$$EXIT                       
00004937  abort                         
0000493c  g_pui8Image_UTS               
00005650  _ctypes_                      
00005754  g_sFontFixed6x8               
0000581c  g_sCFAL96x64x16               
00005858  g_psDefaultCodePointMapTable  
000058a8  __TI_Handler_Table_Base       
000058b4  __TI_Handler_Table_Limit      
000058c0  __TI_CINIT_Base               
000058d0  __TI_CINIT_Limit              
20000000  __stack                       
20000200  __STACK_TOP                   
20001060  __STACK_END                   
20001060  sContext                      
200010ac  ulADC0_Value                  
200010bc  ascii_FLT_T                   
200010c8  ascii_FLT_V                   
200010d4  ascii_IR_T                    
200010e0  ascii_KaF                     
200010ec  ascii_KaH                     
200010f8  ascii_KbF                     
20001104  ascii_KbH                     
20001110  ascii_LSH_T                   
2000111c  ascii_LSH_V                   
20001128  ascii_PWMF                    
20001134  ascii_PWMH                    
20001140  ascii_REF_T                   
2000114c  ascii_REF_V                   
20001158  sRect                         
20001164  ch0V                          
20001168  ch2V                          
20001183  counter_for_ADC               
20001184  counter_for_controller        
20001185  counter_for_packet            
20001186  ADC_done                      
20001187  timer_tick                    
20001188  controller_time               
20001189  packet_time                   
20001194  errno                         
ffffffff  __TI_pprof_out_hndl           
ffffffff  __TI_prof_data_size           
ffffffff  __TI_prof_data_start          
ffffffff  __binit__                     
ffffffff  __c_args__                    
ffffffff  binit                         
UNDEFED   __mpu_init                    
UNDEFED   _system_post_cinit            

[143 symbols]
