<?xml version="1.0" encoding="ISO-8859-1" ?>
<link_info>
   <banner>TI ARM Linker PC v18.12.1.LTS</banner>
   <copyright>Copyright (c) 1996-2018 Texas Instruments Incorporated</copyright>
   <link_time>0x5ce8a808</link_time>
   <link_errors>0x0</link_errors>
   <output_file>TempController_template.out</output_file>
   <entry_point>
      <name>_c_int00_noargs</name>
      <address>0x45f9</address>
   </entry_point>
   <input_file_list>
      <input_file id="fl-2">
         <path>.\</path>
         <kind>object</kind>
         <file>TempController.obj</file>
         <name>TempController.obj</name>
      </input_file>
      <input_file id="fl-3">
         <path>.\</path>
         <kind>object</kind>
         <file>tm4c123gh6pge_startup_ccs.obj</file>
         <name>tm4c123gh6pge_startup_ccs.obj</name>
      </input_file>
      <input_file id="fl-4">
         <path>.\DADSlab\</path>
         <kind>object</kind>
         <file>images.obj</file>
         <name>images.obj</name>
      </input_file>
      <input_file id="fl-5">
         <path>.\DADSlab\</path>
         <kind>object</kind>
         <file>my_code.obj</file>
         <name>my_code.obj</name>
      </input_file>
      <input_file id="fl-6">
         <path>.\drivers\</path>
         <kind>object</kind>
         <file>cfal96x64x16.obj</file>
         <name>cfal96x64x16.obj</name>
      </input_file>
      <input_file id="fl-7">
         <path>.\utils\</path>
         <kind>object</kind>
         <file>uartstdio.obj</file>
         <name>uartstdio.obj</name>
      </input_file>
      <input_file id="fl-d">
         <kind>object</kind>
         <file>&lt;internal&gt;</file>
         <name>&lt;internal&gt;</name>
      </input_file>
      <input_file id="fl-e">
         <path>C:\Software\ti\TivaWare_C_Series-2.1.4.178\driverlib\ccs\Debug\</path>
         <kind>archive</kind>
         <file>driverlib.lib</file>
         <name>gpio.obj</name>
      </input_file>
      <input_file id="fl-f">
         <path>C:\Software\ti\TivaWare_C_Series-2.1.4.178\driverlib\ccs\Debug\</path>
         <kind>archive</kind>
         <file>driverlib.lib</file>
         <name>i2c.obj</name>
      </input_file>
      <input_file id="fl-10">
         <path>C:\Software\ti\TivaWare_C_Series-2.1.4.178\driverlib\ccs\Debug\</path>
         <kind>archive</kind>
         <file>driverlib.lib</file>
         <name>interrupt.obj</name>
      </input_file>
      <input_file id="fl-11">
         <path>C:\Software\ti\TivaWare_C_Series-2.1.4.178\driverlib\ccs\Debug\</path>
         <kind>archive</kind>
         <file>driverlib.lib</file>
         <name>uart.obj</name>
      </input_file>
      <input_file id="fl-12">
         <path>C:\Software\ti\TivaWare_C_Series-2.1.4.178\driverlib\ccs\Debug\</path>
         <kind>archive</kind>
         <file>driverlib.lib</file>
         <name>cpu.obj</name>
      </input_file>
      <input_file id="fl-13">
         <path>C:\Software\ti\TivaWare_C_Series-2.1.4.178\grlib\ccs\Debug\</path>
         <kind>archive</kind>
         <file>grlib.lib</file>
         <name>context.obj</name>
      </input_file>
      <input_file id="fl-14">
         <path>C:\Software\ti\TivaWare_C_Series-2.1.4.178\grlib\ccs\Debug\</path>
         <kind>archive</kind>
         <file>grlib.lib</file>
         <name>image.obj</name>
      </input_file>
      <input_file id="fl-15">
         <path>C:\Software\ti\TivaWare_C_Series-2.1.4.178\grlib\ccs\Debug\</path>
         <kind>archive</kind>
         <file>grlib.lib</file>
         <name>rectangle.obj</name>
      </input_file>
      <input_file id="fl-16">
         <path>C:\Software\ti\TivaWare_C_Series-2.1.4.178\grlib\ccs\Debug\</path>
         <kind>archive</kind>
         <file>grlib.lib</file>
         <name>string.obj</name>
      </input_file>
      <input_file id="fl-17">
         <path>C:\Software\ti\TivaWare_C_Series-2.1.4.178\grlib\ccs\Debug\</path>
         <kind>archive</kind>
         <file>grlib.lib</file>
         <name>fontfixed6x8.obj</name>
      </input_file>
      <input_file id="fl-18">
         <path>C:\Software\ti\TivaWare_C_Series-2.1.4.178\grlib\ccs\Debug\</path>
         <kind>archive</kind>
         <file>grlib.lib</file>
         <name>charmap.obj</name>
      </input_file>
      <input_file id="fl-19">
         <path>C:\Software\ti\TivaWare_C_Series-2.1.4.178\grlib\ccs\Debug\</path>
         <kind>archive</kind>
         <file>grlib.lib</file>
         <name>line.obj</name>
      </input_file>
      <input_file id="fl-cf">
         <path>C:\ti\ccs901\ccs\tools\compiler\ti-cgt-arm_18.12.1.LTS\lib\</path>
         <kind>archive</kind>
         <file>rtsv7M4_T_le_v4SPD16_eabi.lib</file>
         <name>snprintf.c.obj</name>
      </input_file>
      <input_file id="fl-d0">
         <path>C:\ti\ccs901\ccs\tools\compiler\ti-cgt-arm_18.12.1.LTS\lib\</path>
         <kind>archive</kind>
         <file>rtsv7M4_T_le_v4SPD16_eabi.lib</file>
         <name>fd_add_t2.asm.obj</name>
      </input_file>
      <input_file id="fl-d1">
         <path>C:\ti\ccs901\ccs\tools\compiler\ti-cgt-arm_18.12.1.LTS\lib\</path>
         <kind>archive</kind>
         <file>rtsv7M4_T_le_v4SPD16_eabi.lib</file>
         <name>fd_div_t2.asm.obj</name>
      </input_file>
      <input_file id="fl-d2">
         <path>C:\ti\ccs901\ccs\tools\compiler\ti-cgt-arm_18.12.1.LTS\lib\</path>
         <kind>archive</kind>
         <file>rtsv7M4_T_le_v4SPD16_eabi.lib</file>
         <name>fd_mul_t2.asm.obj</name>
      </input_file>
      <input_file id="fl-d3">
         <path>C:\ti\ccs901\ccs\tools\compiler\ti-cgt-arm_18.12.1.LTS\lib\</path>
         <kind>archive</kind>
         <file>rtsv7M4_T_le_v4SPD16_eabi.lib</file>
         <name>fd_tos_t2.asm.obj</name>
      </input_file>
      <input_file id="fl-d4">
         <path>C:\ti\ccs901\ccs\tools\compiler\ti-cgt-arm_18.12.1.LTS\lib\</path>
         <kind>archive</kind>
         <file>rtsv7M4_T_le_v4SPD16_eabi.lib</file>
         <name>fs_tod_t2.asm.obj</name>
      </input_file>
      <input_file id="fl-d5">
         <path>C:\ti\ccs901\ccs\tools\compiler\ti-cgt-arm_18.12.1.LTS\lib\</path>
         <kind>archive</kind>
         <file>rtsv7M4_T_le_v4SPD16_eabi.lib</file>
         <name>memcpy_t2.asm.obj</name>
      </input_file>
      <input_file id="fl-d6">
         <path>C:\ti\ccs901\ccs\tools\compiler\ti-cgt-arm_18.12.1.LTS\lib\</path>
         <kind>archive</kind>
         <file>rtsv7M4_T_le_v4SPD16_eabi.lib</file>
         <name>u_tofd_t2.asm.obj</name>
      </input_file>
      <input_file id="fl-d7">
         <path>C:\ti\ccs901\ccs\tools\compiler\ti-cgt-arm_18.12.1.LTS\lib\</path>
         <kind>archive</kind>
         <file>rtsv7M4_T_le_v4SPD16_eabi.lib</file>
         <name>u_divt2.asm.obj</name>
      </input_file>
      <input_file id="fl-d8">
         <path>C:\ti\ccs901\ccs\tools\compiler\ti-cgt-arm_18.12.1.LTS\lib\</path>
         <kind>archive</kind>
         <file>rtsv7M4_T_le_v4SPD16_eabi.lib</file>
         <name>copy_zero_init.c.obj</name>
      </input_file>
      <input_file id="fl-d9">
         <path>C:\ti\ccs901\ccs\tools\compiler\ti-cgt-arm_18.12.1.LTS\lib\</path>
         <kind>archive</kind>
         <file>rtsv7M4_T_le_v4SPD16_eabi.lib</file>
         <name>copy_decompress_none.c.obj</name>
      </input_file>
      <input_file id="fl-da">
         <path>C:\ti\ccs901\ccs\tools\compiler\ti-cgt-arm_18.12.1.LTS\lib\</path>
         <kind>archive</kind>
         <file>rtsv7M4_T_le_v4SPD16_eabi.lib</file>
         <name>copy_decompress_lzss.c.obj</name>
      </input_file>
      <input_file id="fl-db">
         <path>C:\ti\ccs901\ccs\tools\compiler\ti-cgt-arm_18.12.1.LTS\lib\</path>
         <kind>archive</kind>
         <file>rtsv7M4_T_le_v4SPD16_eabi.lib</file>
         <name>strcat.c.obj</name>
      </input_file>
      <input_file id="fl-dc">
         <path>C:\ti\ccs901\ccs\tools\compiler\ti-cgt-arm_18.12.1.LTS\lib\</path>
         <kind>archive</kind>
         <file>rtsv7M4_T_le_v4SPD16_eabi.lib</file>
         <name>strcpy.c.obj</name>
      </input_file>
      <input_file id="fl-dd">
         <path>C:\ti\ccs901\ccs\tools\compiler\ti-cgt-arm_18.12.1.LTS\lib\</path>
         <kind>archive</kind>
         <file>rtsv7M4_T_le_v4SPD16_eabi.lib</file>
         <name>boot_cortex_m.c.obj</name>
      </input_file>
      <input_file id="fl-de">
         <path>C:\ti\ccs901\ccs\tools\compiler\ti-cgt-arm_18.12.1.LTS\lib\</path>
         <kind>archive</kind>
         <file>rtsv7M4_T_le_v4SPD16_eabi.lib</file>
         <name>_printfi.c.obj</name>
      </input_file>
      <input_file id="fl-df">
         <path>C:\ti\ccs901\ccs\tools\compiler\ti-cgt-arm_18.12.1.LTS\lib\</path>
         <kind>archive</kind>
         <file>rtsv7M4_T_le_v4SPD16_eabi.lib</file>
         <name>s_frexp.c.obj</name>
      </input_file>
      <input_file id="fl-e0">
         <path>C:\ti\ccs901\ccs\tools\compiler\ti-cgt-arm_18.12.1.LTS\lib\</path>
         <kind>archive</kind>
         <file>rtsv7M4_T_le_v4SPD16_eabi.lib</file>
         <name>s_scalbn.c.obj</name>
      </input_file>
      <input_file id="fl-e1">
         <path>C:\ti\ccs901\ccs\tools\compiler\ti-cgt-arm_18.12.1.LTS\lib\</path>
         <kind>archive</kind>
         <file>rtsv7M4_T_le_v4SPD16_eabi.lib</file>
         <name>s_copysign.c.obj</name>
      </input_file>
      <input_file id="fl-e2">
         <path>C:\ti\ccs901\ccs\tools\compiler\ti-cgt-arm_18.12.1.LTS\lib\</path>
         <kind>archive</kind>
         <file>rtsv7M4_T_le_v4SPD16_eabi.lib</file>
         <name>div0.asm.obj</name>
      </input_file>
      <input_file id="fl-e3">
         <path>C:\ti\ccs901\ccs\tools\compiler\ti-cgt-arm_18.12.1.LTS\lib\</path>
         <kind>archive</kind>
         <file>rtsv7M4_T_le_v4SPD16_eabi.lib</file>
         <name>ull_div_t2.asm.obj</name>
      </input_file>
      <input_file id="fl-e4">
         <path>C:\ti\ccs901\ccs\tools\compiler\ti-cgt-arm_18.12.1.LTS\lib\</path>
         <kind>archive</kind>
         <file>rtsv7M4_T_le_v4SPD16_eabi.lib</file>
         <name>fd_cmp_t2.asm.obj</name>
      </input_file>
      <input_file id="fl-e5">
         <path>C:\ti\ccs901\ccs\tools\compiler\ti-cgt-arm_18.12.1.LTS\lib\</path>
         <kind>archive</kind>
         <file>rtsv7M4_T_le_v4SPD16_eabi.lib</file>
         <name>fd_toi_t2.asm.obj</name>
      </input_file>
      <input_file id="fl-e6">
         <path>C:\ti\ccs901\ccs\tools\compiler\ti-cgt-arm_18.12.1.LTS\lib\</path>
         <kind>archive</kind>
         <file>rtsv7M4_T_le_v4SPD16_eabi.lib</file>
         <name>i_tofd_t2.asm.obj</name>
      </input_file>
      <input_file id="fl-e7">
         <path>C:\ti\ccs901\ccs\tools\compiler\ti-cgt-arm_18.12.1.LTS\lib\</path>
         <kind>archive</kind>
         <file>rtsv7M4_T_le_v4SPD16_eabi.lib</file>
         <name>memset_t2.asm.obj</name>
      </input_file>
      <input_file id="fl-e8">
         <path>C:\ti\ccs901\ccs\tools\compiler\ti-cgt-arm_18.12.1.LTS\lib\</path>
         <kind>archive</kind>
         <file>rtsv7M4_T_le_v4SPD16_eabi.lib</file>
         <name>autoinit.c.obj</name>
      </input_file>
      <input_file id="fl-e9">
         <path>C:\ti\ccs901\ccs\tools\compiler\ti-cgt-arm_18.12.1.LTS\lib\</path>
         <kind>archive</kind>
         <file>rtsv7M4_T_le_v4SPD16_eabi.lib</file>
         <name>pre_init.c.obj</name>
      </input_file>
      <input_file id="fl-ea">
         <path>C:\ti\ccs901\ccs\tools\compiler\ti-cgt-arm_18.12.1.LTS\lib\</path>
         <kind>archive</kind>
         <file>rtsv7M4_T_le_v4SPD16_eabi.lib</file>
         <name>cpy_tbl.c.obj</name>
      </input_file>
      <input_file id="fl-eb">
         <path>C:\ti\ccs901\ccs\tools\compiler\ti-cgt-arm_18.12.1.LTS\lib\</path>
         <kind>archive</kind>
         <file>rtsv7M4_T_le_v4SPD16_eabi.lib</file>
         <name>exit.c.obj</name>
      </input_file>
      <input_file id="fl-ec">
         <path>C:\ti\ccs901\ccs\tools\compiler\ti-cgt-arm_18.12.1.LTS\lib\</path>
         <kind>archive</kind>
         <file>rtsv7M4_T_le_v4SPD16_eabi.lib</file>
         <name>_lock.c.obj</name>
      </input_file>
      <input_file id="fl-ed">
         <path>C:\ti\ccs901\ccs\tools\compiler\ti-cgt-arm_18.12.1.LTS\lib\</path>
         <kind>archive</kind>
         <file>rtsv7M4_T_le_v4SPD16_eabi.lib</file>
         <name>args_main.c.obj</name>
      </input_file>
      <input_file id="fl-ee">
         <path>C:\ti\ccs901\ccs\tools\compiler\ti-cgt-arm_18.12.1.LTS\lib\</path>
         <kind>archive</kind>
         <file>rtsv7M4_T_le_v4SPD16_eabi.lib</file>
         <name>atoi.c.obj</name>
      </input_file>
      <input_file id="fl-ef">
         <path>C:\ti\ccs901\ccs\tools\compiler\ti-cgt-arm_18.12.1.LTS\lib\</path>
         <kind>archive</kind>
         <file>rtsv7M4_T_le_v4SPD16_eabi.lib</file>
         <name>ctype.c.obj</name>
      </input_file>
      <input_file id="fl-f0">
         <path>C:\ti\ccs901\ccs\tools\compiler\ti-cgt-arm_18.12.1.LTS\lib\</path>
         <kind>archive</kind>
         <file>rtsv7M4_T_le_v4SPD16_eabi.lib</file>
         <name>ltoa.c.obj</name>
      </input_file>
      <input_file id="fl-f1">
         <path>C:\ti\ccs901\ccs\tools\compiler\ti-cgt-arm_18.12.1.LTS\lib\</path>
         <kind>archive</kind>
         <file>rtsv7M4_T_le_v4SPD16_eabi.lib</file>
         <name>memccpy.c.obj</name>
      </input_file>
      <input_file id="fl-f2">
         <path>C:\ti\ccs901\ccs\tools\compiler\ti-cgt-arm_18.12.1.LTS\lib\</path>
         <kind>archive</kind>
         <file>rtsv7M4_T_le_v4SPD16_eabi.lib</file>
         <name>strchr.c.obj</name>
      </input_file>
      <input_file id="fl-f3">
         <path>C:\ti\ccs901\ccs\tools\compiler\ti-cgt-arm_18.12.1.LTS\lib\</path>
         <kind>archive</kind>
         <file>rtsv7M4_T_le_v4SPD16_eabi.lib</file>
         <name>strlen.c.obj</name>
      </input_file>
      <input_file id="fl-f4">
         <path>C:\ti\ccs901\ccs\tools\compiler\ti-cgt-arm_18.12.1.LTS\lib\</path>
         <kind>archive</kind>
         <file>rtsv7M4_T_le_v4SPD16_eabi.lib</file>
         <name>errno.c.obj</name>
      </input_file>
      <input_file id="fl-f5">
         <path>C:\ti\ccs901\ccs\tools\compiler\ti-cgt-arm_18.12.1.LTS\lib\</path>
         <kind>archive</kind>
         <file>rtsv7M4_T_le_v4SPD16_eabi.lib</file>
         <name>wcslen.c.obj</name>
      </input_file>
   </input_file_list>
   <object_component_list>
      <object_component id="oc-f">
         <name>.intvecs</name>
         <load_address>0x0</load_address>
         <run_address>0x0</run_address>
         <size>0x26c</size>
         <input_file_ref idref="fl-3"/>
      </object_component>
      <object_component id="oc-32e">
         <name>.text:__TI_printfi</name>
         <load_address>0x26c</load_address>
         <run_address>0x26c</run_address>
         <size>0xa4e</size>
         <input_file_ref idref="fl-de"/>
      </object_component>
      <object_component id="oc-30">
         <name>.text:FaultISR</name>
         <load_address>0xcba</load_address>
         <run_address>0xcba</run_address>
         <size>0x2</size>
         <input_file_ref idref="fl-3"/>
      </object_component>
      <object_component id="oc-1fc">
         <name>.text:InternalImageDraw</name>
         <load_address>0xcbc</load_address>
         <run_address>0xcbc</run_address>
         <size>0x374</size>
         <input_file_ref idref="fl-14"/>
      </object_component>
      <object_component id="oc-1c5">
         <name>.text:UARTvprintf</name>
         <load_address>0x1030</load_address>
         <run_address>0x1030</run_address>
         <size>0x30c</size>
         <input_file_ref idref="fl-7"/>
      </object_component>
      <object_component id="oc-312">
         <name>.text:PixelTransparentDraw</name>
         <load_address>0x133c</load_address>
         <run_address>0x133c</run_address>
         <size>0x2f8</size>
         <input_file_ref idref="fl-14"/>
      </object_component>
      <object_component id="oc-cb">
         <name>.text:main</name>
         <load_address>0x1634</load_address>
         <run_address>0x1634</run_address>
         <size>0x2d8</size>
         <input_file_ref idref="fl-2"/>
      </object_component>
      <object_component id="oc-3e1">
         <name>.text:_pconv_a</name>
         <load_address>0x190c</load_address>
         <run_address>0x190c</run_address>
         <size>0x270</size>
         <input_file_ref idref="fl-de"/>
      </object_component>
      <object_component id="oc-301">
         <name>.text:GrFontGlyphRender</name>
         <load_address>0x1b7c</load_address>
         <run_address>0x1b7c</run_address>
         <size>0x254</size>
         <input_file_ref idref="fl-16"/>
      </object_component>
      <object_component id="oc-15c">
         <name>.text:adc2ASCII</name>
         <load_address>0x1dd0</load_address>
         <run_address>0x1dd0</run_address>
         <size>0x230</size>
         <input_file_ref idref="fl-5"/>
      </object_component>
      <object_component id="oc-3cf">
         <name>.text:_pconv_g</name>
         <load_address>0x2000</load_address>
         <run_address>0x2000</run_address>
         <size>0x1d0</size>
         <input_file_ref idref="fl-de"/>
      </object_component>
      <object_component id="oc-26d">
         <name>.text:CFAL96x64x16PixelDrawMultiple</name>
         <load_address>0x21d0</load_address>
         <run_address>0x21d0</run_address>
         <size>0x1be</size>
         <input_file_ref idref="fl-6"/>
      </object_component>
      <object_component id="oc-36">
         <name>.text:IntDefaultHandler</name>
         <load_address>0x238e</load_address>
         <run_address>0x238e</run_address>
         <size>0x2</size>
         <input_file_ref idref="fl-3"/>
      </object_component>
      <object_component id="oc-12c">
         <name>.text:CFAL96x64x16Init</name>
         <load_address>0x2390</load_address>
         <run_address>0x2390</run_address>
         <size>0x1b8</size>
         <input_file_ref idref="fl-6"/>
      </object_component>
      <object_component id="oc-245">
         <name>.text</name>
         <load_address>0x2548</load_address>
         <run_address>0x2548</run_address>
         <size>0x1b6</size>
         <input_file_ref idref="fl-d0"/>
      </object_component>
      <object_component id="oc-2a">
         <name>.text:NmiSR</name>
         <load_address>0x26fe</load_address>
         <run_address>0x26fe</run_address>
         <size>0x2</size>
         <input_file_ref idref="fl-3"/>
      </object_component>
      <object_component id="oc-114">
         <name>.text:InitPWM</name>
         <load_address>0x2700</load_address>
         <run_address>0x2700</run_address>
         <size>0x13c</size>
         <input_file_ref idref="fl-5"/>
      </object_component>
      <object_component id="oc-3db">
         <name>.text:_pconv_e</name>
         <load_address>0x283c</load_address>
         <run_address>0x283c</run_address>
         <size>0x13c</size>
         <input_file_ref idref="fl-de"/>
      </object_component>
      <object_component id="oc-23b">
         <name>.text</name>
         <load_address>0x2978</load_address>
         <run_address>0x2978</run_address>
         <size>0x136</size>
         <input_file_ref idref="fl-d1"/>
      </object_component>
      <object_component id="oc-2e4">
         <name>.text:GPIOPadConfigSet</name>
         <load_address>0x2aae</load_address>
         <run_address>0x2aae</run_address>
         <size>0x132</size>
         <input_file_ref idref="fl-e"/>
      </object_component>
      <object_component id="oc-456">
         <name>.text:fcvt</name>
         <load_address>0x2be0</load_address>
         <run_address>0x2be0</run_address>
         <size>0x124</size>
         <input_file_ref idref="fl-de"/>
      </object_component>
      <object_component id="oc-120">
         <name>.text:InitUART1</name>
         <load_address>0x2d04</load_address>
         <run_address>0x2d04</run_address>
         <size>0x11c</size>
         <input_file_ref idref="fl-5"/>
      </object_component>
      <object_component id="oc-10e">
         <name>.text:InitADC</name>
         <load_address>0x2e20</load_address>
         <run_address>0x2e20</run_address>
         <size>0x114</size>
         <input_file_ref idref="fl-5"/>
      </object_component>
      <object_component id="oc-46a">
         <name>.text:scalbn</name>
         <load_address>0x2f34</load_address>
         <run_address>0x2f34</run_address>
         <size>0x110</size>
         <input_file_ref idref="fl-e0"/>
      </object_component>
      <object_component id="oc-156">
         <name>.text:PID_controller</name>
         <load_address>0x3044</load_address>
         <run_address>0x3044</run_address>
         <size>0x10c</size>
         <input_file_ref idref="fl-5"/>
      </object_component>
      <object_component id="oc-21b">
         <name>.text:i2c_string</name>
         <load_address>0x3150</load_address>
         <run_address>0x3150</run_address>
         <size>0x100</size>
         <input_file_ref idref="fl-5"/>
      </object_component>
      <object_component id="oc-236">
         <name>.text</name>
         <load_address>0x3250</load_address>
         <run_address>0x3250</run_address>
         <size>0xfc</size>
         <input_file_ref idref="fl-d2"/>
      </object_component>
      <object_component id="oc-162">
         <name>.text:UpdateScreen</name>
         <load_address>0x334c</load_address>
         <run_address>0x334c</run_address>
         <size>0xf0</size>
         <input_file_ref idref="fl-5"/>
      </object_component>
      <object_component id="oc-168">
         <name>.text:SendPacket</name>
         <load_address>0x343c</load_address>
         <run_address>0x343c</run_address>
         <size>0xdc</size>
         <input_file_ref idref="fl-5"/>
      </object_component>
      <object_component id="oc-279">
         <name>.text:CFAL96x64x16LineDrawV</name>
         <load_address>0x3518</load_address>
         <run_address>0x3518</run_address>
         <size>0xd8</size>
         <input_file_ref idref="fl-6"/>
      </object_component>
      <object_component id="oc-11a">
         <name>.text:InitTimerPWM</name>
         <load_address>0x35f0</load_address>
         <run_address>0x35f0</run_address>
         <size>0xd8</size>
         <input_file_ref idref="fl-5"/>
      </object_component>
      <object_component id="oc-1ef">
         <name>.text:GrDefaultStringRenderer</name>
         <load_address>0x36c8</load_address>
         <run_address>0x36c8</run_address>
         <size>0xc0</size>
         <input_file_ref idref="fl-16"/>
      </object_component>
      <object_component id="oc-273">
         <name>.text:CFAL96x64x16LineDrawH</name>
         <load_address>0x3788</load_address>
         <run_address>0x3788</run_address>
         <size>0xb8</size>
         <input_file_ref idref="fl-6"/>
      </object_component>
      <object_component id="oc-3c4">
         <name>.text:_ltostr</name>
         <load_address>0x3840</load_address>
         <run_address>0x3840</run_address>
         <size>0xb1</size>
         <input_file_ref idref="fl-de"/>
      </object_component>
      <object_component id="oc-5c">
         <name>.text</name>
         <load_address>0x38f2</load_address>
         <run_address>0x38f2</run_address>
         <size>0x9c</size>
         <input_file_ref idref="fl-d5"/>
      </object_component>
      <object_component id="oc-42d">
         <name>.text</name>
         <load_address>0x398e</load_address>
         <run_address>0x398e</run_address>
         <size>0x96</size>
         <input_file_ref idref="fl-e3"/>
      </object_component>
      <object_component id="oc-144">
         <name>.text:GrRectFill</name>
         <load_address>0x3a24</load_address>
         <run_address>0x3a24</run_address>
         <size>0x86</size>
         <input_file_ref idref="fl-15"/>
      </object_component>
      <object_component id="oc-3ca">
         <name>.text:__aeabi_cdcmple</name>
         <load_address>0x3aaa</load_address>
         <run_address>0x3aaa</run_address>
         <size>0x86</size>
         <input_file_ref idref="fl-e4"/>
      </object_component>
      <object_component id="oc-434">
         <name>.text:__aeabi_cdrcmple</name>
         <load_address>0x3b30</load_address>
         <run_address>0x3b30</run_address>
         <size>0x86</size>
         <input_file_ref idref="fl-e4"/>
      </object_component>
      <object_component id="oc-396">
         <name>.text</name>
         <load_address>0x3bb6</load_address>
         <run_address>0x3bb6</run_address>
         <size>0x2</size>
         <input_file_ref idref="fl-e2"/>
      </object_component>
      <object_component id="oc-126">
         <name>.text:InitI2C1</name>
         <load_address>0x3bb8</load_address>
         <run_address>0x3bb8</run_address>
         <size>0x80</size>
         <input_file_ref idref="fl-5"/>
      </object_component>
      <object_component id="oc-bf">
         <name>.text</name>
         <load_address>0x3c38</load_address>
         <run_address>0x3c38</run_address>
         <size>0x7a</size>
         <input_file_ref idref="fl-e7"/>
      </object_component>
      <object_component id="oc-1be">
         <name>.text:UARTStdioConfig</name>
         <load_address>0x3cb4</load_address>
         <run_address>0x3cb4</run_address>
         <size>0x74</size>
         <input_file_ref idref="fl-7"/>
      </object_component>
      <object_component id="oc-44f">
         <name>.text:_mcpy</name>
         <load_address>0x3d28</load_address>
         <run_address>0x3d28</run_address>
         <size>0x6e</size>
         <input_file_ref idref="fl-de"/>
      </object_component>
      <object_component id="oc-240">
         <name>.text</name>
         <load_address>0x3d96</load_address>
         <run_address>0x3d96</run_address>
         <size>0x6e</size>
         <input_file_ref idref="fl-d3"/>
      </object_component>
      <object_component id="oc-132">
         <name>.text:GrContextInit</name>
         <load_address>0x3e04</load_address>
         <run_address>0x3e04</run_address>
         <size>0x68</size>
         <input_file_ref idref="fl-13"/>
      </object_component>
      <object_component id="oc-12">
         <name>.text:decompress:lzss:__TI_decompress_lzss</name>
         <load_address>0x3e6c</load_address>
         <run_address>0x3e6c</run_address>
         <size>0x68</size>
         <input_file_ref idref="fl-da"/>
      </object_component>
      <object_component id="oc-102">
         <name>.text:ConfigureUART</name>
         <load_address>0x3ed4</load_address>
         <run_address>0x3ed4</run_address>
         <size>0x64</size>
         <input_file_ref idref="fl-2"/>
      </object_component>
      <object_component id="oc-150">
         <name>.text:IR_Read</name>
         <load_address>0x3f38</load_address>
         <run_address>0x3f38</run_address>
         <size>0x64</size>
         <input_file_ref idref="fl-5"/>
      </object_component>
      <object_component id="oc-464">
         <name>.text:frexp</name>
         <load_address>0x3f9c</load_address>
         <run_address>0x3f9c</run_address>
         <size>0x64</size>
         <input_file_ref idref="fl-df"/>
      </object_component>
      <object_component id="oc-1df">
         <name>.text:CFAL96x64x16WriteCommand</name>
         <load_address>0x4000</load_address>
         <run_address>0x4000</run_address>
         <size>0x60</size>
         <input_file_ref idref="fl-6"/>
      </object_component>
      <object_component id="oc-356">
         <name>.text:CFAL96x64x16WriteData</name>
         <load_address>0x4060</load_address>
         <run_address>0x4060</run_address>
         <size>0x60</size>
         <input_file_ref idref="fl-6"/>
      </object_component>
      <object_component id="oc-2c6">
         <name>.text:UARTwrite</name>
         <load_address>0x40c0</load_address>
         <run_address>0x40c0</run_address>
         <size>0x5c</size>
         <input_file_ref idref="fl-7"/>
      </object_component>
      <object_component id="oc-3a4">
         <name>.text:FontWideGlyphDataGet</name>
         <load_address>0x411c</load_address>
         <run_address>0x411c</run_address>
         <size>0x5a</size>
         <input_file_ref idref="fl-16"/>
      </object_component>
      <object_component id="oc-3c">
         <name>.text:SysTickIntHandler</name>
         <load_address>0x4178</load_address>
         <run_address>0x4178</run_address>
         <size>0x58</size>
         <input_file_ref idref="fl-2"/>
      </object_component>
      <object_component id="oc-3d5">
         <name>.text:_pconv_f</name>
         <load_address>0x41d0</load_address>
         <run_address>0x41d0</run_address>
         <size>0x56</size>
         <input_file_ref idref="fl-de"/>
      </object_component>
      <object_component id="oc-43e">
         <name>.text:ltoa</name>
         <load_address>0x4226</load_address>
         <run_address>0x4226</run_address>
         <size>0x54</size>
         <input_file_ref idref="fl-f0"/>
      </object_component>
      <object_component id="oc-449">
         <name>.text:_ecpy</name>
         <load_address>0x427a</load_address>
         <run_address>0x427a</run_address>
         <size>0x52</size>
         <input_file_ref idref="fl-de"/>
      </object_component>
      <object_component id="oc-267">
         <name>.text:CFAL96x64x16PixelDraw</name>
         <load_address>0x42cc</load_address>
         <run_address>0x42cc</run_address>
         <size>0x4e</size>
         <input_file_ref idref="fl-6"/>
      </object_component>
      <object_component id="oc-3be">
         <name>.text:atoi</name>
         <load_address>0x431c</load_address>
         <run_address>0x431c</run_address>
         <size>0x4c</size>
         <input_file_ref idref="fl-ee"/>
      </object_component>
      <object_component id="oc-221">
         <name>.text:snprintf</name>
         <load_address>0x4368</load_address>
         <run_address>0x4368</run_address>
         <size>0x4c</size>
         <input_file_ref idref="fl-cf"/>
      </object_component>
      <object_component id="oc-20a">
         <name>.text:UpdateContextCharMapping</name>
         <load_address>0x43b4</load_address>
         <run_address>0x43b4</run_address>
         <size>0x4a</size>
         <input_file_ref idref="fl-16"/>
      </object_component>
      <object_component id="oc-439">
         <name>.text</name>
         <load_address>0x43fe</load_address>
         <run_address>0x43fe</run_address>
         <size>0x48</size>
         <input_file_ref idref="fl-e5"/>
      </object_component>
      <object_component id="oc-1e5">
         <name>.text:CFAL96x64x16RectFill</name>
         <load_address>0x4446</load_address>
         <run_address>0x4446</run_address>
         <size>0x44</size>
         <input_file_ref idref="fl-6"/>
      </object_component>
      <object_component id="oc-186">
         <name>.text:__TI_auto_init_nobinit_nopinit:__TI_auto_init_nobinit_nopinit</name>
         <load_address>0x448c</load_address>
         <run_address>0x448c</run_address>
         <size>0x44</size>
         <input_file_ref idref="fl-e8"/>
      </object_component>
      <object_component id="oc-2cc">
         <name>.text</name>
         <load_address>0x44d0</load_address>
         <run_address>0x44d0</run_address>
         <size>0x40</size>
         <input_file_ref idref="fl-d7"/>
      </object_component>
      <object_component id="oc-45c">
         <name>.text:_fcpy</name>
         <load_address>0x4510</load_address>
         <run_address>0x4510</run_address>
         <size>0x3e</size>
         <input_file_ref idref="fl-de"/>
      </object_component>
      <object_component id="oc-3aa">
         <name>.text:FontGlyphDataGet</name>
         <load_address>0x454e</load_address>
         <run_address>0x454e</run_address>
         <size>0x3a</size>
         <input_file_ref idref="fl-16"/>
      </object_component>
      <object_component id="oc-48">
         <name>.text:ADC0SS0Handler</name>
         <load_address>0x4588</load_address>
         <run_address>0x4588</run_address>
         <size>0x38</size>
         <input_file_ref idref="fl-5"/>
      </object_component>
      <object_component id="oc-229">
         <name>.text</name>
         <load_address>0x45c0</load_address>
         <run_address>0x45c0</run_address>
         <size>0x38</size>
         <input_file_ref idref="fl-d4"/>
      </object_component>
      <object_component id="oc-7a">
         <name>.text:_c_int00_noargs:_c_int00_noargs</name>
         <load_address>0x45f8</load_address>
         <run_address>0x45f8</run_address>
         <size>0x34</size>
         <input_file_ref idref="fl-dd"/>
      </object_component>
      <object_component id="oc-334">
         <name>.text:_outs</name>
         <load_address>0x462c</load_address>
         <run_address>0x462c</run_address>
         <size>0x30</size>
         <input_file_ref idref="fl-cf"/>
      </object_component>
      <object_component id="oc-2f5">
         <name>.text:GrStringNextCharGet</name>
         <load_address>0x465c</load_address>
         <run_address>0x465c</run_address>
         <size>0x2e</size>
         <input_file_ref idref="fl-16"/>
      </object_component>
      <object_component id="oc-444">
         <name>.text</name>
         <load_address>0x468a</load_address>
         <run_address>0x468a</run_address>
         <size>0x2e</size>
         <input_file_ref idref="fl-e6"/>
      </object_component>
      <object_component id="oc-42">
         <name>.text:UART1IntHandler</name>
         <load_address>0x46b8</load_address>
         <run_address>0x46b8</run_address>
         <size>0x2c</size>
         <input_file_ref idref="fl-5"/>
      </object_component>
      <object_component id="oc-2de">
         <name>.text:GPIODirModeSet</name>
         <load_address>0x46e4</load_address>
         <run_address>0x46e4</run_address>
         <size>0x2a</size>
         <input_file_ref idref="fl-e"/>
      </object_component>
      <object_component id="oc-27f">
         <name>.text:CFAL96x64x16ColorTranslate</name>
         <load_address>0x470e</load_address>
         <run_address>0x470e</run_address>
         <size>0x28</size>
         <input_file_ref idref="fl-6"/>
      </object_component>
      <object_component id="oc-2ef">
         <name>.text:GrFontInfoGet</name>
         <load_address>0x4736</load_address>
         <run_address>0x4736</run_address>
         <size>0x26</size>
         <input_file_ref idref="fl-16"/>
      </object_component>
      <object_component id="oc-108">
         <name>.text:UARTprintf</name>
         <load_address>0x475c</load_address>
         <run_address>0x475c</run_address>
         <size>0x24</size>
         <input_file_ref idref="fl-7"/>
      </object_component>
      <object_component id="oc-2fb">
         <name>.text:GrFontGlyphDataGet</name>
         <load_address>0x4780</load_address>
         <run_address>0x4780</run_address>
         <size>0x22</size>
         <input_file_ref idref="fl-16"/>
      </object_component>
      <object_component id="oc-231">
         <name>.text</name>
         <load_address>0x47a2</load_address>
         <run_address>0x47a2</run_address>
         <size>0x20</size>
         <input_file_ref idref="fl-d6"/>
      </object_component>
      <object_component id="oc-31c">
         <name>.text:GrFontCodepageGet</name>
         <load_address>0x47c2</load_address>
         <run_address>0x47c2</run_address>
         <size>0x1e</size>
         <input_file_ref idref="fl-16"/>
      </object_component>
      <object_component id="oc-25f">
         <name>.text:strcat</name>
         <load_address>0x47e0</load_address>
         <run_address>0x47e0</run_address>
         <size>0x1e</size>
         <input_file_ref idref="fl-db"/>
      </object_component>
      <object_component id="oc-3e7">
         <name>.text:memccpy</name>
         <load_address>0x47fe</load_address>
         <run_address>0x47fe</run_address>
         <size>0x1c</size>
         <input_file_ref idref="fl-f1"/>
      </object_component>
      <object_component id="oc-4a9">
         <name>.text:copysign</name>
         <load_address>0x481a</load_address>
         <run_address>0x481a</run_address>
         <size>0x1a</size>
         <input_file_ref idref="fl-e1"/>
      </object_component>
      <object_component id="oc-33a">
         <name>.text:_outc</name>
         <load_address>0x4834</load_address>
         <run_address>0x4834</run_address>
         <size>0x18</size>
         <input_file_ref idref="fl-cf"/>
      </object_component>
      <object_component id="oc-14a">
         <name>.text:GrStringDraw</name>
         <load_address>0x484c</load_address>
         <run_address>0x484c</run_address>
         <size>0x16</size>
         <input_file_ref idref="fl-16"/>
      </object_component>
      <object_component id="oc-470">
         <name>.text:strchr</name>
         <load_address>0x4862</load_address>
         <run_address>0x4862</run_address>
         <size>0x16</size>
         <input_file_ref idref="fl-f2"/>
      </object_component>
      <object_component id="oc-259">
         <name>.text:strcpy</name>
         <load_address>0x4878</load_address>
         <run_address>0x4878</run_address>
         <size>0x14</size>
         <input_file_ref idref="fl-dc"/>
      </object_component>
      <object_component id="oc-3b8">
         <name>.text:strlen</name>
         <load_address>0x488c</load_address>
         <run_address>0x488c</run_address>
         <size>0x14</size>
         <input_file_ref idref="fl-f3"/>
      </object_component>
      <object_component id="oc-1d8">
         <name>.text:GPIOPinTypeI2CSCL</name>
         <load_address>0x48a0</load_address>
         <run_address>0x48a0</run_address>
         <size>0x12</size>
         <input_file_ref idref="fl-e"/>
      </object_component>
      <object_component id="oc-68">
         <name>.text:decompress:ZI:__TI_zero_init_nomemset:__TI_zero_init_nomemset</name>
         <load_address>0x48b2</load_address>
         <run_address>0x48b2</run_address>
         <size>0x12</size>
         <input_file_ref idref="fl-d8"/>
      </object_component>
      <object_component id="oc-3ed">
         <name>.text:wcslen</name>
         <load_address>0x48c4</load_address>
         <run_address>0x48c4</run_address>
         <size>0x12</size>
         <input_file_ref idref="fl-f5"/>
      </object_component>
      <object_component id="oc-138">
         <name>.text:GrImageDraw</name>
         <load_address>0x48d6</load_address>
         <run_address>0x48d6</run_address>
         <size>0xe</size>
         <input_file_ref idref="fl-14"/>
      </object_component>
      <object_component id="oc-18">
         <name>.text:decompress:none:__TI_decompress_none</name>
         <load_address>0x48e4</load_address>
         <run_address>0x48e4</run_address>
         <size>0xe</size>
         <input_file_ref idref="fl-d9"/>
      </object_component>
      <object_component id="oc-285">
         <name>.text:CFAL96x64x16Flush</name>
         <load_address>0x48f2</load_address>
         <run_address>0x48f2</run_address>
         <size>0xa</size>
         <input_file_ref idref="fl-6"/>
      </object_component>
      <object_component id="oc-308">
         <name>.text:GrMapISO8859_1_Unicode</name>
         <load_address>0x48fc</load_address>
         <run_address>0x48fc</run_address>
         <size>0x8</size>
         <input_file_ref idref="fl-18"/>
      </object_component>
      <object_component id="oc-327">
         <name>.text:I2CMasterBusy</name>
         <load_address>0x4904</load_address>
         <run_address>0x4904</run_address>
         <size>0x8</size>
         <input_file_ref idref="fl-f"/>
      </object_component>
      <object_component id="oc-3f3">
         <name>.text:__aeabi_errno_addr</name>
         <load_address>0x490c</load_address>
         <run_address>0x490c</run_address>
         <size>0x8</size>
         <input_file_ref idref="fl-f4"/>
      </object_component>
      <object_component id="oc-13e">
         <name>.text:GrContextFontSet</name>
         <load_address>0x4914</load_address>
         <run_address>0x4914</run_address>
         <size>0x6</size>
         <input_file_ref idref="fl-16"/>
      </object_component>
      <object_component id="oc-24">
         <name>.text:ResetISR</name>
         <load_address>0x491a</load_address>
         <run_address>0x491a</run_address>
         <size>0x6</size>
         <input_file_ref idref="fl-3"/>
      </object_component>
      <object_component id="oc-1b8">
         <name>.text:UARTClockSourceSet</name>
         <load_address>0x4920</load_address>
         <run_address>0x4920</run_address>
         <size>0x6</size>
         <input_file_ref idref="fl-11"/>
      </object_component>
      <object_component id="oc-c5">
         <name>.text:_system_pre_init</name>
         <load_address>0x4926</load_address>
         <run_address>0x4926</run_address>
         <size>0x4</size>
         <input_file_ref idref="fl-e9"/>
      </object_component>
      <object_component id="oc-17a">
         <name>.text:abort:abort</name>
         <load_address>0x492a</load_address>
         <run_address>0x492a</run_address>
         <size>0x4</size>
         <input_file_ref idref="fl-eb"/>
      </object_component>
      <object_component id="oc-172">
         <name>.const:.string:g_pui8Image_UTS</name>
         <load_address>0x4930</load_address>
         <run_address>0x4930</run_address>
         <size>0xa1c</size>
         <input_file_ref idref="fl-4"/>
      </object_component>
      <object_component id="oc-291">
         <name>.const:.string:g_pui8FontFixed6x8Data</name>
         <load_address>0x534c</load_address>
         <run_address>0x534c</run_address>
         <size>0x2f8</size>
         <input_file_ref idref="fl-17"/>
      </object_component>
      <object_component id="oc-428">
         <name>.const:.string:_ctypes_</name>
         <load_address>0x5644</load_address>
         <run_address>0x5644</run_address>
         <size>0x101</size>
         <input_file_ref idref="fl-ef"/>
      </object_component>
      <object_component id="oc-176">
         <name>.const:g_sFontFixed6x8</name>
         <load_address>0x5748</load_address>
         <run_address>0x5748</run_address>
         <size>0xc8</size>
         <input_file_ref idref="fl-17"/>
      </object_component>
      <object_component id="oc-16f">
         <name>.const:g_sCFAL96x64x16</name>
         <load_address>0x5810</load_address>
         <run_address>0x5810</run_address>
         <size>0x28</size>
         <input_file_ref idref="fl-6"/>
      </object_component>
      <object_component id="oc-39c">
         <name>.const:.string</name>
         <load_address>0x5838</load_address>
         <run_address>0x5838</run_address>
         <size>0x12</size>
         <input_file_ref idref="fl-7"/>
      </object_component>
      <object_component id="oc-1f5">
         <name>.const</name>
         <load_address>0x584c</load_address>
         <run_address>0x584c</run_address>
         <size>0x10</size>
         <input_file_ref idref="fl-13"/>
      </object_component>
      <object_component id="oc-2c2">
         <name>.const:g_ui32UARTBase</name>
         <load_address>0x585c</load_address>
         <run_address>0x585c</run_address>
         <size>0xc</size>
         <input_file_ref idref="fl-7"/>
      </object_component>
      <object_component id="oc-2b9">
         <name>.const:g_ui32UARTPeriph</name>
         <load_address>0x5868</load_address>
         <run_address>0x5868</run_address>
         <size>0xc</size>
         <input_file_ref idref="fl-7"/>
      </object_component>
      <object_component id="oc-2d1">
         <name>.const</name>
         <load_address>0x5874</load_address>
         <run_address>0x5874</run_address>
         <size>0x4</size>
         <input_file_ref idref="fl-7"/>
      </object_component>
      <object_component id="oc-4fe">
         <name>.cinit..data.load</name>
         <load_address>0x5878</load_address>
         <run_address>0x5878</run_address>
         <size>0x1d</size>
      </object_component>
      <object_component id="oc-4fc">
         <name>__TI_handler_table</name>
         <load_address>0x5898</load_address>
         <run_address>0x5898</run_address>
         <size>0xc</size>
      </object_component>
      <object_component id="oc-4ff">
         <name>.cinit..bss.load</name>
         <load_address>0x58a8</load_address>
         <run_address>0x58a8</run_address>
         <size>0x8</size>
      </object_component>
      <object_component id="oc-4fd">
         <name>__TI_cinit_table</name>
         <load_address>0x58b0</load_address>
         <run_address>0x58b0</run_address>
         <size>0x10</size>
      </object_component>
      <object_component id="oc-95">
         <name>.data</name>
         <load_address>0x2000116b</load_address>
         <run_address>0x2000116b</run_address>
         <size>0x7</size>
         <input_file_ref idref="fl-2"/>
      </object_component>
      <object_component id="oc-1eb">
         <name>.data:g_ui8DisplayInitCommands</name>
         <load_address>0x20001158</load_address>
         <run_address>0x20001158</run_address>
         <size>0x13</size>
         <input_file_ref idref="fl-6"/>
      </object_component>
      <object_component id="oc-2bc">
         <name>.data</name>
         <load_address>0x20001174</load_address>
         <run_address>0x20001174</run_address>
         <size>0x5</size>
         <input_file_ref idref="fl-7"/>
      </object_component>
      <object_component id="oc-480">
         <name>.data</name>
         <load_address>0x2000117c</load_address>
         <run_address>0x2000117c</run_address>
         <size>0x4</size>
         <input_file_ref idref="fl-f4"/>
      </object_component>
      <object_component id="oc-92">
         <name>.bss</name>
         <uninitialized>true</uninitialized>
         <run_address>0x20001130</run_address>
         <size>0x4</size>
         <input_file_ref idref="fl-2"/>
      </object_component>
      <object_component id="oc-9f">
         <name>.common:ulADC0_Value</name>
         <uninitialized>true</uninitialized>
         <run_address>0x200010ac</run_address>
         <size>0x10</size>
      </object_component>
      <object_component id="oc-16e">
         <name>.common:sContext</name>
         <uninitialized>true</uninitialized>
         <run_address>0x20001060</run_address>
         <size>0x2c</size>
      </object_component>
      <object_component id="oc-175">
         <name>.common:sRect</name>
         <uninitialized>true</uninitialized>
         <run_address>0x20001128</run_address>
         <size>0x8</size>
      </object_component>
      <object_component id="oc-24a">
         <name>.common:ch0V</name>
         <uninitialized>true</uninitialized>
         <run_address>0x20001138</run_address>
         <size>0x4</size>
      </object_component>
      <object_component id="oc-24b">
         <name>.common:ch1V</name>
         <uninitialized>true</uninitialized>
         <run_address>0x20001140</run_address>
         <size>0x4</size>
      </object_component>
      <object_component id="oc-24c">
         <name>.common:ch2V</name>
         <uninitialized>true</uninitialized>
         <run_address>0x20001148</run_address>
         <size>0x4</size>
      </object_component>
      <object_component id="oc-24d">
         <name>.common:ch3V</name>
         <uninitialized>true</uninitialized>
         <run_address>0x20001150</run_address>
         <size>0x4</size>
      </object_component>
      <object_component id="oc-251">
         <name>.common:ch0T</name>
         <uninitialized>true</uninitialized>
         <run_address>0x20001134</run_address>
         <size>0x4</size>
      </object_component>
      <object_component id="oc-252">
         <name>.common:ch1T</name>
         <uninitialized>true</uninitialized>
         <run_address>0x2000113c</run_address>
         <size>0x4</size>
      </object_component>
      <object_component id="oc-253">
         <name>.common:ch2T</name>
         <uninitialized>true</uninitialized>
         <run_address>0x20001144</run_address>
         <size>0x4</size>
      </object_component>
      <object_component id="oc-254">
         <name>.common:ch3T</name>
         <uninitialized>true</uninitialized>
         <run_address>0x2000114c</run_address>
         <size>0x4</size>
      </object_component>
      <object_component id="oc-255">
         <name>.common:ascii_REF_T</name>
         <uninitialized>true</uninitialized>
         <run_address>0x20001110</run_address>
         <size>0xc</size>
      </object_component>
      <object_component id="oc-24e">
         <name>.common:ascii_REF_V</name>
         <uninitialized>true</uninitialized>
         <run_address>0x2000111c</run_address>
         <size>0xc</size>
      </object_component>
      <object_component id="oc-256">
         <name>.common:ascii_LSH_T</name>
         <uninitialized>true</uninitialized>
         <run_address>0x200010e0</run_address>
         <size>0xc</size>
      </object_component>
      <object_component id="oc-24f">
         <name>.common:ascii_LSH_V</name>
         <uninitialized>true</uninitialized>
         <run_address>0x200010ec</run_address>
         <size>0xc</size>
      </object_component>
      <object_component id="oc-257">
         <name>.common:ascii_FLT_T</name>
         <uninitialized>true</uninitialized>
         <run_address>0x200010bc</run_address>
         <size>0xc</size>
      </object_component>
      <object_component id="oc-250">
         <name>.common:ascii_FLT_V</name>
         <uninitialized>true</uninitialized>
         <run_address>0x200010c8</run_address>
         <size>0xc</size>
      </object_component>
      <object_component id="oc-227">
         <name>.common:ascii_IR_T</name>
         <uninitialized>true</uninitialized>
         <run_address>0x200010d4</run_address>
         <size>0xc</size>
      </object_component>
      <object_component id="oc-22e">
         <name>.common:ascii_PWMH</name>
         <uninitialized>true</uninitialized>
         <run_address>0x20001104</run_address>
         <size>0xc</size>
      </object_component>
      <object_component id="oc-22f">
         <name>.common:ascii_PWMF</name>
         <uninitialized>true</uninitialized>
         <run_address>0x200010f8</run_address>
         <size>0xc</size>
      </object_component>
      <object_component id="oc-1f8">
         <name>.common:g_psGrLibDefaults</name>
         <uninitialized>true</uninitialized>
         <run_address>0x20001154</run_address>
         <size>0x4</size>
      </object_component>
      <object_component id="oc-318">
         <name>.common:g_pui8Dictionary</name>
         <uninitialized>true</uninitialized>
         <run_address>0x2000108c</run_address>
         <size>0x20</size>
      </object_component>
      <object_component id="oc-21">
         <name>.stack</name>
         <uninitialized>true</uninitialized>
         <run_address>0x20000000</run_address>
         <size>0x4</size>
         <input_file_ref idref="fl-dd"/>
      </object_component>
      <object_component id="oc-500">
         <name>.stack</name>
         <uninitialized>true</uninitialized>
         <run_address>0x20000000</run_address>
         <size>0x0</size>
      </object_component>
      <object_component id="oc-a0">
         <name>.debug_info</name>
         <load_address>0x0</load_address>
         <run_address>0x0</run_address>
         <size>0x8b8</size>
         <input_file_ref idref="fl-2"/>
      </object_component>
      <object_component id="oc-93">
         <name>.debug_info</name>
         <load_address>0x8b8</load_address>
         <run_address>0x8b8</run_address>
         <size>0x115</size>
         <input_file_ref idref="fl-2"/>
      </object_component>
      <object_component id="oc-96">
         <name>.debug_info</name>
         <load_address>0x9cd</load_address>
         <run_address>0x9cd</run_address>
         <size>0x224</size>
         <input_file_ref idref="fl-2"/>
      </object_component>
      <object_component id="oc-103">
         <name>.debug_info</name>
         <load_address>0xbf1</load_address>
         <run_address>0xbf1</run_address>
         <size>0x19b</size>
         <input_file_ref idref="fl-2"/>
      </object_component>
      <object_component id="oc-3d">
         <name>.debug_info</name>
         <load_address>0xd8c</load_address>
         <run_address>0xd8c</run_address>
         <size>0x158</size>
         <input_file_ref idref="fl-2"/>
      </object_component>
      <object_component id="oc-cc">
         <name>.debug_info</name>
         <load_address>0xee4</load_address>
         <run_address>0xee4</run_address>
         <size>0x3ba</size>
         <input_file_ref idref="fl-2"/>
      </object_component>
      <object_component id="oc-e8">
         <name>.debug_info</name>
         <load_address>0x129e</load_address>
         <run_address>0x129e</run_address>
         <size>0x6bd</size>
         <input_file_ref idref="fl-2"/>
      </object_component>
      <object_component id="oc-a5">
         <name>.debug_info</name>
         <load_address>0x195b</load_address>
         <run_address>0x195b</run_address>
         <size>0x26b</size>
         <input_file_ref idref="fl-2"/>
      </object_component>
      <object_component id="oc-ed">
         <name>.debug_info</name>
         <load_address>0x1bc6</load_address>
         <run_address>0x1bc6</run_address>
         <size>0x8b</size>
         <input_file_ref idref="fl-2"/>
      </object_component>
      <object_component id="oc-e1">
         <name>.debug_info</name>
         <load_address>0x1c51</load_address>
         <run_address>0x1c51</run_address>
         <size>0x297</size>
         <input_file_ref idref="fl-2"/>
      </object_component>
      <object_component id="oc-9a">
         <name>.debug_info</name>
         <load_address>0x1ee8</load_address>
         <run_address>0x1ee8</run_address>
         <size>0xbb</size>
         <input_file_ref idref="fl-2"/>
      </object_component>
      <object_component id="oc-2d9">
         <name>.debug_info</name>
         <load_address>0x1fa3</load_address>
         <run_address>0x1fa3</run_address>
         <size>0xcc</size>
         <input_file_ref idref="fl-2"/>
      </object_component>
      <object_component id="oc-1cd">
         <name>.debug_info</name>
         <load_address>0x206f</load_address>
         <run_address>0x206f</run_address>
         <size>0x2c</size>
         <input_file_ref idref="fl-2"/>
      </object_component>
      <object_component id="oc-50">
         <name>.debug_info</name>
         <load_address>0x209b</load_address>
         <run_address>0x209b</run_address>
         <size>0x350</size>
         <input_file_ref idref="fl-3"/>
      </object_component>
      <object_component id="oc-10">
         <name>.debug_info</name>
         <load_address>0x23eb</load_address>
         <run_address>0x23eb</run_address>
         <size>0x11b</size>
         <input_file_ref idref="fl-3"/>
      </object_component>
      <object_component id="oc-27">
         <name>.debug_info</name>
         <load_address>0x2506</load_address>
         <run_address>0x2506</run_address>
         <size>0x167</size>
         <input_file_ref idref="fl-3"/>
      </object_component>
      <object_component id="oc-2c">
         <name>.debug_info</name>
         <load_address>0x266d</load_address>
         <run_address>0x266d</run_address>
         <size>0x158</size>
         <input_file_ref idref="fl-3"/>
      </object_component>
      <object_component id="oc-31">
         <name>.debug_info</name>
         <load_address>0x27c5</load_address>
         <run_address>0x27c5</run_address>
         <size>0x15e</size>
         <input_file_ref idref="fl-3"/>
      </object_component>
      <object_component id="oc-39">
         <name>.debug_info</name>
         <load_address>0x2923</load_address>
         <run_address>0x2923</run_address>
         <size>0x170</size>
         <input_file_ref idref="fl-3"/>
      </object_component>
      <object_component id="oc-57">
         <name>.debug_info</name>
         <load_address>0x2a93</load_address>
         <run_address>0x2a93</run_address>
         <size>0x84</size>
         <input_file_ref idref="fl-3"/>
      </object_component>
      <object_component id="oc-290">
         <name>.debug_info</name>
         <load_address>0x2b17</load_address>
         <run_address>0x2b17</run_address>
         <size>0x394</size>
         <input_file_ref idref="fl-4"/>
      </object_component>
      <object_component id="oc-173">
         <name>.debug_info</name>
         <load_address>0x2eab</load_address>
         <run_address>0x2eab</run_address>
         <size>0x117</size>
         <input_file_ref idref="fl-4"/>
      </object_component>
      <object_component id="oc-1d4">
         <name>.debug_info</name>
         <load_address>0x2fc2</load_address>
         <run_address>0x2fc2</run_address>
         <size>0x9bb</size>
         <input_file_ref idref="fl-5"/>
      </object_component>
      <object_component id="oc-116">
         <name>.debug_info</name>
         <load_address>0x397d</load_address>
         <run_address>0x397d</run_address>
         <size>0x210</size>
         <input_file_ref idref="fl-5"/>
      </object_component>
      <object_component id="oc-11c">
         <name>.debug_info</name>
         <load_address>0x3b8d</load_address>
         <run_address>0x3b8d</run_address>
         <size>0x19e</size>
         <input_file_ref idref="fl-5"/>
      </object_component>
      <object_component id="oc-121">
         <name>.debug_info</name>
         <load_address>0x3d2b</load_address>
         <run_address>0x3d2b</run_address>
         <size>0x1ca</size>
         <input_file_ref idref="fl-5"/>
      </object_component>
      <object_component id="oc-110">
         <name>.debug_info</name>
         <load_address>0x3ef5</load_address>
         <run_address>0x3ef5</run_address>
         <size>0x1b3</size>
         <input_file_ref idref="fl-5"/>
      </object_component>
      <object_component id="oc-128">
         <name>.debug_info</name>
         <load_address>0x40a8</load_address>
         <run_address>0x40a8</run_address>
         <size>0x195</size>
         <input_file_ref idref="fl-5"/>
      </object_component>
      <object_component id="oc-43">
         <name>.debug_info</name>
         <load_address>0x423d</load_address>
         <run_address>0x423d</run_address>
         <size>0x186</size>
         <input_file_ref idref="fl-5"/>
      </object_component>
      <object_component id="oc-49">
         <name>.debug_info</name>
         <load_address>0x43c3</load_address>
         <run_address>0x43c3</run_address>
         <size>0x166</size>
         <input_file_ref idref="fl-5"/>
      </object_component>
      <object_component id="oc-157">
         <name>.debug_info</name>
         <load_address>0x4529</load_address>
         <run_address>0x4529</run_address>
         <size>0x21e</size>
         <input_file_ref idref="fl-5"/>
      </object_component>
      <object_component id="oc-15d">
         <name>.debug_info</name>
         <load_address>0x4747</load_address>
         <run_address>0x4747</run_address>
         <size>0x468</size>
         <input_file_ref idref="fl-5"/>
      </object_component>
      <object_component id="oc-164">
         <name>.debug_info</name>
         <load_address>0x4baf</load_address>
         <run_address>0x4baf</run_address>
         <size>0x267</size>
         <input_file_ref idref="fl-5"/>
      </object_component>
      <object_component id="oc-21c">
         <name>.debug_info</name>
         <load_address>0x4e16</load_address>
         <run_address>0x4e16</run_address>
         <size>0x293</size>
         <input_file_ref idref="fl-5"/>
      </object_component>
      <object_component id="oc-152">
         <name>.debug_info</name>
         <load_address>0x50a9</load_address>
         <run_address>0x50a9</run_address>
         <size>0x18e</size>
         <input_file_ref idref="fl-5"/>
      </object_component>
      <object_component id="oc-16a">
         <name>.debug_info</name>
         <load_address>0x5237</load_address>
         <run_address>0x5237</run_address>
         <size>0x21c</size>
         <input_file_ref idref="fl-5"/>
      </object_component>
      <object_component id="oc-28d">
         <name>.debug_info</name>
         <load_address>0x5453</load_address>
         <run_address>0x5453</run_address>
         <size>0x4e0</size>
         <input_file_ref idref="fl-6"/>
      </object_component>
      <object_component id="oc-1ec">
         <name>.debug_info</name>
         <load_address>0x5933</load_address>
         <run_address>0x5933</run_address>
         <size>0x12d</size>
         <input_file_ref idref="fl-6"/>
      </object_component>
      <object_component id="oc-170">
         <name>.debug_info</name>
         <load_address>0x5a60</load_address>
         <run_address>0x5a60</run_address>
         <size>0x11d</size>
         <input_file_ref idref="fl-6"/>
      </object_component>
      <object_component id="oc-1e2">
         <name>.debug_info</name>
         <load_address>0x5b7d</load_address>
         <run_address>0x5b7d</run_address>
         <size>0x1ee</size>
         <input_file_ref idref="fl-6"/>
      </object_component>
      <object_component id="oc-359">
         <name>.debug_info</name>
         <load_address>0x5d6b</load_address>
         <run_address>0x5d6b</run_address>
         <size>0x1ec</size>
         <input_file_ref idref="fl-6"/>
      </object_component>
      <object_component id="oc-26b">
         <name>.debug_info</name>
         <load_address>0x5f57</load_address>
         <run_address>0x5f57</run_address>
         <size>0x289</size>
         <input_file_ref idref="fl-6"/>
      </object_component>
      <object_component id="oc-271">
         <name>.debug_info</name>
         <load_address>0x61e0</load_address>
         <run_address>0x61e0</run_address>
         <size>0x429</size>
         <input_file_ref idref="fl-6"/>
      </object_component>
      <object_component id="oc-277">
         <name>.debug_info</name>
         <load_address>0x6609</load_address>
         <run_address>0x6609</run_address>
         <size>0x2b3</size>
         <input_file_ref idref="fl-6"/>
      </object_component>
      <object_component id="oc-27b">
         <name>.debug_info</name>
         <load_address>0x68bc</load_address>
         <run_address>0x68bc</run_address>
         <size>0x2d2</size>
         <input_file_ref idref="fl-6"/>
      </object_component>
      <object_component id="oc-1e8">
         <name>.debug_info</name>
         <load_address>0x6b8e</load_address>
         <run_address>0x6b8e</run_address>
         <size>0x241</size>
         <input_file_ref idref="fl-6"/>
      </object_component>
      <object_component id="oc-282">
         <name>.debug_info</name>
         <load_address>0x6dcf</load_address>
         <run_address>0x6dcf</run_address>
         <size>0x200</size>
         <input_file_ref idref="fl-6"/>
      </object_component>
      <object_component id="oc-289">
         <name>.debug_info</name>
         <load_address>0x6fcf</load_address>
         <run_address>0x6fcf</run_address>
         <size>0x1b3</size>
         <input_file_ref idref="fl-6"/>
      </object_component>
      <object_component id="oc-130">
         <name>.debug_info</name>
         <load_address>0x7182</load_address>
         <run_address>0x7182</run_address>
         <size>0x261</size>
         <input_file_ref idref="fl-6"/>
      </object_component>
      <object_component id="oc-1cc">
         <name>.debug_info</name>
         <load_address>0x73e3</load_address>
         <run_address>0x73e3</run_address>
         <size>0x2cb</size>
         <input_file_ref idref="fl-7"/>
      </object_component>
      <object_component id="oc-2bd">
         <name>.debug_info</name>
         <load_address>0x76ae</load_address>
         <run_address>0x76ae</run_address>
         <size>0x10c</size>
         <input_file_ref idref="fl-7"/>
      </object_component>
      <object_component id="oc-2d2">
         <name>.debug_info</name>
         <load_address>0x77ba</load_address>
         <run_address>0x77ba</run_address>
         <size>0x106</size>
         <input_file_ref idref="fl-7"/>
      </object_component>
      <object_component id="oc-2c3">
         <name>.debug_info</name>
         <load_address>0x78c0</load_address>
         <run_address>0x78c0</run_address>
         <size>0x114</size>
         <input_file_ref idref="fl-7"/>
      </object_component>
      <object_component id="oc-2ba">
         <name>.debug_info</name>
         <load_address>0x79d4</load_address>
         <run_address>0x79d4</run_address>
         <size>0x118</size>
         <input_file_ref idref="fl-7"/>
      </object_component>
      <object_component id="oc-1bf">
         <name>.debug_info</name>
         <load_address>0x7aec</load_address>
         <run_address>0x7aec</run_address>
         <size>0x22b</size>
         <input_file_ref idref="fl-7"/>
      </object_component>
      <object_component id="oc-2c8">
         <name>.debug_info</name>
         <load_address>0x7d17</load_address>
         <run_address>0x7d17</run_address>
         <size>0x1c8</size>
         <input_file_ref idref="fl-7"/>
      </object_component>
      <object_component id="oc-2bf">
         <name>.debug_info</name>
         <load_address>0x7edf</load_address>
         <run_address>0x7edf</run_address>
         <size>0x227</size>
         <input_file_ref idref="fl-7"/>
      </object_component>
      <object_component id="oc-1c6">
         <name>.debug_info</name>
         <load_address>0x8106</load_address>
         <run_address>0x8106</run_address>
         <size>0x328</size>
         <input_file_ref idref="fl-7"/>
      </object_component>
      <object_component id="oc-10a">
         <name>.debug_info</name>
         <load_address>0x842e</load_address>
         <run_address>0x842e</run_address>
         <size>0x193</size>
         <input_file_ref idref="fl-7"/>
      </object_component>
      <object_component id="oc-3a0">
         <name>.debug_info</name>
         <load_address>0x85c1</load_address>
         <run_address>0x85c1</run_address>
         <size>0x240</size>
         <input_file_ref idref="fl-e"/>
      </object_component>
      <object_component id="oc-2e2">
         <name>.debug_info</name>
         <load_address>0x8801</load_address>
         <run_address>0x8801</run_address>
         <size>0x2b3</size>
         <input_file_ref idref="fl-e"/>
      </object_component>
      <object_component id="oc-2e8">
         <name>.debug_info</name>
         <load_address>0x8ab4</load_address>
         <run_address>0x8ab4</run_address>
         <size>0x316</size>
         <input_file_ref idref="fl-e"/>
      </object_component>
      <object_component id="oc-1dc">
         <name>.debug_info</name>
         <load_address>0x8dca</load_address>
         <run_address>0x8dca</run_address>
         <size>0x27f</size>
         <input_file_ref idref="fl-e"/>
      </object_component>
      <object_component id="oc-205">
         <name>.debug_info</name>
         <load_address>0x9049</load_address>
         <run_address>0x9049</run_address>
         <size>0x18b</size>
         <input_file_ref idref="fl-e"/>
      </object_component>
      <object_component id="oc-3b7">
         <name>.debug_info</name>
         <load_address>0x91d4</load_address>
         <run_address>0x91d4</run_address>
         <size>0x231</size>
         <input_file_ref idref="fl-f"/>
      </object_component>
      <object_component id="oc-328">
         <name>.debug_info</name>
         <load_address>0x9405</load_address>
         <run_address>0x9405</run_address>
         <size>0x24e</size>
         <input_file_ref idref="fl-f"/>
      </object_component>
      <object_component id="oc-2b8">
         <name>.debug_info</name>
         <load_address>0x9653</load_address>
         <run_address>0x9653</run_address>
         <size>0x227</size>
         <input_file_ref idref="fl-11"/>
      </object_component>
      <object_component id="oc-1bc">
         <name>.debug_info</name>
         <load_address>0x987a</load_address>
         <run_address>0x987a</run_address>
         <size>0x291</size>
         <input_file_ref idref="fl-11"/>
      </object_component>
      <object_component id="oc-1f9">
         <name>.debug_info</name>
         <load_address>0x9b0b</load_address>
         <run_address>0x9b0b</run_address>
         <size>0x464</size>
         <input_file_ref idref="fl-13"/>
      </object_component>
      <object_component id="oc-1f6">
         <name>.debug_info</name>
         <load_address>0x9f6f</load_address>
         <run_address>0x9f6f</run_address>
         <size>0x167</size>
         <input_file_ref idref="fl-13"/>
      </object_component>
      <object_component id="oc-136">
         <name>.debug_info</name>
         <load_address>0xa0d6</load_address>
         <run_address>0xa0d6</run_address>
         <size>0x27d</size>
         <input_file_ref idref="fl-13"/>
      </object_component>
      <object_component id="oc-215">
         <name>.debug_info</name>
         <load_address>0xa353</load_address>
         <run_address>0xa353</run_address>
         <size>0x6bd</size>
         <input_file_ref idref="fl-13"/>
      </object_component>
      <object_component id="oc-203">
         <name>.debug_info</name>
         <load_address>0xaa10</load_address>
         <run_address>0xaa10</run_address>
         <size>0x3d2</size>
         <input_file_ref idref="fl-14"/>
      </object_component>
      <object_component id="oc-313">
         <name>.debug_info</name>
         <load_address>0xade2</load_address>
         <run_address>0xade2</run_address>
         <size>0x5f7</size>
         <input_file_ref idref="fl-14"/>
      </object_component>
      <object_component id="oc-1fd">
         <name>.debug_info</name>
         <load_address>0xb3d9</load_address>
         <run_address>0xb3d9</run_address>
         <size>0x583</size>
         <input_file_ref idref="fl-14"/>
      </object_component>
      <object_component id="oc-139">
         <name>.debug_info</name>
         <load_address>0xb95c</load_address>
         <run_address>0xb95c</run_address>
         <size>0x278</size>
         <input_file_ref idref="fl-14"/>
      </object_component>
      <object_component id="oc-214">
         <name>.debug_info</name>
         <load_address>0xbbd4</load_address>
         <run_address>0xbbd4</run_address>
         <size>0x3d9</size>
         <input_file_ref idref="fl-15"/>
      </object_component>
      <object_component id="oc-145">
         <name>.debug_info</name>
         <load_address>0xbfad</load_address>
         <run_address>0xbfad</run_address>
         <size>0x284</size>
         <input_file_ref idref="fl-15"/>
      </object_component>
      <object_component id="oc-211">
         <name>.debug_info</name>
         <load_address>0xc231</load_address>
         <run_address>0xc231</run_address>
         <size>0x51c</size>
         <input_file_ref idref="fl-16"/>
      </object_component>
      <object_component id="oc-2f7">
         <name>.debug_info</name>
         <load_address>0xc74d</load_address>
         <run_address>0xc74d</run_address>
         <size>0x2fe</size>
         <input_file_ref idref="fl-16"/>
      </object_component>
      <object_component id="oc-3a6">
         <name>.debug_info</name>
         <load_address>0xca4b</load_address>
         <run_address>0xca4b</run_address>
         <size>0x315</size>
         <input_file_ref idref="fl-16"/>
      </object_component>
      <object_component id="oc-3ac">
         <name>.debug_info</name>
         <load_address>0xcd60</load_address>
         <run_address>0xcd60</run_address>
         <size>0x34b</size>
         <input_file_ref idref="fl-16"/>
      </object_component>
      <object_component id="oc-2fd">
         <name>.debug_info</name>
         <load_address>0xd0ab</load_address>
         <run_address>0xd0ab</run_address>
         <size>0x2cc</size>
         <input_file_ref idref="fl-16"/>
      </object_component>
      <object_component id="oc-2f1">
         <name>.debug_info</name>
         <load_address>0xd377</load_address>
         <run_address>0xd377</run_address>
         <size>0x341</size>
         <input_file_ref idref="fl-16"/>
      </object_component>
      <object_component id="oc-14c">
         <name>.debug_info</name>
         <load_address>0xd6b8</load_address>
         <run_address>0xd6b8</run_address>
         <size>0x2b7</size>
         <input_file_ref idref="fl-16"/>
      </object_component>
      <object_component id="oc-31e">
         <name>.debug_info</name>
         <load_address>0xd96f</load_address>
         <run_address>0xd96f</run_address>
         <size>0x254</size>
         <input_file_ref idref="fl-16"/>
      </object_component>
      <object_component id="oc-20c">
         <name>.debug_info</name>
         <load_address>0xdbc3</load_address>
         <run_address>0xdbc3</run_address>
         <size>0x2b6</size>
         <input_file_ref idref="fl-16"/>
      </object_component>
      <object_component id="oc-305">
         <name>.debug_info</name>
         <load_address>0xde79</load_address>
         <run_address>0xde79</run_address>
         <size>0x47f</size>
         <input_file_ref idref="fl-16"/>
      </object_component>
      <object_component id="oc-1f3">
         <name>.debug_info</name>
         <load_address>0xe2f8</load_address>
         <run_address>0xe2f8</run_address>
         <size>0x4bd</size>
         <input_file_ref idref="fl-16"/>
      </object_component>
      <object_component id="oc-142">
         <name>.debug_info</name>
         <load_address>0xe7b5</load_address>
         <run_address>0xe7b5</run_address>
         <size>0x28d</size>
         <input_file_ref idref="fl-16"/>
      </object_component>
      <object_component id="oc-296">
         <name>.debug_info</name>
         <load_address>0xea42</load_address>
         <run_address>0xea42</run_address>
         <size>0x362</size>
         <input_file_ref idref="fl-17"/>
      </object_component>
      <object_component id="oc-292">
         <name>.debug_info</name>
         <load_address>0xeda4</load_address>
         <run_address>0xeda4</run_address>
         <size>0x165</size>
         <input_file_ref idref="fl-17"/>
      </object_component>
      <object_component id="oc-177">
         <name>.debug_info</name>
         <load_address>0xef09</load_address>
         <run_address>0xef09</run_address>
         <size>0x158</size>
         <input_file_ref idref="fl-17"/>
      </object_component>
      <object_component id="oc-3b3">
         <name>.debug_info</name>
         <load_address>0xf061</load_address>
         <run_address>0xf061</run_address>
         <size>0x3cd</size>
         <input_file_ref idref="fl-18"/>
      </object_component>
      <object_component id="oc-309">
         <name>.debug_info</name>
         <load_address>0xf42e</load_address>
         <run_address>0xf42e</run_address>
         <size>0x2b1</size>
         <input_file_ref idref="fl-18"/>
      </object_component>
      <object_component id="oc-341">
         <name>.debug_info</name>
         <load_address>0xf6df</load_address>
         <run_address>0xf6df</run_address>
         <size>0x33e</size>
         <input_file_ref idref="fl-cf"/>
      </object_component>
      <object_component id="oc-222">
         <name>.debug_info</name>
         <load_address>0xfa1d</load_address>
         <run_address>0xfa1d</run_address>
         <size>0x1f2</size>
         <input_file_ref idref="fl-cf"/>
      </object_component>
      <object_component id="oc-335">
         <name>.debug_info</name>
         <load_address>0xfc0f</load_address>
         <run_address>0xfc0f</run_address>
         <size>0x1c7</size>
         <input_file_ref idref="fl-cf"/>
      </object_component>
      <object_component id="oc-33b">
         <name>.debug_info</name>
         <load_address>0xfdd6</load_address>
         <run_address>0xfdd6</run_address>
         <size>0x17a</size>
         <input_file_ref idref="fl-cf"/>
      </object_component>
      <object_component id="oc-342">
         <name>.debug_info</name>
         <load_address>0xff50</load_address>
         <run_address>0xff50</run_address>
         <size>0x2c</size>
         <input_file_ref idref="fl-cf"/>
      </object_component>
      <object_component id="oc-347">
         <name>.debug_info</name>
         <load_address>0xff7c</load_address>
         <run_address>0xff7c</run_address>
         <size>0x69</size>
         <input_file_ref idref="fl-cf"/>
      </object_component>
      <object_component id="oc-248">
         <name>.debug_info</name>
         <load_address>0xffe5</load_address>
         <run_address>0xffe5</run_address>
         <size>0x150</size>
         <input_file_ref idref="fl-d0"/>
      </object_component>
      <object_component id="oc-23e">
         <name>.debug_info</name>
         <load_address>0x10135</load_address>
         <run_address>0x10135</run_address>
         <size>0x13e</size>
         <input_file_ref idref="fl-d1"/>
      </object_component>
      <object_component id="oc-237">
         <name>.debug_info</name>
         <load_address>0x10273</load_address>
         <run_address>0x10273</run_address>
         <size>0x13e</size>
         <input_file_ref idref="fl-d2"/>
      </object_component>
      <object_component id="oc-243">
         <name>.debug_info</name>
         <load_address>0x103b1</load_address>
         <run_address>0x103b1</run_address>
         <size>0x142</size>
         <input_file_ref idref="fl-d3"/>
      </object_component>
      <object_component id="oc-22b">
         <name>.debug_info</name>
         <load_address>0x104f3</load_address>
         <run_address>0x104f3</run_address>
         <size>0x130</size>
         <input_file_ref idref="fl-d4"/>
      </object_component>
      <object_component id="oc-5f">
         <name>.debug_info</name>
         <load_address>0x10623</load_address>
         <run_address>0x10623</run_address>
         <size>0x11d</size>
         <input_file_ref idref="fl-d5"/>
      </object_component>
      <object_component id="oc-232">
         <name>.debug_info</name>
         <load_address>0x10740</load_address>
         <run_address>0x10740</run_address>
         <size>0x132</size>
         <input_file_ref idref="fl-d6"/>
      </object_component>
      <object_component id="oc-2cd">
         <name>.debug_info</name>
         <load_address>0x10872</load_address>
         <run_address>0x10872</run_address>
         <size>0x146</size>
         <input_file_ref idref="fl-d7"/>
      </object_component>
      <object_component id="oc-be">
         <name>.debug_info</name>
         <load_address>0x109b8</load_address>
         <run_address>0x109b8</run_address>
         <size>0x2d8</size>
         <input_file_ref idref="fl-d8"/>
      </object_component>
      <object_component id="oc-69">
         <name>.debug_info</name>
         <load_address>0x10c90</load_address>
         <run_address>0x10c90</run_address>
         <size>0x1c3</size>
         <input_file_ref idref="fl-d8"/>
      </object_component>
      <object_component id="oc-b9">
         <name>.debug_info</name>
         <load_address>0x10e53</load_address>
         <run_address>0x10e53</run_address>
         <size>0x46</size>
         <input_file_ref idref="fl-d8"/>
      </object_component>
      <object_component id="oc-f9">
         <name>.debug_info</name>
         <load_address>0x10e99</load_address>
         <run_address>0x10e99</run_address>
         <size>0x2c</size>
[...]
         <value>0xffffffff</value>
      </symbol>
      <symbol id="sm-c">
         <name>__TI_prof_data_start</name>
         <value>0xffffffff</value>
      </symbol>
      <symbol id="sm-d">
         <name>__TI_prof_data_size</name>
         <value>0xffffffff</value>
      </symbol>
      <symbol id="sm-aa">
         <name>ulADC0_Value</name>
         <value>0x200010ac</value>
      </symbol>
      <symbol id="sm-ab">
         <name>sContext</name>
         <value>0x20001060</value>
      </symbol>
      <symbol id="sm-ac">
         <name>sRect</name>
         <value>0x20001128</value>
      </symbol>
      <symbol id="sm-ad">
         <name>timer_tick</name>
         <value>0x2000116f</value>
         <object_component_ref idref="oc-95"/>
      </symbol>
      <symbol id="sm-ae">
         <name>SysTickIntHandler</name>
         <value>0x4179</value>
         <object_component_ref idref="oc-3c"/>
      </symbol>
      <symbol id="sm-af">
         <name>counter_for_ADC</name>
         <value>0x2000116b</value>
         <object_component_ref idref="oc-95"/>
      </symbol>
      <symbol id="sm-b0">
         <name>packet_time</name>
         <value>0x20001171</value>
         <object_component_ref idref="oc-95"/>
      </symbol>
      <symbol id="sm-b1">
         <name>controller_time</name>
         <value>0x20001170</value>
         <object_component_ref idref="oc-95"/>
      </symbol>
      <symbol id="sm-b2">
         <name>counter_for_controller</name>
         <value>0x2000116c</value>
         <object_component_ref idref="oc-95"/>
      </symbol>
      <symbol id="sm-b3">
         <name>main</name>
         <value>0x1635</value>
         <object_component_ref idref="oc-cb"/>
      </symbol>
      <symbol id="sm-b4">
         <name>ConfigureUART</name>
         <value>0x3ed5</value>
         <object_component_ref idref="oc-102"/>
      </symbol>
      <symbol id="sm-b5">
         <name>ADC_done</name>
         <value>0x2000116e</value>
         <object_component_ref idref="oc-95"/>
      </symbol>
      <symbol id="sm-b6">
         <name>counter_for_packet</name>
         <value>0x2000116d</value>
         <object_component_ref idref="oc-95"/>
      </symbol>
      <symbol id="sm-ec">
         <name>ResetISR</name>
         <value>0x491b</value>
         <object_component_ref idref="oc-24"/>
      </symbol>
      <symbol id="sm-ed">
         <name>g_pfnVectors</name>
         <value>0x0</value>
         <object_component_ref idref="oc-f"/>
      </symbol>
      <symbol id="sm-f8">
         <name>g_pui8Image_UTS</name>
         <value>0x4930</value>
         <object_component_ref idref="oc-172"/>
      </symbol>
      <symbol id="sm-1f0">
         <name>ch0V</name>
         <value>0x20001138</value>
      </symbol>
      <symbol id="sm-1f1">
         <name>ch1V</name>
         <value>0x20001140</value>
      </symbol>
      <symbol id="sm-1f2">
         <name>ch2V</name>
         <value>0x20001148</value>
      </symbol>
      <symbol id="sm-1f3">
         <name>ch3V</name>
         <value>0x20001150</value>
      </symbol>
      <symbol id="sm-1f4">
         <name>ch0T</name>
         <value>0x20001134</value>
      </symbol>
      <symbol id="sm-1f5">
         <name>ch1T</name>
         <value>0x2000113c</value>
      </symbol>
      <symbol id="sm-1f6">
         <name>ch2T</name>
         <value>0x20001144</value>
      </symbol>
      <symbol id="sm-1f7">
         <name>ch3T</name>
         <value>0x2000114c</value>
      </symbol>
      <symbol id="sm-1f8">
         <name>ascii_REF_T</name>
         <value>0x20001110</value>
      </symbol>
      <symbol id="sm-1f9">
         <name>ascii_REF_V</name>
         <value>0x2000111c</value>
      </symbol>
      <symbol id="sm-1fa">
         <name>ascii_LSH_T</name>
         <value>0x200010e0</value>
      </symbol>
      <symbol id="sm-1fb">
         <name>ascii_LSH_V</name>
         <value>0x200010ec</value>
      </symbol>
      <symbol id="sm-1fc">
         <name>ascii_FLT_T</name>
         <value>0x200010bc</value>
      </symbol>
      <symbol id="sm-1fd">
         <name>ascii_FLT_V</name>
         <value>0x200010c8</value>
      </symbol>
      <symbol id="sm-1fe">
         <name>ascii_IR_T</name>
         <value>0x200010d4</value>
      </symbol>
      <symbol id="sm-1ff">
         <name>ascii_PWMH</name>
         <value>0x20001104</value>
      </symbol>
      <symbol id="sm-200">
         <name>ascii_PWMF</name>
         <value>0x200010f8</value>
      </symbol>
      <symbol id="sm-201">
         <name>UART1IntHandler</name>
         <value>0x46b9</value>
         <object_component_ref idref="oc-42"/>
      </symbol>
      <symbol id="sm-202">
         <name>InitUART1</name>
         <value>0x2d05</value>
         <object_component_ref idref="oc-120"/>
      </symbol>
      <symbol id="sm-203">
         <name>ADC0SS0Handler</name>
         <value>0x4589</value>
         <object_component_ref idref="oc-48"/>
      </symbol>
      <symbol id="sm-204">
         <name>InitADC</name>
         <value>0x2e21</value>
         <object_component_ref idref="oc-10e"/>
      </symbol>
      <symbol id="sm-205">
         <name>UpdateScreen</name>
         <value>0x334d</value>
         <object_component_ref idref="oc-162"/>
      </symbol>
      <symbol id="sm-206">
         <name>IR_Read</name>
         <value>0x3f39</value>
         <object_component_ref idref="oc-150"/>
      </symbol>
      <symbol id="sm-207">
         <name>InitTimerPWM</name>
         <value>0x35f1</value>
         <object_component_ref idref="oc-11a"/>
      </symbol>
      <symbol id="sm-208">
         <name>SendPacket</name>
         <value>0x343d</value>
         <object_component_ref idref="oc-168"/>
      </symbol>
      <symbol id="sm-209">
         <name>InitI2C1</name>
         <value>0x3bb9</value>
         <object_component_ref idref="oc-126"/>
      </symbol>
      <symbol id="sm-20a">
         <name>adc2ASCII</name>
         <value>0x1dd1</value>
         <object_component_ref idref="oc-15c"/>
      </symbol>
      <symbol id="sm-20b">
         <name>PID_controller</name>
         <value>0x3045</value>
         <object_component_ref idref="oc-156"/>
      </symbol>
      <symbol id="sm-20c">
         <name>i2c_string</name>
         <value>0x3151</value>
         <object_component_ref idref="oc-21b"/>
      </symbol>
      <symbol id="sm-20d">
         <name>InitPWM</name>
         <value>0x2701</value>
         <object_component_ref idref="oc-114"/>
      </symbol>
      <symbol id="sm-2bf">
         <name>g_sCFAL96x64x16</name>
         <value>0x5810</value>
         <object_component_ref idref="oc-16f"/>
      </symbol>
      <symbol id="sm-2c0">
         <name>CFAL96x64x16Init</name>
         <value>0x2391</value>
         <object_component_ref idref="oc-12c"/>
      </symbol>
      <symbol id="sm-342">
         <name>UARTStdioConfig</name>
         <value>0x3cb5</value>
         <object_component_ref idref="oc-1be"/>
      </symbol>
      <symbol id="sm-343">
         <name>UARTwrite</name>
         <value>0x40c1</value>
         <object_component_ref idref="oc-2c6"/>
      </symbol>
      <symbol id="sm-344">
         <name>UARTprintf</name>
         <value>0x475d</value>
         <object_component_ref idref="oc-108"/>
      </symbol>
      <symbol id="sm-345">
         <name>UARTvprintf</name>
         <value>0x1031</value>
         <object_component_ref idref="oc-1c5"/>
      </symbol>
      <symbol id="sm-369">
         <name>GPIOPinTypeI2CSCL</name>
         <value>0x48a1</value>
         <object_component_ref idref="oc-1d8"/>
      </symbol>
      <symbol id="sm-36a">
         <name>GPIODirModeSet</name>
         <value>0x46e5</value>
         <object_component_ref idref="oc-2de"/>
      </symbol>
      <symbol id="sm-36b">
         <name>GPIOPadConfigSet</name>
         <value>0x2aaf</value>
         <object_component_ref idref="oc-2e4"/>
      </symbol>
      <symbol id="sm-378">
         <name>I2CMasterBusy</name>
         <value>0x4905</value>
         <object_component_ref idref="oc-327"/>
      </symbol>
      <symbol id="sm-386">
         <name>UARTClockSourceSet</name>
         <value>0x4921</value>
         <object_component_ref idref="oc-1b8"/>
      </symbol>
      <symbol id="sm-3a7">
         <name>GrContextInit</name>
         <value>0x3e05</value>
         <object_component_ref idref="oc-132"/>
      </symbol>
      <symbol id="sm-3a8">
         <name>g_psDefaultCodePointMapTable</name>
         <value>0x584c</value>
         <object_component_ref idref="oc-1f5"/>
      </symbol>
      <symbol id="sm-3ff">
         <name>GrImageDraw</name>
         <value>0x48d7</value>
         <object_component_ref idref="oc-138"/>
      </symbol>
      <symbol id="sm-40d">
         <name>GrRectFill</name>
         <value>0x3a25</value>
         <object_component_ref idref="oc-144"/>
      </symbol>
      <symbol id="sm-49c">
         <name>GrFontInfoGet</name>
         <value>0x4737</value>
         <object_component_ref idref="oc-2ef"/>
      </symbol>
      <symbol id="sm-49d">
         <name>GrDefaultStringRenderer</name>
         <value>0x36c9</value>
         <object_component_ref idref="oc-1ef"/>
      </symbol>
      <symbol id="sm-49e">
         <name>GrFontGlyphRender</name>
         <value>0x1b7d</value>
         <object_component_ref idref="oc-301"/>
      </symbol>
      <symbol id="sm-49f">
         <name>GrContextFontSet</name>
         <value>0x4915</value>
         <object_component_ref idref="oc-13e"/>
      </symbol>
      <symbol id="sm-4a0">
         <name>GrFontGlyphDataGet</name>
         <value>0x4781</value>
         <object_component_ref idref="oc-2fb"/>
      </symbol>
      <symbol id="sm-4a1">
         <name>GrStringDraw</name>
         <value>0x484d</value>
         <object_component_ref idref="oc-14a"/>
      </symbol>
      <symbol id="sm-4a2">
         <name>GrFontCodepageGet</name>
         <value>0x47c3</value>
         <object_component_ref idref="oc-31c"/>
      </symbol>
      <symbol id="sm-4a3">
         <name>GrStringNextCharGet</name>
         <value>0x465d</value>
         <object_component_ref idref="oc-2f5"/>
      </symbol>
      <symbol id="sm-4b5">
         <name>g_sFontFixed6x8</name>
         <value>0x5748</value>
         <object_component_ref idref="oc-176"/>
      </symbol>
      <symbol id="sm-4c2">
         <name>GrMapISO8859_1_Unicode</name>
         <value>0x48fd</value>
         <object_component_ref idref="oc-308"/>
      </symbol>
      <symbol id="sm-4f2">
         <name>snprintf</name>
         <value>0x4369</value>
         <object_component_ref idref="oc-221"/>
      </symbol>
      <symbol id="sm-509">
         <name>__aeabi_dsub</name>
         <value>0x2549</value>
         <object_component_ref idref="oc-245"/>
      </symbol>
      <symbol id="sm-50a">
         <name>__aeabi_dadd</name>
         <value>0x2553</value>
         <object_component_ref idref="oc-245"/>
      </symbol>
      <symbol id="sm-51e">
         <name>__aeabi_ddiv</name>
         <value>0x2979</value>
         <object_component_ref idref="oc-23b"/>
      </symbol>
      <symbol id="sm-529">
         <name>__aeabi_dmul</name>
         <value>0x3251</value>
         <object_component_ref idref="oc-236"/>
      </symbol>
      <symbol id="sm-535">
         <name>__aeabi_d2f</name>
         <value>0x3d97</value>
         <object_component_ref idref="oc-240"/>
      </symbol>
      <symbol id="sm-540">
         <name>__aeabi_f2d</name>
         <value>0x45c1</value>
         <object_component_ref idref="oc-229"/>
      </symbol>
      <symbol id="sm-55b">
         <name>memcpy</name>
         <value>0x38f3</value>
         <object_component_ref idref="oc-5c"/>
      </symbol>
      <symbol id="sm-55c">
         <name>__aeabi_memcpy</name>
         <value>0x38f3</value>
         <object_component_ref idref="oc-5c"/>
      </symbol>
      <symbol id="sm-55d">
         <name>__aeabi_memcpy8</name>
         <value>0x38f3</value>
         <object_component_ref idref="oc-5c"/>
      </symbol>
      <symbol id="sm-55e">
         <name>__aeabi_memcpy4</name>
         <value>0x38f3</value>
         <object_component_ref idref="oc-5c"/>
      </symbol>
      <symbol id="sm-568">
         <name>__aeabi_ui2d</name>
         <value>0x47a3</value>
         <object_component_ref idref="oc-231"/>
      </symbol>
      <symbol id="sm-577">
         <name>__aeabi_uidivmod</name>
         <value>0x44d1</value>
         <object_component_ref idref="oc-2cc"/>
      </symbol>
      <symbol id="sm-578">
         <name>__aeabi_uidiv</name>
         <value>0x44d1</value>
         <object_component_ref idref="oc-2cc"/>
      </symbol>
      <symbol id="sm-591">
         <name>__TI_zero_init_nomemset</name>
         <value>0x48b3</value>
         <object_component_ref idref="oc-68"/>
      </symbol>
      <symbol id="sm-5a8">
         <name>__TI_decompress_none</name>
         <value>0x48e5</value>
         <object_component_ref idref="oc-18"/>
      </symbol>
      <symbol id="sm-5cb">
         <name>__TI_decompress_lzss</name>
         <value>0x3e6d</value>
         <object_component_ref idref="oc-12"/>
      </symbol>
      <symbol id="sm-5db">
         <name>strcat</name>
         <value>0x47e1</value>
         <object_component_ref idref="oc-25f"/>
      </symbol>
      <symbol id="sm-5e9">
         <name>strcpy</name>
         <value>0x4879</value>
         <object_component_ref idref="oc-259"/>
      </symbol>
      <symbol id="sm-5fc">
         <name>__stack</name>
         <value>0x20000000</value>
         <object_component_ref idref="oc-21"/>
      </symbol>
      <symbol id="sm-5fd">
         <name>_c_int00_noargs</name>
         <value>0x45f9</value>
         <object_component_ref idref="oc-7a"/>
      </symbol>
      <symbol id="sm-762">
         <name>__TI_printfi</name>
         <value>0x26d</value>
         <object_component_ref idref="oc-32e"/>
      </symbol>
      <symbol id="sm-782">
         <name>frexpl</name>
         <value>0x3f9d</value>
         <object_component_ref idref="oc-464"/>
      </symbol>
      <symbol id="sm-783">
         <name>frexp</name>
         <value>0x3f9d</value>
         <object_component_ref idref="oc-464"/>
      </symbol>
      <symbol id="sm-7a0">
         <name>scalbn</name>
         <value>0x2f35</value>
         <object_component_ref idref="oc-46a"/>
      </symbol>
      <symbol id="sm-7a1">
         <name>scalbnl</name>
         <value>0x2f35</value>
         <object_component_ref idref="oc-46a"/>
      </symbol>
      <symbol id="sm-7a2">
         <name>ldexpl</name>
         <value>0x2f35</value>
         <object_component_ref idref="oc-46a"/>
      </symbol>
      <symbol id="sm-7a3">
         <name>ldexp</name>
         <value>0x2f35</value>
         <object_component_ref idref="oc-46a"/>
      </symbol>
      <symbol id="sm-7ad">
         <name>copysign</name>
         <value>0x481b</value>
         <object_component_ref idref="oc-4a9"/>
      </symbol>
      <symbol id="sm-7ae">
         <name>copysignl</name>
         <value>0x481b</value>
         <object_component_ref idref="oc-4a9"/>
      </symbol>
      <symbol id="sm-7b8">
         <name>__aeabi_idiv0</name>
         <value>0x3bb7</value>
         <object_component_ref idref="oc-396"/>
      </symbol>
      <symbol id="sm-7b9">
         <name>__aeabi_ldiv0</name>
         <value>0x3bb7</value>
         <object_component_ref idref="oc-396"/>
      </symbol>
      <symbol id="sm-7c6">
         <name>__aeabi_uldivmod</name>
         <value>0x398f</value>
         <object_component_ref idref="oc-42d"/>
      </symbol>
      <symbol id="sm-7e8">
         <name>__aeabi_cdcmpeq</name>
         <value>0x3aab</value>
         <object_component_ref idref="oc-3ca"/>
      </symbol>
      <symbol id="sm-7e9">
         <name>__aeabi_cdcmple</name>
         <value>0x3aab</value>
         <object_component_ref idref="oc-3ca"/>
      </symbol>
      <symbol id="sm-7ea">
         <name>__aeabi_cdrcmple</name>
         <value>0x3b31</value>
         <object_component_ref idref="oc-434"/>
      </symbol>
      <symbol id="sm-7f4">
         <name>__aeabi_d2iz</name>
         <value>0x43ff</value>
         <object_component_ref idref="oc-439"/>
      </symbol>
      <symbol id="sm-7fe">
         <name>__aeabi_i2d</name>
         <value>0x468b</value>
         <object_component_ref idref="oc-444"/>
      </symbol>
      <symbol id="sm-80d">
         <name>__aeabi_memset</name>
         <value>0x3c3b</value>
         <object_component_ref idref="oc-bf"/>
      </symbol>
      <symbol id="sm-80e">
         <name>memset</name>
         <value>0x3c41</value>
         <object_component_ref idref="oc-bf"/>
      </symbol>
      <symbol id="sm-80f">
         <name>__aeabi_memset8</name>
         <value>0x3c3b</value>
         <object_component_ref idref="oc-bf"/>
      </symbol>
      <symbol id="sm-810">
         <name>__aeabi_memset4</name>
         <value>0x3c3b</value>
         <object_component_ref idref="oc-bf"/>
      </symbol>
      <symbol id="sm-811">
         <name>__aeabi_memclr8</name>
         <value>0x3c39</value>
         <object_component_ref idref="oc-bf"/>
      </symbol>
      <symbol id="sm-812">
         <name>__aeabi_memclr4</name>
         <value>0x3c39</value>
         <object_component_ref idref="oc-bf"/>
      </symbol>
      <symbol id="sm-813">
         <name>__aeabi_memclr</name>
         <value>0x3c39</value>
         <object_component_ref idref="oc-bf"/>
      </symbol>
      <symbol id="sm-83b">
         <name>__TI_auto_init_nobinit_nopinit</name>
         <value>0x448d</value>
         <object_component_ref idref="oc-186"/>
      </symbol>
      <symbol id="sm-845">
         <name>_system_pre_init</name>
         <value>0x4927</value>
         <object_component_ref idref="oc-c5"/>
      </symbol>
      <symbol id="sm-851">
         <name>C$$EXIT</name>
         <value>0x492b</value>
         <object_component_ref idref="oc-17a"/>
      </symbol>
      <symbol id="sm-852">
         <name>abort</name>
         <value>0x492b</value>
         <object_component_ref idref="oc-17a"/>
      </symbol>
      <symbol id="sm-86a">
         <name>atoi</name>
         <value>0x431d</value>
         <object_component_ref idref="oc-3be"/>
      </symbol>
      <symbol id="sm-875">
         <name>_ctypes_</name>
         <value>0x5644</value>
         <object_component_ref idref="oc-428"/>
      </symbol>
      <symbol id="sm-884">
         <name>ltoa</name>
         <value>0x4227</value>
         <object_component_ref idref="oc-43e"/>
      </symbol>
      <symbol id="sm-894">
         <name>memccpy</name>
         <value>0x47ff</value>
         <object_component_ref idref="oc-3e7"/>
      </symbol>
      <symbol id="sm-8a4">
         <name>strchr</name>
         <value>0x4863</value>
         <object_component_ref idref="oc-470"/>
      </symbol>
      <symbol id="sm-8b2">
         <name>strlen</name>
         <value>0x488d</value>
         <object_component_ref idref="oc-3b8"/>
      </symbol>
      <symbol id="sm-8c8">
         <name>__aeabi_errno_addr</name>
         <value>0x490d</value>
         <object_component_ref idref="oc-3f3"/>
      </symbol>
      <symbol id="sm-8c9">
         <name>errno</name>
         <value>0x2000117c</value>
         <object_component_ref idref="oc-480"/>
      </symbol>
      <symbol id="sm-8e2">
         <name>wcslen</name>
         <value>0x48c5</value>
         <object_component_ref idref="oc-3ed"/>
      </symbol>
      <symbol id="sm-8e3">
         <name>__TI_static_base__</name>
         <value>0x0</value>
      </symbol>
      <symbol id="sm-8e6">
         <name>__mpu_init</name>
         <value>0x0</value>
      </symbol>
      <symbol id="sm-8e7">
         <name>_system_post_cinit</name>
         <value>0x0</value>
      </symbol>
   </symbol_table>
   <title>Link successful</title>
</link_info>
