<?xml version="1.0" encoding="ISO-8859-1" ?>
<link_info>
   <banner>TI ARM Linker PC v18.12.1.LTS</banner>
   <copyright>Copyright (c) 1996-2018 Texas Instruments Incorporated</copyright>
   <link_time>0x5ce8fb98</link_time>
   <link_errors>0x0</link_errors>
   <output_file>TempController_template.out</output_file>
   <entry_point>
      <name>_c_int00_noargs</name>
      <address>0x4a4d</address>
   </entry_point>
   <input_file_list>
      <input_file id="fl-2">
         <path>.\</path>
         <kind>object</kind>
         <file>TempController.obj</file>
         <name>TempController.obj</name>
      </input_file>
      <input_file id="fl-3">
         <path>.\</path>
         <kind>object</kind>
         <file>tm4c123gh6pge_startup_ccs.obj</file>
         <name>tm4c123gh6pge_startup_ccs.obj</name>
      </input_file>
      <input_file id="fl-4">
         <path>.\DADSlab\</path>
         <kind>object</kind>
         <file>images.obj</file>
         <name>images.obj</name>
      </input_file>
      <input_file id="fl-5">
         <path>.\DADSlab\</path>
         <kind>object</kind>
         <file>my_code.obj</file>
         <name>my_code.obj</name>
      </input_file>
      <input_file id="fl-6">
         <path>.\drivers\</path>
         <kind>object</kind>
         <file>cfal96x64x16.obj</file>
         <name>cfal96x64x16.obj</name>
      </input_file>
      <input_file id="fl-7">
         <path>.\utils\</path>
         <kind>object</kind>
         <file>uartstdio.obj</file>
         <name>uartstdio.obj</name>
      </input_file>
      <input_file id="fl-d">
         <kind>object</kind>
         <file>&lt;internal&gt;</file>
         <name>&lt;internal&gt;</name>
      </input_file>
      <input_file id="fl-e">
         <path>C:\Software\ti\TivaWare_C_Series-2.1.4.178\driverlib\ccs\Debug\</path>
         <kind>archive</kind>
         <file>driverlib.lib</file>
         <name>gpio.obj</name>
      </input_file>
      <input_file id="fl-f">
         <path>C:\Software\ti\TivaWare_C_Series-2.1.4.178\driverlib\ccs\Debug\</path>
         <kind>archive</kind>
         <file>driverlib.lib</file>
         <name>i2c.obj</name>
      </input_file>
      <input_file id="fl-10">
         <path>C:\Software\ti\TivaWare_C_Series-2.1.4.178\driverlib\ccs\Debug\</path>
         <kind>archive</kind>
         <file>driverlib.lib</file>
         <name>interrupt.obj</name>
      </input_file>
      <input_file id="fl-11">
         <path>C:\Software\ti\TivaWare_C_Series-2.1.4.178\driverlib\ccs\Debug\</path>
         <kind>archive</kind>
         <file>driverlib.lib</file>
         <name>uart.obj</name>
      </input_file>
      <input_file id="fl-12">
         <path>C:\Software\ti\TivaWare_C_Series-2.1.4.178\driverlib\ccs\Debug\</path>
         <kind>archive</kind>
         <file>driverlib.lib</file>
         <name>cpu.obj</name>
      </input_file>
      <input_file id="fl-13">
         <path>C:\Software\ti\TivaWare_C_Series-2.1.4.178\grlib\ccs\Debug\</path>
         <kind>archive</kind>
         <file>grlib.lib</file>
         <name>context.obj</name>
      </input_file>
      <input_file id="fl-14">
         <path>C:\Software\ti\TivaWare_C_Series-2.1.4.178\grlib\ccs\Debug\</path>
         <kind>archive</kind>
         <file>grlib.lib</file>
         <name>image.obj</name>
      </input_file>
      <input_file id="fl-15">
         <path>C:\Software\ti\TivaWare_C_Series-2.1.4.178\grlib\ccs\Debug\</path>
         <kind>archive</kind>
         <file>grlib.lib</file>
         <name>rectangle.obj</name>
      </input_file>
      <input_file id="fl-16">
         <path>C:\Software\ti\TivaWare_C_Series-2.1.4.178\grlib\ccs\Debug\</path>
         <kind>archive</kind>
         <file>grlib.lib</file>
         <name>string.obj</name>
      </input_file>
      <input_file id="fl-17">
         <path>C:\Software\ti\TivaWare_C_Series-2.1.4.178\grlib\ccs\Debug\</path>
         <kind>archive</kind>
         <file>grlib.lib</file>
         <name>fontfixed6x8.obj</name>
      </input_file>
      <input_file id="fl-18">
         <path>C:\Software\ti\TivaWare_C_Series-2.1.4.178\grlib\ccs\Debug\</path>
         <kind>archive</kind>
         <file>grlib.lib</file>
         <name>charmap.obj</name>
      </input_file>
      <input_file id="fl-19">
         <path>C:\Software\ti\TivaWare_C_Series-2.1.4.178\grlib\ccs\Debug\</path>
         <kind>archive</kind>
         <file>grlib.lib</file>
         <name>line.obj</name>
      </input_file>
      <input_file id="fl-cf">
         <path>C:\ti\ccs901\ccs\tools\compiler\ti-cgt-arm_18.12.1.LTS\lib\</path>
         <kind>archive</kind>
         <file>rtsv7M4_T_le_v4SPD16_eabi.lib</file>
         <name>snprintf.c.obj</name>
      </input_file>
      <input_file id="fl-d0">
         <path>C:\ti\ccs901\ccs\tools\compiler\ti-cgt-arm_18.12.1.LTS\lib\</path>
         <kind>archive</kind>
         <file>rtsv7M4_T_le_v4SPD16_eabi.lib</file>
         <name>fd_add_t2.asm.obj</name>
      </input_file>
      <input_file id="fl-d1">
         <path>C:\ti\ccs901\ccs\tools\compiler\ti-cgt-arm_18.12.1.LTS\lib\</path>
         <kind>archive</kind>
         <file>rtsv7M4_T_le_v4SPD16_eabi.lib</file>
         <name>fd_cmp_t2.asm.obj</name>
      </input_file>
      <input_file id="fl-d2">
         <path>C:\ti\ccs901\ccs\tools\compiler\ti-cgt-arm_18.12.1.LTS\lib\</path>
         <kind>archive</kind>
         <file>rtsv7M4_T_le_v4SPD16_eabi.lib</file>
         <name>fd_div_t2.asm.obj</name>
      </input_file>
      <input_file id="fl-d3">
         <path>C:\ti\ccs901\ccs\tools\compiler\ti-cgt-arm_18.12.1.LTS\lib\</path>
         <kind>archive</kind>
         <file>rtsv7M4_T_le_v4SPD16_eabi.lib</file>
         <name>fd_mul_t2.asm.obj</name>
      </input_file>
      <input_file id="fl-d4">
         <path>C:\ti\ccs901\ccs\tools\compiler\ti-cgt-arm_18.12.1.LTS\lib\</path>
         <kind>archive</kind>
         <file>rtsv7M4_T_le_v4SPD16_eabi.lib</file>
         <name>fd_tos_t2.asm.obj</name>
      </input_file>
      <input_file id="fl-d5">
         <path>C:\ti\ccs901\ccs\tools\compiler\ti-cgt-arm_18.12.1.LTS\lib\</path>
         <kind>archive</kind>
         <file>rtsv7M4_T_le_v4SPD16_eabi.lib</file>
         <name>fs_tod_t2.asm.obj</name>
      </input_file>
      <input_file id="fl-d6">
         <path>C:\ti\ccs901\ccs\tools\compiler\ti-cgt-arm_18.12.1.LTS\lib\</path>
         <kind>archive</kind>
         <file>rtsv7M4_T_le_v4SPD16_eabi.lib</file>
         <name>memcpy_t2.asm.obj</name>
      </input_file>
      <input_file id="fl-d7">
         <path>C:\ti\ccs901\ccs\tools\compiler\ti-cgt-arm_18.12.1.LTS\lib\</path>
         <kind>archive</kind>
         <file>rtsv7M4_T_le_v4SPD16_eabi.lib</file>
         <name>u_tofd_t2.asm.obj</name>
      </input_file>
      <input_file id="fl-d8">
         <path>C:\ti\ccs901\ccs\tools\compiler\ti-cgt-arm_18.12.1.LTS\lib\</path>
         <kind>archive</kind>
         <file>rtsv7M4_T_le_v4SPD16_eabi.lib</file>
         <name>u_divt2.asm.obj</name>
      </input_file>
      <input_file id="fl-d9">
         <path>C:\ti\ccs901\ccs\tools\compiler\ti-cgt-arm_18.12.1.LTS\lib\</path>
         <kind>archive</kind>
         <file>rtsv7M4_T_le_v4SPD16_eabi.lib</file>
         <name>copy_zero_init.c.obj</name>
      </input_file>
      <input_file id="fl-da">
         <path>C:\ti\ccs901\ccs\tools\compiler\ti-cgt-arm_18.12.1.LTS\lib\</path>
         <kind>archive</kind>
         <file>rtsv7M4_T_le_v4SPD16_eabi.lib</file>
         <name>copy_decompress_none.c.obj</name>
      </input_file>
      <input_file id="fl-db">
         <path>C:\ti\ccs901\ccs\tools\compiler\ti-cgt-arm_18.12.1.LTS\lib\</path>
         <kind>archive</kind>
         <file>rtsv7M4_T_le_v4SPD16_eabi.lib</file>
         <name>copy_decompress_lzss.c.obj</name>
      </input_file>
      <input_file id="fl-dc">
         <path>C:\ti\ccs901\ccs\tools\compiler\ti-cgt-arm_18.12.1.LTS\lib\</path>
         <kind>archive</kind>
         <file>rtsv7M4_T_le_v4SPD16_eabi.lib</file>
         <name>strcat.c.obj</name>
      </input_file>
      <input_file id="fl-dd">
         <path>C:\ti\ccs901\ccs\tools\compiler\ti-cgt-arm_18.12.1.LTS\lib\</path>
         <kind>archive</kind>
         <file>rtsv7M4_T_le_v4SPD16_eabi.lib</file>
         <name>strcpy.c.obj</name>
      </input_file>
      <input_file id="fl-de">
         <path>C:\ti\ccs901\ccs\tools\compiler\ti-cgt-arm_18.12.1.LTS\lib\</path>
         <kind>archive</kind>
         <file>rtsv7M4_T_le_v4SPD16_eabi.lib</file>
         <name>boot_cortex_m.c.obj</name>
      </input_file>
      <input_file id="fl-df">
         <path>C:\ti\ccs901\ccs\tools\compiler\ti-cgt-arm_18.12.1.LTS\lib\</path>
         <kind>archive</kind>
         <file>rtsv7M4_T_le_v4SPD16_eabi.lib</file>
         <name>_printfi.c.obj</name>
      </input_file>
      <input_file id="fl-e0">
         <path>C:\ti\ccs901\ccs\tools\compiler\ti-cgt-arm_18.12.1.LTS\lib\</path>
         <kind>archive</kind>
         <file>rtsv7M4_T_le_v4SPD16_eabi.lib</file>
         <name>s_frexp.c.obj</name>
      </input_file>
      <input_file id="fl-e1">
         <path>C:\ti\ccs901\ccs\tools\compiler\ti-cgt-arm_18.12.1.LTS\lib\</path>
         <kind>archive</kind>
         <file>rtsv7M4_T_le_v4SPD16_eabi.lib</file>
         <name>s_scalbn.c.obj</name>
      </input_file>
      <input_file id="fl-e2">
         <path>C:\ti\ccs901\ccs\tools\compiler\ti-cgt-arm_18.12.1.LTS\lib\</path>
         <kind>archive</kind>
         <file>rtsv7M4_T_le_v4SPD16_eabi.lib</file>
         <name>s_copysign.c.obj</name>
      </input_file>
      <input_file id="fl-e3">
         <path>C:\ti\ccs901\ccs\tools\compiler\ti-cgt-arm_18.12.1.LTS\lib\</path>
         <kind>archive</kind>
         <file>rtsv7M4_T_le_v4SPD16_eabi.lib</file>
         <name>div0.asm.obj</name>
      </input_file>
      <input_file id="fl-e4">
         <path>C:\ti\ccs901\ccs\tools\compiler\ti-cgt-arm_18.12.1.LTS\lib\</path>
         <kind>archive</kind>
         <file>rtsv7M4_T_le_v4SPD16_eabi.lib</file>
         <name>ull_div_t2.asm.obj</name>
      </input_file>
      <input_file id="fl-e5">
         <path>C:\ti\ccs901\ccs\tools\compiler\ti-cgt-arm_18.12.1.LTS\lib\</path>
         <kind>archive</kind>
         <file>rtsv7M4_T_le_v4SPD16_eabi.lib</file>
         <name>fd_toi_t2.asm.obj</name>
      </input_file>
      <input_file id="fl-e6">
         <path>C:\ti\ccs901\ccs\tools\compiler\ti-cgt-arm_18.12.1.LTS\lib\</path>
         <kind>archive</kind>
         <file>rtsv7M4_T_le_v4SPD16_eabi.lib</file>
         <name>i_tofd_t2.asm.obj</name>
      </input_file>
      <input_file id="fl-e7">
         <path>C:\ti\ccs901\ccs\tools\compiler\ti-cgt-arm_18.12.1.LTS\lib\</path>
         <kind>archive</kind>
         <file>rtsv7M4_T_le_v4SPD16_eabi.lib</file>
         <name>memset_t2.asm.obj</name>
      </input_file>
      <input_file id="fl-e8">
         <path>C:\ti\ccs901\ccs\tools\compiler\ti-cgt-arm_18.12.1.LTS\lib\</path>
         <kind>archive</kind>
         <file>rtsv7M4_T_le_v4SPD16_eabi.lib</file>
         <name>autoinit.c.obj</name>
      </input_file>
      <input_file id="fl-e9">
         <path>C:\ti\ccs901\ccs\tools\compiler\ti-cgt-arm_18.12.1.LTS\lib\</path>
         <kind>archive</kind>
         <file>rtsv7M4_T_le_v4SPD16_eabi.lib</file>
         <name>pre_init.c.obj</name>
      </input_file>
      <input_file id="fl-ea">
         <path>C:\ti\ccs901\ccs\tools\compiler\ti-cgt-arm_18.12.1.LTS\lib\</path>
         <kind>archive</kind>
         <file>rtsv7M4_T_le_v4SPD16_eabi.lib</file>
         <name>cpy_tbl.c.obj</name>
      </input_file>
      <input_file id="fl-eb">
         <path>C:\ti\ccs901\ccs\tools\compiler\ti-cgt-arm_18.12.1.LTS\lib\</path>
         <kind>archive</kind>
         <file>rtsv7M4_T_le_v4SPD16_eabi.lib</file>
         <name>exit.c.obj</name>
      </input_file>
      <input_file id="fl-ec">
         <path>C:\ti\ccs901\ccs\tools\compiler\ti-cgt-arm_18.12.1.LTS\lib\</path>
         <kind>archive</kind>
         <file>rtsv7M4_T_le_v4SPD16_eabi.lib</file>
         <name>_lock.c.obj</name>
      </input_file>
      <input_file id="fl-ed">
         <path>C:\ti\ccs901\ccs\tools\compiler\ti-cgt-arm_18.12.1.LTS\lib\</path>
         <kind>archive</kind>
         <file>rtsv7M4_T_le_v4SPD16_eabi.lib</file>
         <name>args_main.c.obj</name>
      </input_file>
      <input_file id="fl-ee">
         <path>C:\ti\ccs901\ccs\tools\compiler\ti-cgt-arm_18.12.1.LTS\lib\</path>
         <kind>archive</kind>
         <file>rtsv7M4_T_le_v4SPD16_eabi.lib</file>
         <name>atoi.c.obj</name>
      </input_file>
      <input_file id="fl-ef">
         <path>C:\ti\ccs901\ccs\tools\compiler\ti-cgt-arm_18.12.1.LTS\lib\</path>
         <kind>archive</kind>
         <file>rtsv7M4_T_le_v4SPD16_eabi.lib</file>
         <name>ctype.c.obj</name>
      </input_file>
      <input_file id="fl-f0">
         <path>C:\ti\ccs901\ccs\tools\compiler\ti-cgt-arm_18.12.1.LTS\lib\</path>
         <kind>archive</kind>
         <file>rtsv7M4_T_le_v4SPD16_eabi.lib</file>
         <name>ltoa.c.obj</name>
      </input_file>
      <input_file id="fl-f1">
         <path>C:\ti\ccs901\ccs\tools\compiler\ti-cgt-arm_18.12.1.LTS\lib\</path>
         <kind>archive</kind>
         <file>rtsv7M4_T_le_v4SPD16_eabi.lib</file>
         <name>memccpy.c.obj</name>
      </input_file>
      <input_file id="fl-f2">
         <path>C:\ti\ccs901\ccs\tools\compiler\ti-cgt-arm_18.12.1.LTS\lib\</path>
         <kind>archive</kind>
         <file>rtsv7M4_T_le_v4SPD16_eabi.lib</file>
         <name>strchr.c.obj</name>
      </input_file>
      <input_file id="fl-f3">
         <path>C:\ti\ccs901\ccs\tools\compiler\ti-cgt-arm_18.12.1.LTS\lib\</path>
         <kind>archive</kind>
         <file>rtsv7M4_T_le_v4SPD16_eabi.lib</file>
         <name>strlen.c.obj</name>
      </input_file>
      <input_file id="fl-f4">
         <path>C:\ti\ccs901\ccs\tools\compiler\ti-cgt-arm_18.12.1.LTS\lib\</path>
         <kind>archive</kind>
         <file>rtsv7M4_T_le_v4SPD16_eabi.lib</file>
         <name>errno.c.obj</name>
      </input_file>
      <input_file id="fl-f5">
         <path>C:\ti\ccs901\ccs\tools\compiler\ti-cgt-arm_18.12.1.LTS\lib\</path>
         <kind>archive</kind>
         <file>rtsv7M4_T_le_v4SPD16_eabi.lib</file>
         <name>wcslen.c.obj</name>
      </input_file>
   </input_file_list>
   <object_component_list>
      <object_component id="oc-f">
         <name>.intvecs</name>
         <load_address>0x0</load_address>
         <run_address>0x0</run_address>
         <size>0x26c</size>
         <input_file_ref idref="fl-3"/>
      </object_component>
      <object_component id="oc-342">
         <name>.text:__TI_printfi</name>
         <load_address>0x26c</load_address>
         <run_address>0x26c</run_address>
         <size>0xa4e</size>
         <input_file_ref idref="fl-df"/>
      </object_component>
      <object_component id="oc-30">
         <name>.text:FaultISR</name>
         <load_address>0xcba</load_address>
         <run_address>0xcba</run_address>
         <size>0x2</size>
         <input_file_ref idref="fl-3"/>
      </object_component>
      <object_component id="oc-1fc">
         <name>.text:InternalImageDraw</name>
         <load_address>0xcbc</load_address>
         <run_address>0xcbc</run_address>
         <size>0x374</size>
         <input_file_ref idref="fl-14"/>
      </object_component>
      <object_component id="oc-162">
         <name>.text:UpdateScreen</name>
         <load_address>0x1030</load_address>
         <run_address>0x1030</run_address>
         <size>0x368</size>
         <input_file_ref idref="fl-5"/>
      </object_component>
      <object_component id="oc-1c5">
         <name>.text:UARTvprintf</name>
         <load_address>0x1398</load_address>
         <run_address>0x1398</run_address>
         <size>0x30c</size>
         <input_file_ref idref="fl-7"/>
      </object_component>
      <object_component id="oc-326">
         <name>.text:PixelTransparentDraw</name>
         <load_address>0x16a4</load_address>
         <run_address>0x16a4</run_address>
         <size>0x2f8</size>
         <input_file_ref idref="fl-14"/>
      </object_component>
      <object_component id="oc-cb">
         <name>.text:main</name>
         <load_address>0x199c</load_address>
         <run_address>0x199c</run_address>
         <size>0x2dc</size>
         <input_file_ref idref="fl-2"/>
      </object_component>
      <object_component id="oc-156">
         <name>.text:PID_controller</name>
         <load_address>0x1c78</load_address>
         <run_address>0x1c78</run_address>
         <size>0x29c</size>
         <input_file_ref idref="fl-5"/>
      </object_component>
      <object_component id="oc-3f6">
         <name>.text:_pconv_a</name>
         <load_address>0x1f14</load_address>
         <run_address>0x1f14</run_address>
         <size>0x270</size>
         <input_file_ref idref="fl-df"/>
      </object_component>
      <object_component id="oc-15c">
         <name>.text:adc2ASCII</name>
         <load_address>0x2184</load_address>
         <run_address>0x2184</run_address>
         <size>0x258</size>
         <input_file_ref idref="fl-5"/>
      </object_component>
      <object_component id="oc-315">
         <name>.text:GrFontGlyphRender</name>
         <load_address>0x23dc</load_address>
         <run_address>0x23dc</run_address>
         <size>0x254</size>
         <input_file_ref idref="fl-16"/>
      </object_component>
      <object_component id="oc-3e4">
         <name>.text:_pconv_g</name>
         <load_address>0x2630</load_address>
         <run_address>0x2630</run_address>
         <size>0x1d0</size>
         <input_file_ref idref="fl-df"/>
      </object_component>
      <object_component id="oc-281">
         <name>.text:CFAL96x64x16PixelDrawMultiple</name>
         <load_address>0x2800</load_address>
         <run_address>0x2800</run_address>
         <size>0x1be</size>
         <input_file_ref idref="fl-6"/>
      </object_component>
      <object_component id="oc-36">
         <name>.text:IntDefaultHandler</name>
         <load_address>0x29be</load_address>
         <run_address>0x29be</run_address>
         <size>0x2</size>
         <input_file_ref idref="fl-3"/>
      </object_component>
      <object_component id="oc-12c">
         <name>.text:CFAL96x64x16Init</name>
         <load_address>0x29c0</load_address>
         <run_address>0x29c0</run_address>
         <size>0x1b8</size>
         <input_file_ref idref="fl-6"/>
      </object_component>
      <object_component id="oc-25b">
         <name>.text</name>
         <load_address>0x2b78</load_address>
         <run_address>0x2b78</run_address>
         <size>0x1b6</size>
         <input_file_ref idref="fl-d0"/>
      </object_component>
      <object_component id="oc-2a">
         <name>.text:NmiSR</name>
         <load_address>0x2d2e</load_address>
         <run_address>0x2d2e</run_address>
         <size>0x2</size>
         <input_file_ref idref="fl-3"/>
      </object_component>
      <object_component id="oc-114">
         <name>.text:InitPWM</name>
         <load_address>0x2d30</load_address>
         <run_address>0x2d30</run_address>
         <size>0x13c</size>
         <input_file_ref idref="fl-5"/>
      </object_component>
      <object_component id="oc-3f0">
         <name>.text:_pconv_e</name>
         <load_address>0x2e6c</load_address>
         <run_address>0x2e6c</run_address>
         <size>0x13c</size>
         <input_file_ref idref="fl-df"/>
      </object_component>
      <object_component id="oc-251">
         <name>.text</name>
         <load_address>0x2fa8</load_address>
         <run_address>0x2fa8</run_address>
         <size>0x136</size>
         <input_file_ref idref="fl-d2"/>
      </object_component>
      <object_component id="oc-2f8">
         <name>.text:GPIOPadConfigSet</name>
         <load_address>0x30de</load_address>
         <run_address>0x30de</run_address>
         <size>0x132</size>
         <input_file_ref idref="fl-e"/>
      </object_component>
      <object_component id="oc-465">
         <name>.text:fcvt</name>
         <load_address>0x3210</load_address>
         <run_address>0x3210</run_address>
         <size>0x124</size>
         <input_file_ref idref="fl-df"/>
      </object_component>
      <object_component id="oc-120">
         <name>.text:InitUART1</name>
         <load_address>0x3334</load_address>
         <run_address>0x3334</run_address>
         <size>0x11c</size>
         <input_file_ref idref="fl-5"/>
      </object_component>
      <object_component id="oc-10e">
         <name>.text:InitADC</name>
         <load_address>0x3450</load_address>
         <run_address>0x3450</run_address>
         <size>0x114</size>
         <input_file_ref idref="fl-5"/>
      </object_component>
      <object_component id="oc-479">
         <name>.text:scalbn</name>
         <load_address>0x3564</load_address>
         <run_address>0x3564</run_address>
         <size>0x110</size>
         <input_file_ref idref="fl-e1"/>
      </object_component>
      <object_component id="oc-21b">
         <name>.text:i2c_string</name>
         <load_address>0x3674</load_address>
         <run_address>0x3674</run_address>
         <size>0x100</size>
         <input_file_ref idref="fl-5"/>
      </object_component>
      <object_component id="oc-24c">
         <name>.text</name>
         <load_address>0x3774</load_address>
         <run_address>0x3774</run_address>
         <size>0xfc</size>
         <input_file_ref idref="fl-d3"/>
      </object_component>
      <object_component id="oc-168">
         <name>.text:SendPacket</name>
         <load_address>0x3870</load_address>
         <run_address>0x3870</run_address>
         <size>0xdc</size>
         <input_file_ref idref="fl-5"/>
      </object_component>
      <object_component id="oc-28d">
         <name>.text:CFAL96x64x16LineDrawV</name>
         <load_address>0x394c</load_address>
         <run_address>0x394c</run_address>
         <size>0xd8</size>
         <input_file_ref idref="fl-6"/>
      </object_component>
      <object_component id="oc-11a">
         <name>.text:InitTimerPWM</name>
         <load_address>0x3a24</load_address>
         <run_address>0x3a24</run_address>
         <size>0xd8</size>
         <input_file_ref idref="fl-5"/>
      </object_component>
      <object_component id="oc-1ef">
         <name>.text:GrDefaultStringRenderer</name>
         <load_address>0x3afc</load_address>
         <run_address>0x3afc</run_address>
         <size>0xc0</size>
         <input_file_ref idref="fl-16"/>
      </object_component>
      <object_component id="oc-287">
         <name>.text:CFAL96x64x16LineDrawH</name>
         <load_address>0x3bbc</load_address>
         <run_address>0x3bbc</run_address>
         <size>0xb8</size>
         <input_file_ref idref="fl-6"/>
      </object_component>
      <object_component id="oc-3de">
         <name>.text:_ltostr</name>
         <load_address>0x3c74</load_address>
         <run_address>0x3c74</run_address>
         <size>0xb1</size>
         <input_file_ref idref="fl-df"/>
      </object_component>
      <object_component id="oc-5c">
         <name>.text</name>
         <load_address>0x3d26</load_address>
         <run_address>0x3d26</run_address>
         <size>0x9c</size>
         <input_file_ref idref="fl-d6"/>
      </object_component>
      <object_component id="oc-442">
         <name>.text</name>
         <load_address>0x3dc2</load_address>
         <run_address>0x3dc2</run_address>
         <size>0x96</size>
         <input_file_ref idref="fl-e4"/>
      </object_component>
      <object_component id="oc-144">
         <name>.text:GrRectFill</name>
         <load_address>0x3e58</load_address>
         <run_address>0x3e58</run_address>
         <size>0x86</size>
         <input_file_ref idref="fl-15"/>
      </object_component>
      <object_component id="oc-22e">
         <name>.text:__aeabi_cdcmple</name>
         <load_address>0x3ede</load_address>
         <run_address>0x3ede</run_address>
         <size>0x86</size>
         <input_file_ref idref="fl-d1"/>
      </object_component>
      <object_component id="oc-233">
         <name>.text:__aeabi_cdrcmple</name>
         <load_address>0x3f64</load_address>
         <run_address>0x3f64</run_address>
         <size>0x86</size>
         <input_file_ref idref="fl-d1"/>
      </object_component>
      <object_component id="oc-3b0">
         <name>.text</name>
         <load_address>0x3fea</load_address>
         <run_address>0x3fea</run_address>
         <size>0x2</size>
         <input_file_ref idref="fl-e3"/>
      </object_component>
      <object_component id="oc-126">
         <name>.text:InitI2C1</name>
         <load_address>0x3fec</load_address>
         <run_address>0x3fec</run_address>
         <size>0x80</size>
         <input_file_ref idref="fl-5"/>
      </object_component>
      <object_component id="oc-3c">
         <name>.text:SysTickIntHandler</name>
         <load_address>0x406c</load_address>
         <run_address>0x406c</run_address>
         <size>0x7c</size>
         <input_file_ref idref="fl-2"/>
      </object_component>
      <object_component id="oc-bf">
         <name>.text</name>
         <load_address>0x40e8</load_address>
         <run_address>0x40e8</run_address>
         <size>0x7a</size>
         <input_file_ref idref="fl-e7"/>
      </object_component>
      <object_component id="oc-1be">
         <name>.text:UARTStdioConfig</name>
         <load_address>0x4164</load_address>
         <run_address>0x4164</run_address>
         <size>0x74</size>
         <input_file_ref idref="fl-7"/>
      </object_component>
      <object_component id="oc-45e">
         <name>.text:_mcpy</name>
         <load_address>0x41d8</load_address>
         <run_address>0x41d8</run_address>
         <size>0x6e</size>
         <input_file_ref idref="fl-df"/>
      </object_component>
      <object_component id="oc-256">
         <name>.text</name>
         <load_address>0x4246</load_address>
         <run_address>0x4246</run_address>
         <size>0x6e</size>
         <input_file_ref idref="fl-d4"/>
      </object_component>
      <object_component id="oc-132">
         <name>.text:GrContextInit</name>
         <load_address>0x42b4</load_address>
         <run_address>0x42b4</run_address>
         <size>0x68</size>
         <input_file_ref idref="fl-13"/>
      </object_component>
      <object_component id="oc-12">
         <name>.text:decompress:lzss:__TI_decompress_lzss</name>
         <load_address>0x431c</load_address>
         <run_address>0x431c</run_address>
         <size>0x68</size>
         <input_file_ref idref="fl-db"/>
      </object_component>
      <object_component id="oc-102">
         <name>.text:ConfigureUART</name>
         <load_address>0x4384</load_address>
         <run_address>0x4384</run_address>
         <size>0x64</size>
         <input_file_ref idref="fl-2"/>
      </object_component>
      <object_component id="oc-150">
         <name>.text:IR_Read</name>
         <load_address>0x43e8</load_address>
         <run_address>0x43e8</run_address>
         <size>0x64</size>
         <input_file_ref idref="fl-5"/>
      </object_component>
      <object_component id="oc-473">
         <name>.text:frexp</name>
         <load_address>0x444c</load_address>
         <run_address>0x444c</run_address>
         <size>0x64</size>
         <input_file_ref idref="fl-e0"/>
      </object_component>
      <object_component id="oc-1df">
         <name>.text:CFAL96x64x16WriteCommand</name>
         <load_address>0x44b0</load_address>
         <run_address>0x44b0</run_address>
         <size>0x60</size>
         <input_file_ref idref="fl-6"/>
      </object_component>
      <object_component id="oc-370">
         <name>.text:CFAL96x64x16WriteData</name>
         <load_address>0x4510</load_address>
         <run_address>0x4510</run_address>
         <size>0x60</size>
         <input_file_ref idref="fl-6"/>
      </object_component>
      <object_component id="oc-2da">
         <name>.text:UARTwrite</name>
         <load_address>0x4570</load_address>
         <run_address>0x4570</run_address>
         <size>0x5c</size>
         <input_file_ref idref="fl-7"/>
      </object_component>
      <object_component id="oc-3be">
         <name>.text:FontWideGlyphDataGet</name>
         <load_address>0x45cc</load_address>
         <run_address>0x45cc</run_address>
         <size>0x5a</size>
         <input_file_ref idref="fl-16"/>
      </object_component>
      <object_component id="oc-3ea">
         <name>.text:_pconv_f</name>
         <load_address>0x4626</load_address>
         <run_address>0x4626</run_address>
         <size>0x56</size>
         <input_file_ref idref="fl-df"/>
      </object_component>
      <object_component id="oc-44d">
         <name>.text:ltoa</name>
         <load_address>0x467c</load_address>
         <run_address>0x467c</run_address>
         <size>0x54</size>
         <input_file_ref idref="fl-f0"/>
      </object_component>
      <object_component id="oc-458">
         <name>.text:_ecpy</name>
         <load_address>0x46d0</load_address>
         <run_address>0x46d0</run_address>
         <size>0x52</size>
         <input_file_ref idref="fl-df"/>
      </object_component>
      <object_component id="oc-27b">
         <name>.text:CFAL96x64x16PixelDraw</name>
         <load_address>0x4722</load_address>
         <run_address>0x4722</run_address>
         <size>0x4e</size>
         <input_file_ref idref="fl-6"/>
      </object_component>
      <object_component id="oc-3d8">
         <name>.text:atoi</name>
         <load_address>0x4770</load_address>
         <run_address>0x4770</run_address>
         <size>0x4c</size>
         <input_file_ref idref="fl-ee"/>
      </object_component>
      <object_component id="oc-221">
         <name>.text:snprintf</name>
         <load_address>0x47bc</load_address>
         <run_address>0x47bc</run_address>
         <size>0x4c</size>
         <input_file_ref idref="fl-cf"/>
      </object_component>
      <object_component id="oc-20a">
         <name>.text:UpdateContextCharMapping</name>
         <load_address>0x4808</load_address>
         <run_address>0x4808</run_address>
         <size>0x4a</size>
         <input_file_ref idref="fl-16"/>
      </object_component>
      <object_component id="oc-448">
         <name>.text</name>
         <load_address>0x4852</load_address>
         <run_address>0x4852</run_address>
         <size>0x48</size>
         <input_file_ref idref="fl-e5"/>
      </object_component>
      <object_component id="oc-1e5">
         <name>.text:CFAL96x64x16RectFill</name>
         <load_address>0x489a</load_address>
         <run_address>0x489a</run_address>
         <size>0x44</size>
         <input_file_ref idref="fl-6"/>
      </object_component>
      <object_component id="oc-186">
         <name>.text:__TI_auto_init_nobinit_nopinit:__TI_auto_init_nobinit_nopinit</name>
         <load_address>0x48e0</load_address>
         <run_address>0x48e0</run_address>
         <size>0x44</size>
         <input_file_ref idref="fl-e8"/>
      </object_component>
      <object_component id="oc-2e0">
         <name>.text</name>
         <load_address>0x4924</load_address>
         <run_address>0x4924</run_address>
         <size>0x40</size>
         <input_file_ref idref="fl-d8"/>
      </object_component>
      <object_component id="oc-46b">
         <name>.text:_fcpy</name>
         <load_address>0x4964</load_address>
         <run_address>0x4964</run_address>
         <size>0x3e</size>
         <input_file_ref idref="fl-df"/>
      </object_component>
      <object_component id="oc-3c4">
         <name>.text:FontGlyphDataGet</name>
         <load_address>0x49a2</load_address>
         <run_address>0x49a2</run_address>
         <size>0x3a</size>
         <input_file_ref idref="fl-16"/>
      </object_component>
      <object_component id="oc-48">
         <name>.text:ADC0SS0Handler</name>
         <load_address>0x49dc</load_address>
         <run_address>0x49dc</run_address>
         <size>0x38</size>
         <input_file_ref idref="fl-5"/>
      </object_component>
      <object_component id="oc-229">
         <name>.text</name>
         <load_address>0x4a14</load_address>
         <run_address>0x4a14</run_address>
         <size>0x38</size>
         <input_file_ref idref="fl-d5"/>
      </object_component>
      <object_component id="oc-7a">
         <name>.text:_c_int00_noargs:_c_int00_noargs</name>
         <load_address>0x4a4c</load_address>
         <run_address>0x4a4c</run_address>
         <size>0x34</size>
         <input_file_ref idref="fl-de"/>
      </object_component>
      <object_component id="oc-348">
         <name>.text:_outs</name>
         <load_address>0x4a80</load_address>
         <run_address>0x4a80</run_address>
         <size>0x30</size>
         <input_file_ref idref="fl-cf"/>
      </object_component>
      <object_component id="oc-309">
         <name>.text:GrStringNextCharGet</name>
         <load_address>0x4ab0</load_address>
         <run_address>0x4ab0</run_address>
         <size>0x2e</size>
         <input_file_ref idref="fl-16"/>
      </object_component>
      <object_component id="oc-453">
         <name>.text</name>
         <load_address>0x4ade</load_address>
         <run_address>0x4ade</run_address>
         <size>0x2e</size>
         <input_file_ref idref="fl-e6"/>
      </object_component>
      <object_component id="oc-42">
         <name>.text:UART1IntHandler</name>
         <load_address>0x4b0c</load_address>
         <run_address>0x4b0c</run_address>
         <size>0x2c</size>
         <input_file_ref idref="fl-5"/>
      </object_component>
      <object_component id="oc-2f2">
         <name>.text:GPIODirModeSet</name>
         <load_address>0x4b38</load_address>
         <run_address>0x4b38</run_address>
         <size>0x2a</size>
         <input_file_ref idref="fl-e"/>
      </object_component>
      <object_component id="oc-293">
         <name>.text:CFAL96x64x16ColorTranslate</name>
         <load_address>0x4b62</load_address>
         <run_address>0x4b62</run_address>
         <size>0x28</size>
         <input_file_ref idref="fl-6"/>
      </object_component>
      <object_component id="oc-303">
         <name>.text:GrFontInfoGet</name>
         <load_address>0x4b8a</load_address>
         <run_address>0x4b8a</run_address>
         <size>0x26</size>
         <input_file_ref idref="fl-16"/>
      </object_component>
      <object_component id="oc-108">
         <name>.text:UARTprintf</name>
         <load_address>0x4bb0</load_address>
         <run_address>0x4bb0</run_address>
         <size>0x24</size>
         <input_file_ref idref="fl-7"/>
      </object_component>
      <object_component id="oc-30f">
         <name>.text:GrFontGlyphDataGet</name>
         <load_address>0x4bd4</load_address>
         <run_address>0x4bd4</run_address>
         <size>0x22</size>
         <input_file_ref idref="fl-16"/>
      </object_component>
      <object_component id="oc-247">
         <name>.text</name>
         <load_address>0x4bf6</load_address>
         <run_address>0x4bf6</run_address>
         <size>0x20</size>
         <input_file_ref idref="fl-d7"/>
      </object_component>
      <object_component id="oc-330">
         <name>.text:GrFontCodepageGet</name>
         <load_address>0x4c16</load_address>
         <run_address>0x4c16</run_address>
         <size>0x1e</size>
         <input_file_ref idref="fl-16"/>
      </object_component>
      <object_component id="oc-273">
         <name>.text:strcat</name>
         <load_address>0x4c34</load_address>
         <run_address>0x4c34</run_address>
         <size>0x1e</size>
         <input_file_ref idref="fl-dc"/>
      </object_component>
      <object_component id="oc-3fc">
         <name>.text:memccpy</name>
         <load_address>0x4c52</load_address>
         <run_address>0x4c52</run_address>
         <size>0x1c</size>
         <input_file_ref idref="fl-f1"/>
      </object_component>
      <object_component id="oc-4b7">
         <name>.text:copysign</name>
         <load_address>0x4c6e</load_address>
         <run_address>0x4c6e</run_address>
         <size>0x1a</size>
         <input_file_ref idref="fl-e2"/>
      </object_component>
      <object_component id="oc-34e">
         <name>.text:_outc</name>
         <load_address>0x4c88</load_address>
         <run_address>0x4c88</run_address>
         <size>0x18</size>
         <input_file_ref idref="fl-cf"/>
      </object_component>
      <object_component id="oc-14a">
         <name>.text:GrStringDraw</name>
         <load_address>0x4ca0</load_address>
         <run_address>0x4ca0</run_address>
         <size>0x16</size>
         <input_file_ref idref="fl-16"/>
      </object_component>
      <object_component id="oc-47f">
         <name>.text:strchr</name>
         <load_address>0x4cb6</load_address>
         <run_address>0x4cb6</run_address>
         <size>0x16</size>
         <input_file_ref idref="fl-f2"/>
      </object_component>
      <object_component id="oc-26d">
         <name>.text:strcpy</name>
         <load_address>0x4ccc</load_address>
         <run_address>0x4ccc</run_address>
         <size>0x14</size>
         <input_file_ref idref="fl-dd"/>
      </object_component>
      <object_component id="oc-3d2">
         <name>.text:strlen</name>
         <load_address>0x4ce0</load_address>
         <run_address>0x4ce0</run_address>
         <size>0x14</size>
         <input_file_ref idref="fl-f3"/>
      </object_component>
      <object_component id="oc-1d8">
         <name>.text:GPIOPinTypeI2CSCL</name>
         <load_address>0x4cf4</load_address>
         <run_address>0x4cf4</run_address>
         <size>0x12</size>
         <input_file_ref idref="fl-e"/>
      </object_component>
      <object_component id="oc-68">
         <name>.text:decompress:ZI:__TI_zero_init_nomemset:__TI_zero_init_nomemset</name>
         <load_address>0x4d06</load_address>
         <run_address>0x4d06</run_address>
         <size>0x12</size>
         <input_file_ref idref="fl-d9"/>
      </object_component>
      <object_component id="oc-402">
         <name>.text:wcslen</name>
         <load_address>0x4d18</load_address>
         <run_address>0x4d18</run_address>
         <size>0x12</size>
         <input_file_ref idref="fl-f5"/>
      </object_component>
      <object_component id="oc-138">
         <name>.text:GrImageDraw</name>
         <load_address>0x4d2a</load_address>
         <run_address>0x4d2a</run_address>
         <size>0xe</size>
         <input_file_ref idref="fl-14"/>
      </object_component>
      <object_component id="oc-18">
         <name>.text:decompress:none:__TI_decompress_none</name>
         <load_address>0x4d38</load_address>
         <run_address>0x4d38</run_address>
         <size>0xe</size>
         <input_file_ref idref="fl-da"/>
      </object_component>
      <object_component id="oc-299">
         <name>.text:CFAL96x64x16Flush</name>
         <load_address>0x4d46</load_address>
         <run_address>0x4d46</run_address>
         <size>0xa</size>
         <input_file_ref idref="fl-6"/>
      </object_component>
      <object_component id="oc-31c">
         <name>.text:GrMapISO8859_1_Unicode</name>
         <load_address>0x4d50</load_address>
         <run_address>0x4d50</run_address>
         <size>0x8</size>
         <input_file_ref idref="fl-18"/>
      </object_component>
      <object_component id="oc-33b">
         <name>.text:I2CMasterBusy</name>
         <load_address>0x4d58</load_address>
         <run_address>0x4d58</run_address>
         <size>0x8</size>
         <input_file_ref idref="fl-f"/>
      </object_component>
      <object_component id="oc-408">
         <name>.text:__aeabi_errno_addr</name>
         <load_address>0x4d60</load_address>
         <run_address>0x4d60</run_address>
         <size>0x8</size>
         <input_file_ref idref="fl-f4"/>
      </object_component>
      <object_component id="oc-13e">
         <name>.text:GrContextFontSet</name>
         <load_address>0x4d68</load_address>
         <run_address>0x4d68</run_address>
         <size>0x6</size>
         <input_file_ref idref="fl-16"/>
      </object_component>
      <object_component id="oc-24">
         <name>.text:ResetISR</name>
         <load_address>0x4d6e</load_address>
         <run_address>0x4d6e</run_address>
         <size>0x6</size>
         <input_file_ref idref="fl-3"/>
      </object_component>
      <object_component id="oc-1b8">
         <name>.text:UARTClockSourceSet</name>
         <load_address>0x4d74</load_address>
         <run_address>0x4d74</run_address>
         <size>0x6</size>
         <input_file_ref idref="fl-11"/>
      </object_component>
      <object_component id="oc-c5">
         <name>.text:_system_pre_init</name>
         <load_address>0x4d7a</load_address>
         <run_address>0x4d7a</run_address>
         <size>0x4</size>
         <input_file_ref idref="fl-e9"/>
      </object_component>
      <object_component id="oc-17a">
         <name>.text:abort:abort</name>
         <load_address>0x4d7e</load_address>
         <run_address>0x4d7e</run_address>
         <size>0x4</size>
         <input_file_ref idref="fl-eb"/>
      </object_component>
      <object_component id="oc-172">
         <name>.const:.string:g_pui8Image_UTS</name>
         <load_address>0x4d84</load_address>
         <run_address>0x4d84</run_address>
         <size>0xa1c</size>
         <input_file_ref idref="fl-4"/>
      </object_component>
      <object_component id="oc-2a5">
         <name>.const:.string:g_pui8FontFixed6x8Data</name>
         <load_address>0x57a0</load_address>
         <run_address>0x57a0</run_address>
         <size>0x2f8</size>
         <input_file_ref idref="fl-17"/>
      </object_component>
      <object_component id="oc-43d">
         <name>.const:.string:_ctypes_</name>
         <load_address>0x5a98</load_address>
         <run_address>0x5a98</run_address>
         <size>0x101</size>
         <input_file_ref idref="fl-ef"/>
      </object_component>
      <object_component id="oc-176">
         <name>.const:g_sFontFixed6x8</name>
         <load_address>0x5b9c</load_address>
         <run_address>0x5b9c</run_address>
         <size>0xc8</size>
         <input_file_ref idref="fl-17"/>
      </object_component>
      <object_component id="oc-16f">
         <name>.const:g_sCFAL96x64x16</name>
         <load_address>0x5c64</load_address>
         <run_address>0x5c64</run_address>
         <size>0x28</size>
         <input_file_ref idref="fl-6"/>
      </object_component>
      <object_component id="oc-3b6">
         <name>.const:.string</name>
         <load_address>0x5c8c</load_address>
         <run_address>0x5c8c</run_address>
         <size>0x12</size>
         <input_file_ref idref="fl-7"/>
      </object_component>
      <object_component id="oc-1f5">
         <name>.const</name>
         <load_address>0x5ca0</load_address>
         <run_address>0x5ca0</run_address>
         <size>0x10</size>
         <input_file_ref idref="fl-13"/>
      </object_component>
      <object_component id="oc-238">
         <name>.const</name>
         <load_address>0x5cb0</load_address>
         <run_address>0x5cb0</run_address>
         <size>0x10</size>
         <input_file_ref idref="fl-5"/>
      </object_component>
      <object_component id="oc-2d6">
         <name>.const:g_ui32UARTBase</name>
         <load_address>0x5cc0</load_address>
         <run_address>0x5cc0</run_address>
         <size>0xc</size>
         <input_file_ref idref="fl-7"/>
      </object_component>
      <object_component id="oc-2cd">
         <name>.const:g_ui32UARTPeriph</name>
         <load_address>0x5ccc</load_address>
         <run_address>0x5ccc</run_address>
         <size>0xc</size>
         <input_file_ref idref="fl-7"/>
      </object_component>
      <object_component id="oc-2e5">
         <name>.const</name>
         <load_address>0x5cd8</load_address>
         <run_address>0x5cd8</run_address>
         <size>0x4</size>
         <input_file_ref idref="fl-7"/>
      </object_component>
      <object_component id="oc-50c">
         <name>.cinit..data.load</name>
         <load_address>0x5ce0</load_address>
         <run_address>0x5ce0</run_address>
         <size>0x29</size>
      </object_component>
      <object_component id="oc-50a">
         <name>__TI_handler_table</name>
         <load_address>0x5d0c</load_address>
         <run_address>0x5d0c</run_address>
         <size>0xc</size>
      </object_component>
      <object_component id="oc-50d">
         <name>.cinit..bss.load</name>
         <load_address>0x5d18</load_address>
         <run_address>0x5d18</run_address>
         <size>0x8</size>
      </object_component>
      <object_component id="oc-50b">
         <name>__TI_cinit_table</name>
         <load_address>0x5d20</load_address>
         <run_address>0x5d20</run_address>
         <size>0x10</size>
      </object_component>
      <object_component id="oc-95">
         <name>.data</name>
         <load_address>0x200011b7</load_address>
         <run_address>0x200011b7</run_address>
         <size>0x7</size>
         <input_file_ref idref="fl-2"/>
      </object_component>
      <object_component id="oc-23b">
         <name>.data</name>
         <load_address>0x20001188</load_address>
         <run_address>0x20001188</run_address>
         <size>0x1c</size>
         <input_file_ref idref="fl-5"/>
      </object_component>
      <object_component id="oc-1eb">
         <name>.data:g_ui8DisplayInitCommands</name>
         <load_address>0x200011a4</load_address>
         <run_address>0x200011a4</run_address>
         <size>0x13</size>
         <input_file_ref idref="fl-6"/>
      </object_component>
      <object_component id="oc-2d0">
         <name>.data</name>
         <load_address>0x200011c0</load_address>
         <run_address>0x200011c0</run_address>
         <size>0x5</size>
         <input_file_ref idref="fl-7"/>
      </object_component>
      <object_component id="oc-48f">
         <name>.data</name>
         <load_address>0x200011c8</load_address>
         <run_address>0x200011c8</run_address>
         <size>0x4</size>
         <input_file_ref idref="fl-f4"/>
      </object_component>
      <object_component id="oc-92">
         <name>.bss</name>
         <uninitialized>true</uninitialized>
         <run_address>0x20001160</run_address>
         <size>0x4</size>
         <input_file_ref idref="fl-2"/>
      </object_component>
      <object_component id="oc-9f">
         <name>.common:ulADC0_Value</name>
         <uninitialized>true</uninitialized>
         <run_address>0x200010ac</run_address>
         <size>0x10</size>
      </object_component>
      <object_component id="oc-16e">
         <name>.common:sContext</name>
         <uninitialized>true</uninitialized>
         <run_address>0x20001060</run_address>
         <size>0x2c</size>
      </object_component>
      <object_component id="oc-175">
         <name>.common:sRect</name>
         <uninitialized>true</uninitialized>
         <run_address>0x20001158</run_address>
         <size>0x8</size>
      </object_component>
      <object_component id="oc-260">
         <name>.common:ch0V</name>
         <uninitialized>true</uninitialized>
         <run_address>0x20001168</run_address>
         <size>0x4</size>
      </object_component>
      <object_component id="oc-261">
         <name>.common:ch1V</name>
         <uninitialized>true</uninitialized>
         <run_address>0x20001170</run_address>
         <size>0x4</size>
      </object_component>
      <object_component id="oc-262">
         <name>.common:ch2V</name>
         <uninitialized>true</uninitialized>
         <run_address>0x20001178</run_address>
         <size>0x4</size>
      </object_component>
      <object_component id="oc-263">
         <name>.common:ch3V</name>
         <uninitialized>true</uninitialized>
         <run_address>0x20001180</run_address>
         <size>0x4</size>
      </object_component>
      <object_component id="oc-23e">
         <name>.common:ch0T</name>
         <uninitialized>true</uninitialized>
         <run_address>0x20001164</run_address>
         <size>0x4</size>
      </object_component>
      <object_component id="oc-267">
         <name>.common:ch1T</name>
         <uninitialized>true</uninitialized>
         <run_address>0x2000116c</run_address>
         <size>0x4</size>
      </object_component>
      <object_component id="oc-23f">
         <name>.common:ch2T</name>
         <uninitialized>true</uninitialized>
         <run_address>0x20001174</run_address>
         <size>0x4</size>
      </object_component>
      <object_component id="oc-268">
         <name>.common:ch3T</name>
         <uninitialized>true</uninitialized>
         <run_address>0x2000117c</run_address>
         <size>0x4</size>
      </object_component>
      <object_component id="oc-269">
         <name>.common:ascii_REF_T</name>
         <uninitialized>true</uninitialized>
         <run_address>0x20001140</run_address>
         <size>0xc</size>
      </object_component>
      <object_component id="oc-264">
         <name>.common:ascii_REF_V</name>
         <uninitialized>true</uninitialized>
         <run_address>0x2000114c</run_address>
         <size>0xc</size>
      </object_component>
      <object_component id="oc-26a">
         <name>.common:ascii_LSH_T</name>
         <uninitialized>true</uninitialized>
         <run_address>0x20001110</run_address>
         <size>0xc</size>
      </object_component>
      <object_component id="oc-265">
         <name>.common:ascii_LSH_V</name>
         <uninitialized>true</uninitialized>
         <run_address>0x2000111c</run_address>
         <size>0xc</size>
      </object_component>
      <object_component id="oc-26b">
         <name>.common:ascii_FLT_T</name>
         <uninitialized>true</uninitialized>
         <run_address>0x200010bc</run_address>
         <size>0xc</size>
      </object_component>
      <object_component id="oc-266">
         <name>.common:ascii_FLT_V</name>
         <uninitialized>true</uninitialized>
         <run_address>0x200010c8</run_address>
         <size>0xc</size>
      </object_component>
      <object_component id="oc-227">
         <name>.common:ascii_IR_T</name>
         <uninitialized>true</uninitialized>
         <run_address>0x200010d4</run_address>
         <size>0xc</size>
      </object_component>
      <object_component id="oc-240">
         <name>.common:ascii_PWMH</name>
         <uninitialized>true</uninitialized>
         <run_address>0x20001134</run_address>
         <size>0xc</size>
      </object_component>
      <object_component id="oc-241">
         <name>.common:ascii_PWMF</name>
         <uninitialized>true</uninitialized>
         <run_address>0x20001128</run_address>
         <size>0xc</size>
      </object_component>
      <object_component id="oc-242">
         <name>.common:ascii_KaF</name>
         <uninitialized>true</uninitialized>
         <run_address>0x200010e0</run_address>
         <size>0xc</size>
      </object_component>
      <object_component id="oc-243">
         <name>.common:ascii_KbF</name>
         <uninitialized>true</uninitialized>
         <run_address>0x200010f8</run_address>
         <size>0xc</size>
      </object_component>
      <object_component id="oc-244">
         <name>.common:ascii_KaH</name>
         <uninitialized>true</uninitialized>
         <run_address>0x200010ec</run_address>
         <size>0xc</size>
      </object_component>
      <object_component id="oc-245">
         <name>.common:ascii_KbH</name>
         <uninitialized>true</uninitialized>
         <run_address>0x20001104</run_address>
         <size>0xc</size>
      </object_component>
      <object_component id="oc-1f8">
         <name>.common:g_psGrLibDefaults</name>
         <uninitialized>true</uninitialized>
         <run_address>0x20001184</run_address>
         <size>0x4</size>
      </object_component>
      <object_component id="oc-32c">
         <name>.common:g_pui8Dictionary</name>
         <uninitialized>true</uninitialized>
         <run_address>0x2000108c</run_address>
         <size>0x20</size>
      </object_component>
      <object_component id="oc-21">
         <name>.stack</name>
         <uninitialized>true</uninitialized>
         <run_address>0x20000000</run_address>
         <size>0x4</size>
         <input_file_ref idref="fl-de"/>
      </object_component>
      <object_component id="oc-50e">
         <name>.stack</name>
         <uninitialized>true</uninitialized>
         <run_address>0x20000000</run_address>
         <size>0x0</size>
      </object_component>
      <object_component id="oc-a0">
         <name>.debug_info</name>
         <load_address>0x0</load_address>
         <run_address>0x0</run_address>
         <size>0x8b8</size>
         <input_file_ref idref="fl-2"/>
      </object_component>
      <object_component id="oc-93">
         <name>.debug_info</name>
         <load_address>0x8b8</load_address>
         <run_address>0x8b8</run_address>
         <size>0x115</size>
         <input_file_ref idref="fl-2"/>
      </object_component>
      <object_component id="oc-96">
         <name>.debug_info</name>
         <load_address>0x9cd</load_address>
         <run_address>0x9cd</run_address>
         <size>0x224</size>
         <input_file_ref idref="fl-2"/>
      </object_component>
      <object_component id="oc-103">
         <name>.debug_info</name>
         <load_address>0xbf1</load_address>
         <run_address>0xbf1</run_address>
         <size>0x19b</size>
         <input_file_ref idref="fl-2"/>
      </object_component>
      <object_component id="oc-3d">
         <name>.debug_info</name>
         <load_address>0xd8c</load_address>
         <run_address>0xd8c</run_address>
         <size>0x158</size>
         <input_file_ref idref="fl-2"/>
      </object_component>
      <object_component id="oc-cc">
         <name>.debug_info</name>
         <load_address>0xee4</load_address>
         <run_address>0xee4</run_address>
         <size>0x3ba</size>
         <input_file_ref idref="fl-2"/>
      </object_component>
      <object_component id="oc-e8">
         <name>.debug_info</name>
         <load_address>0x129e</load_address>
         <run_address>0x129e</run_address>
         <size>0x6bd</size>
         <input_file_ref idref="fl-2"/>
      </object_component>
      <object_component id="oc-a5">
         <name>.debug_info</name>
         <load_address>0x195b</load_address>
         <run_address>0x195b</run_address>
         <size>0x26b</size>
         <input_file_ref idref="fl-2"/>
      </object_component>
      <object_component id="oc-ed">
         <name>.debug_info</name>
         <load_address>0x1bc6</load_address>
         <run_address>0x1bc6</run_address>
         <size>0x8b</size>
         <input_file_ref idref="fl-2"/>
      </object_component>
      <object_component id="oc-e1">
         <name>.debug_info</name>
         <load_address>0x1c51</load_address>
         <run_address>0x1c51</run_address>
         <size>0x297</size>
         <input_file_ref idref="fl-2"/>
      </object_component>
      <object_component id="oc-9a">
         <name>.debug_info</name>
         <load_address>0x1ee8</load_address>
         <run_address>0x1ee8</run_address>
         <size>0xbb</size>
         <input_file_ref idref="fl-2"/>
      </object_component>
      <object_component id="oc-2ed">
         <name>.debug_info</name>
         <load_address>0x1fa3</load_address>
         <run_address>0x1fa3</run_address>
         <size>0xcc</size>
         <input_file_ref idref="fl-2"/>
      </object_component>
      <object_component id="oc-1cd">
         <name>.debug_info</name>
         <load_address>0x206f</load_address>
         <run_address>0x206f</run_address>
         <size>0x2c</size>
         <input_file_ref idref="fl-2"/>
      </object_component>
      <object_component id="oc-50">
         <name>.debug_info</name>
         <load_address>0x209b</load_address>
         <run_address>0x209b</run_address>
         <size>0x350</size>
         <input_file_ref idref="fl-3"/>
      </object_component>
      <object_component id="oc-10">
         <name>.debug_info</name>
         <load_address>0x23eb</load_address>
         <run_address>0x23eb</run_address>
         <size>0x11b</size>
         <input_file_ref idref="fl-3"/>
      </object_component>
      <object_component id="oc-27">
         <name>.debug_info</name>
         <load_address>0x2506</load_address>
         <run_address>0x2506</run_address>
         <size>0x167</size>
         <input_file_ref idref="fl-3"/>
      </object_component>
      <object_component id="oc-2d">
         <name>.debug_info</name>
         <load_address>0x266d</load_address>
         <run_address>0x266d</run_address>
         <size>0x158</size>
         <input_file_ref idref="fl-3"/>
      </object_component>
      <object_component id="oc-32">
         <name>.debug_info</name>
         <load_address>0x27c5</load_address>
         <run_address>0x27c5</run_address>
         <size>0x15e</size>
         <input_file_ref idref="fl-3"/>
      </object_component>
      <object_component id="oc-37">
         <name>.debug_info</name>
         <load_address>0x2923</load_address>
         <run_address>0x2923</run_address>
         <size>0x170</size>
         <input_file_ref idref="fl-3"/>
      </object_component>
      <object_component id="oc-57">
         <name>.debug_info</name>
         <load_address>0x2a93</load_address>
         <run_address>0x2a93</run_address>
         <size>0x84</size>
         <input_file_ref idref="fl-3"/>
      </object_component>
      <object_component id="oc-2a4">
         <name>.debug_info</name>
         <load_address>0x2b17</load_address>
         <run_address>0x2b17</run_address>
         <size>0x394</size>
         <input_file_ref idref="fl-4"/>
      </object_component>
      <object_component id="oc-173">
         <name>.debug_info</name>
         <load_address>0x2eab</load_address>
         <run_address>0x2eab</run_address>
         <size>0x117</size>
         <input_file_ref idref="fl-4"/>
      </object_component>
      <object_component id="oc-1d4">
         <name>.debug_info</name>
         <load_address>0x2fc2</load_address>
         <run_address>0x2fc2</run_address>
         <size>0xa4c</size>
         <input_file_ref idref="fl-5"/>
      </object_component>
      <object_component id="oc-239">
         <name>.debug_info</name>
         <load_address>0x3a0e</load_address>
         <run_address>0x3a0e</run_address>
         <size>0x144</size>
         <input_file_ref idref="fl-5"/>
      </object_component>
      <object_component id="oc-23c">
         <name>.debug_info</name>
         <load_address>0x3b52</load_address>
         <run_address>0x3b52</run_address>
         <size>0x14b</size>
         <input_file_ref idref="fl-5"/>
      </object_component>
      <object_component id="oc-117">
         <name>.debug_info</name>
         <load_address>0x3c9d</load_address>
         <run_address>0x3c9d</run_address>
         <size>0x210</size>
         <input_file_ref idref="fl-5"/>
      </object_component>
      <object_component id="oc-11c">
         <name>.debug_info</name>
         <load_address>0x3ead</load_address>
         <run_address>0x3ead</run_address>
         <size>0x19e</size>
         <input_file_ref idref="fl-5"/>
      </object_component>
      <object_component id="oc-122">
         <name>.debug_info</name>
         <load_address>0x404b</load_address>
         <run_address>0x404b</run_address>
         <size>0x1ca</size>
         <input_file_ref idref="fl-5"/>
      </object_component>
      <object_component id="oc-111">
         <name>.debug_info</name>
         <load_address>0x4215</load_address>
         <run_address>0x4215</run_address>
         <size>0x1b3</size>
         <input_file_ref idref="fl-5"/>
      </object_component>
      <object_component id="oc-128">
         <name>.debug_info</name>
         <load_address>0x43c8</load_address>
         <run_address>0x43c8</run_address>
         <size>0x195</size>
         <input_file_ref idref="fl-5"/>
      </object_component>
      <object_component id="oc-45">
         <name>.debug_info</name>
         <load_address>0x455d</load_address>
         <run_address>0x455d</run_address>
         <size>0x186</size>
         <input_file_ref idref="fl-5"/>
      </object_component>
      <object_component id="oc-4a">
         <name>.debug_info</name>
         <load_address>0x46e3</load_address>
         <run_address>0x46e3</run_address>
         <size>0x166</size>
         <input_file_ref idref="fl-5"/>
      </object_component>
      <object_component id="oc-158">
         <name>.debug_info</name>
         <load_address>0x4849</load_address>
         <run_address>0x4849</run_address>
         <size>0x43e</size>
         <input_file_ref idref="fl-5"/>
      </object_component>
      <object_component id="oc-15e">
         <name>.debug_info</name>
         <load_address>0x4c87</load_address>
         <run_address>0x4c87</run_address>
         <size>0x468</size>
         <input_file_ref idref="fl-5"/>
      </object_component>
      <object_component id="oc-165">
         <name>.debug_info</name>
         <load_address>0x50ef</load_address>
         <run_address>0x50ef</run_address>
         <size>0x54d</size>
         <input_file_ref idref="fl-5"/>
      </object_component>
      <object_component id="oc-21e">
         <name>.debug_info</name>
         <load_address>0x563c</load_address>
         <run_address>0x563c</run_address>
         <size>0x293</size>
         <input_file_ref idref="fl-5"/>
      </object_component>
      <object_component id="oc-153">
         <name>.debug_info</name>
         <load_address>0x58cf</load_address>
         <run_address>0x58cf</run_address>
         <size>0x18e</size>
         <input_file_ref idref="fl-5"/>
      </object_component>
      <object_component id="oc-16b">
         <name>.debug_info</name>
         <load_address>0x5a5d</load_address>
         <run_address>0x5a5d</run_address>
         <size>0x21c</size>
         <input_file_ref idref="fl-5"/>
      </object_component>
      <object_component id="oc-2a1">
         <name>.debug_info</name>
         <load_address>0x5c79</load_address>
         <run_address>0x5c79</run_address>
         <size>0x4e0</size>
         <input_file_ref idref="fl-6"/>
      </object_component>
      <object_component id="oc-1ec">
         <name>.debug_info</name>
         <load_address>0x6159</load_address>
         <run_address>0x6159</run_address>
         <size>0x12d</size>
         <input_file_ref idref="fl-6"/>
      </object_component>
      <object_component id="oc-170">
         <name>.debug_info</name>
         <load_address>0x6286</load_address>
         <run_address>0x6286</run_address>
         <size>0x11d</size>
         <input_file_ref idref="fl-6"/>
      </object_component>
      <object_component id="oc-1e1">
         <name>.debug_info</name>
         <load_address>0x63a3</load_address>
         <run_address>0x63a3</run_address>
         <size>0x1ee</size>
         <input_file_ref idref="fl-6"/>
      </object_component>
      <object_component id="oc-373">
         <name>.debug_info</name>
         <load_address>0x6591</load_address>
         <run_address>0x6591</run_address>
         <size>0x1ec</size>
         <input_file_ref idref="fl-6"/>
      </object_component>
      <object_component id="oc-27c">
         <name>.debug_info</name>
         <load_address>0x677d</load_address>
         <run_address>0x677d</run_address>
         <size>0x289</size>
         <input_file_ref idref="fl-6"/>
      </object_component>
      <object_component id="oc-284">
         <name>.debug_info</name>
         <load_address>0x6a06</load_address>
         <run_address>0x6a06</run_address>
         <size>0x429</size>
         <input_file_ref idref="fl-6"/>
      </object_component>
      <object_component id="oc-289">
         <name>.debug_info</name>
         <load_address>0x6e2f</load_address>
         <run_address>0x6e2f</run_address>
         <size>0x2b3</size>
         <input_file_ref idref="fl-6"/>
      </object_component>
      <object_component id="oc-28f">
         <name>.debug_info</name>
         <load_address>0x70e2</load_address>
         <run_address>0x70e2</run_address>
         <size>0x2d2</size>
         <input_file_ref idref="fl-6"/>
      </object_component>
      <object_component id="oc-1e8">
         <name>.debug_info</name>
         <load_address>0x73b4</load_address>
         <run_address>0x73b4</run_address>
         <size>0x241</size>
         <input_file_ref idref="fl-6"/>
      </object_component>
      <object_component id="oc-296">
         <name>.debug_info</name>
         <load_address>0x75f5</load_address>
         <run_address>0x75f5</run_address>
         <size>0x200</size>
         <input_file_ref idref="fl-6"/>
      </object_component>
      <object_component id="oc-29c">
         <name>.debug_info</name>
         <load_address>0x77f5</load_address>
         <run_address>0x77f5</run_address>
         <size>0x1b3</size>
         <input_file_ref idref="fl-6"/>
      </object_component>
      <object_component id="oc-12d">
         <name>.debug_info</name>
         <load_address>0x79a8</load_address>
         <run_address>0x79a8</run_address>
         <size>0x261</size>
         <input_file_ref idref="fl-6"/>
      </object_component>
      <object_component id="oc-1cc">
         <name>.debug_info</name>
         <load_address>0x7c09</load_address>
         <run_address>0x7c09</run_address>
         <size>0x2cb</size>
         <input_file_ref idref="fl-7"/>
      </object_component>
      <object_component id="oc-2d1">
         <name>.debug_info</name>
         <load_address>0x7ed4</load_address>
         <run_address>0x7ed4</run_address>
         <size>0x10c</size>
         <input_file_ref idref="fl-7"/>
      </object_component>
      <object_component id="oc-2e6">
         <name>.debug_info</name>
         <load_address>0x7fe0</load_address>
         <run_address>0x7fe0</run_address>
         <size>0x106</size>
         <input_file_ref idref="fl-7"/>
      </object_component>
      <object_component id="oc-2d7">
         <name>.debug_info</name>
         <load_address>0x80e6</load_address>
         <run_address>0x80e6</run_address>
         <size>0x114</size>
         <input_file_ref idref="fl-7"/>
      </object_component>
      <object_component id="oc-2ce">
         <name>.debug_info</name>
         <load_address>0x81fa</load_address>
         <run_address>0x81fa</run_address>
         <size>0x118</size>
         <input_file_ref idref="fl-7"/>
      </object_component>
      <object_component id="oc-1c0">
         <name>.debug_info</name>
         <load_address>0x8312</load_address>
         <run_address>0x8312</run_address>
         <size>0x22b</size>
         <input_file_ref idref="fl-7"/>
      </object_component>
      <object_component id="oc-2db">
         <name>.debug_info</name>
         <load_address>0x853d</load_address>
         <run_address>0x853d</run_address>
         <size>0x1c8</size>
         <input_file_ref idref="fl-7"/>
      </object_component>
      <object_component id="oc-2d3">
         <name>.debug_info</name>
         <load_address>0x8705</load_address>
         <run_address>0x8705</run_address>
         <size>0x227</size>
         <input_file_ref idref="fl-7"/>
      </object_component>
      <object_component id="oc-1c6">
         <name>.debug_info</name>
         <load_address>0x892c</load_address>
         <run_address>0x892c</run_address>
         <size>0x328</size>
         <input_file_ref idref="fl-7"/>
      </object_component>
      <object_component id="oc-109">
         <name>.debug_info</name>
         <load_address>0x8c54</load_address>
         <run_address>0x8c54</run_address>
         <size>0x193</size>
         <input_file_ref idref="fl-7"/>
      </object_component>
      <object_component id="oc-3ba">
         <name>.debug_info</name>
         <load_address>0x8de7</load_address>
         <run_address>0x8de7</run_address>
         <size>0x240</size>
         <input_file_ref idref="fl-e"/>
      </object_component>
      <object_component id="oc-2f6">
         <name>.debug_info</name>
         <load_address>0x9027</load_address>
         <run_address>0x9027</run_address>
         <size>0x2b3</size>
         <input_file_ref idref="fl-e"/>
      </object_component>
      <object_component id="oc-2fc">
         <name>.debug_info</name>
         <load_address>0x92da</load_address>
         <run_address>0x92da</run_address>
         <size>0x316</size>
         <input_file_ref idref="fl-e"/>
      </object_component>
      <object_component id="oc-1dc">
         <name>.debug_info</name>
         <load_address>0x95f0</load_address>
         <run_address>0x95f0</run_address>
         <size>0x27f</size>
         <input_file_ref idref="fl-e"/>
      </object_component>
      <object_component id="oc-205">
         <name>.debug_info</name>
         <load_address>0x986f</load_address>
         <run_address>0x986f</run_address>
         <size>0x18b</size>
         <input_file_ref idref="fl-e"/>
      </object_component>
      <object_component id="oc-3d1">
         <name>.debug_info</name>
         <load_address>0x99fa</load_address>
         <run_address>0x99fa</run_address>
         <size>0x231</size>
         <input_file_ref idref="fl-f"/>
      </object_component>
      <object_component id="oc-33c">
         <name>.debug_info</name>
         <load_address>0x9c2b</load_address>
         <run_address>0x9c2b</run_address>
         <size>0x24e</size>
         <input_file_ref idref="fl-f"/>
      </object_component>
      <object_component id="oc-2cc">
         <name>.debug_info</name>
         <load_address>0x9e79</load_address>
         <run_address>0x9e79</run_address>
         <size>0x227</size>
         <input_file_ref idref="fl-11"/>
      </object_component>
      <object_component id="oc-1b9">
         <name>.debug_info</name>
         <load_address>0xa0a0</load_address>
         <run_address>0xa0a0</run_address>
         <size>0x291</size>
         <input_file_ref idref="fl-11"/>
      </object_component>
      <object_component id="oc-1f9">
         <name>.debug_info</name>
         <load_address>0xa331</load_address>
         <run_address>0xa331</run_address>
         <size>0x464</size>
         <input_file_ref idref="fl-13"/>
      </object_component>
      <object_component id="oc-1f6">
         <name>.debug_info</name>
         <load_address>0xa795</load_address>
         <run_address>0xa795</run_address>
         <size>0x167</size>
         <input_file_ref idref="fl-13"/>
      </object_component>
      <object_component id="oc-135">
         <name>.debug_info</name>
         <load_address>0xa8fc</load_address>
         <run_address>0xa8fc</run_address>
         <size>0x27d</size>
         <input_file_ref idref="fl-13"/>
      </object_component>
      <object_component id="oc-215">
         <name>.debug_info</name>
         <load_address>0xab79</load_address>
         <run_address>0xab79</run_address>
         <size>0x6bd</size>
         <input_file_ref idref="fl-13"/>
      </object_component>
      <object_component id="oc-203">
         <name>.debug_info</name>
         <load_address>0xb236</load_address>
         <run_address>0xb236</run_address>
         <size>0x3d2</size>
         <input_file_ref idref="fl-14"/>
      </object_component>
      <object_component id="oc-327">
         <name>.debug_info</name>
         <load_address>0xb608</load_address>
         <run_address>0xb608</run_address>
         <size>0x5f7</size>
         <input_file_ref idref="fl-14"/>
      </object_component>
      <object_component id="oc-1fd">
         <name>.debug_info</name>
         <load_address>0xbbff</load_address>
         <run_address>0xbbff</run_address>
         <size>0x583</size>
         <input_file_ref idref="fl-14"/>
      </object_component>
      <object_component id="oc-139">
         <name>.debug_info</name>
         <load_address>0xc182</load_address>
         <run_address>0xc182</run_address>
         <size>0x278</size>
         <input_file_ref idref="fl-14"/>
      </object_component>
      <object_component id="oc-214">
         <name>.debug_info</name>
         <load_address>0xc3fa</load_address>
         <run_address>0xc3fa</run_address>
         <size>0x3d9</size>
         <input_file_ref idref="fl-15"/>
      </object_component>
      <object_component id="oc-146">
         <name>.debug_info</name>
         <load_address>0xc7d3</load_address>
         <run_address>0xc7d3</run_address>
         <size>0x284</size>
         <input_file_ref idref="fl-15"/>
      </object_component>
      <object_component id="oc-211">
         <name>.debug_info</name>
         <load_address>0xca57</load_address>
         <run_address>0xca57</run_address>
         <size>0x51c</size>
         <input_file_ref idref="fl-16"/>
      </object_component>
      <object_component id="oc-30a">
         <name>.debug_info</name>
         <load_address>0xcf73</load_address>
         <run_address>0xcf73</run_address>
         <size>0x2fe</size>
         <input_file_ref idref="fl-16"/>
      </object_component>
      <object_component id="oc-3bf">
         <name>.debug_info</name>
         <load_address>0xd271</load_address>
         <run_address>0xd271</run_address>
         <size>0x315</size>
         <input_file_ref idref="fl-16"/>
      </object_component>
      <object_component id="oc-3c5">
         <name>.debug_info</name>
         <load_address>0xd586</load_address>
         <run_address>0xd586</run_address>
         <size>0x34b</size>
         <input_file_ref idref="fl-16"/>
      </object_component>
      <object_component id="oc-310">
         <name>.debug_info</name>
         <load_address>0xd8d1</load_address>
         <run_address>0xd8d1</run_address>
         <size>0x2cc</size>
         <input_file_ref idref="fl-16"/>
      </object_component>
      <object_component id="oc-304">
         <name>.debug_info</name>
         <load_address>0xdb9d</load_address>
         <run_address>0xdb9d</run_address>
         <size>0x341</size>
         <input_file_ref idref="fl-16"/>
      </object_component>
      <object_component id="oc-14b">
         <name>.debug_info</name>
         <load_address>0xdede</load_address>
         <run_address>0xdede</run_address>
         <size>0x2b7</size>
         <input_file_ref idref="fl-16"/>
      </object_component>
      <object_component id="oc-331">
         <name>.debug_info</name>
         <load_address>0xe195</load_address>
         <run_address>0xe195</run_address>
         <size>0x254</size>
         <input_file_ref idref="fl-16"/>
      </object_component>
      <object_component id="oc-20d">
         <name>.debug_info</name>
         <load_address>0xe3e9</load_address>
         <run_address>0xe3e9</run_address>
         <size>0x2b6</size>
         <input_file_ref idref="fl-16"/>
      </object_component>
      <object_component id="oc-317">
         <name>.debug_info</name>
         <load_address>0xe69f</load_address>
         <run_address>0xe69f</run_address>
         <size>0x47f</size>
         <input_file_ref idref="fl-16"/>
      </object_component>
      <object_component id="oc-1f0">
         <name>.debug_info</name>
         <load_address>0xeb1e</load_address>
         <run_address>0xeb1e</run_address>
         <size>0x4bd</size>
         <input_file_ref idref="fl-16"/>
      </object_component>
      <object_component id="oc-13f">
         <name>.debug_info</name>
         <load_address>0xefdb</load_address>
         <run_address>0xefdb</run_address>
         <size>0x28d</size>
         <input_file_ref idref="fl-16"/>
      </object_component>
      <object_component id="oc-2aa">
         <name>.debug_info</name>
         <load_address>0xf268</load_address>
         <run_address>0xf268</run_address>
         <size>0x362</size>
         <input_file_ref idref="fl-17"/>
      </object_component>
      <object_component id="oc-2a6">
         <name>.debug_info</name>
         <load_address>0xf5ca</load_address>
         <run_address>0xf5ca</run_address>
         <size>0x165</size>
         <input_file_ref idref="fl-17"/>
      </object_component>
      <object_component id="oc-177">
         <name>.debug_info</name>
         <load_address>0xf72f</load_address>
         <run_address>0xf72f</run_address>
         <size>0x158</size>
         <input_file_ref idref="fl-17"/>
      </object_component>
      <object_component id="oc-3cd">
         <name>.debug_info</name>
         <load_address>0xf887</load_address>
         <run_address>0xf887</run_address>
         <size>0x3cd</size>
         <input_file_ref idref="fl-18"/>
      </object_component>
      <object_component id="oc-31e">
         <name>.debug_info</name>
         <load_address>0xfc54</load_address>
         <run_address>0xfc54</run_address>
         <size>0x2b1</size>
         <input_file_ref idref="fl-18"/>
      </object_component>
      <object_component id="oc-355">
         <name>.debug_info</name>
         <load_address>0xff05</load_address>
         <run_address>0xff05</run_address>
         <size>0x33e</size>
         <input_file_ref idref="fl-cf"/>
      </object_component>
      <object_component id="oc-224">
         <name>.debug_info</name>
         <load_address>0x10243</load_address>
         <run_address>0x10243</run_address>
         <size>0x1f2</size>
         <input_file_ref idref="fl-cf"/>
      </object_component>
      <object_component id="oc-349">
         <name>.debug_info</name>
         <load_address>0x10435</load_address>
         <run_address>0x10435</run_address>
         <size>0x1c7</size>
         <input_file_ref idref="fl-cf"/>
      </object_component>
      <object_component id="oc-350">
         <name>.debug_info</name>
         <load_address>0x105fc</load_address>
         <run_address>0x105fc</run_address>
         <size>0x17a</size>
         <input_file_ref idref="fl-cf"/>
      </object_component>
      <object_component id="oc-356">
         <name>.debug_info</name>
         <load_address>0x10776</load_address>
         <run_address>0x10776</run_address>
         <size>0x2c</size>
         <input_file_ref idref="fl-cf"/>
      </object_component>
      <object_component id="oc-35b">
         <name>.debug_info</name>
         <load_address>0x107a2</load_address>
         <run_address>0x107a2</run_address>
         <size>0x69</size>
         <input_file_ref idref="fl-cf"/>
      </object_component>
      <object_component id="oc-25e">
         <name>.debug_info</name>
         <load_address>0x1080b</load_address>
         <run_address>0x1080b</run_address>
         <size>0x150</size>
         <input_file_ref idref="fl-d0"/>
      </object_component>
      <object_component id="oc-231">
         <name>.debug_info</name>
         <load_address>0x1095b</load_address>
         <run_address>0x1095b</run_address>
         <size>0x12c</size>
         <input_file_ref idref="fl-d1"/>
      </object_component>
      <object_component id="oc-235">
         <name>.debug_info</name>
         <load_address>0x10a87</load_address>
         <run_address>0x10a87</run_address>
         <size>0x12e</size>
         <input_file_ref idref="fl-d1"/>
      </object_component>
      <object_component id="oc-252">
         <name>.debug_info</name>
         <load_address>0x10bb5</load_address>
         <run_address>0x10bb5</run_address>
         <size>0x13e</size>
         <input_file_ref idref="fl-d2"/>
      </object_component>
      <object_component id="oc-24f">
         <name>.debug_info</name>
[...]
         <object_component_ref idref="oc-95"/>
      </symbol>
      <symbol id="sm-b7">
         <name>main</name>
         <value>0x199d</value>
         <object_component_ref idref="oc-cb"/>
      </symbol>
      <symbol id="sm-b8">
         <name>ConfigureUART</name>
         <value>0x4385</value>
         <object_component_ref idref="oc-102"/>
      </symbol>
      <symbol id="sm-b9">
         <name>ADC_done</name>
         <value>0x200011ba</value>
         <object_component_ref idref="oc-95"/>
      </symbol>
      <symbol id="sm-ba">
         <name>counter_for_packet</name>
         <value>0x200011b9</value>
         <object_component_ref idref="oc-95"/>
      </symbol>
      <symbol id="sm-f0">
         <name>ResetISR</name>
         <value>0x4d6f</value>
         <object_component_ref idref="oc-24"/>
      </symbol>
      <symbol id="sm-f1">
         <name>g_pfnVectors</name>
         <value>0x0</value>
         <object_component_ref idref="oc-f"/>
      </symbol>
      <symbol id="sm-fc">
         <name>g_pui8Image_UTS</name>
         <value>0x4d84</value>
         <object_component_ref idref="oc-172"/>
      </symbol>
      <symbol id="sm-23c">
         <name>ch0V</name>
         <value>0x20001168</value>
      </symbol>
      <symbol id="sm-23d">
         <name>ch1V</name>
         <value>0x20001170</value>
      </symbol>
      <symbol id="sm-23e">
         <name>ch2V</name>
         <value>0x20001178</value>
      </symbol>
      <symbol id="sm-23f">
         <name>ch3V</name>
         <value>0x20001180</value>
      </symbol>
      <symbol id="sm-240">
         <name>ch0T</name>
         <value>0x20001164</value>
      </symbol>
      <symbol id="sm-241">
         <name>ch1T</name>
         <value>0x2000116c</value>
      </symbol>
      <symbol id="sm-242">
         <name>ch2T</name>
         <value>0x20001174</value>
      </symbol>
      <symbol id="sm-243">
         <name>ch3T</name>
         <value>0x2000117c</value>
      </symbol>
      <symbol id="sm-244">
         <name>ascii_REF_T</name>
         <value>0x20001140</value>
      </symbol>
      <symbol id="sm-245">
         <name>ascii_REF_V</name>
         <value>0x2000114c</value>
      </symbol>
      <symbol id="sm-246">
         <name>ascii_LSH_T</name>
         <value>0x20001110</value>
      </symbol>
      <symbol id="sm-247">
         <name>ascii_LSH_V</name>
         <value>0x2000111c</value>
      </symbol>
      <symbol id="sm-248">
         <name>ascii_FLT_T</name>
         <value>0x200010bc</value>
      </symbol>
      <symbol id="sm-249">
         <name>ascii_FLT_V</name>
         <value>0x200010c8</value>
      </symbol>
      <symbol id="sm-24a">
         <name>ascii_IR_T</name>
         <value>0x200010d4</value>
      </symbol>
      <symbol id="sm-24b">
         <name>ascii_PWMH</name>
         <value>0x20001134</value>
      </symbol>
      <symbol id="sm-24c">
         <name>ascii_PWMF</name>
         <value>0x20001128</value>
      </symbol>
      <symbol id="sm-24d">
         <name>ascii_KaF</name>
         <value>0x200010e0</value>
      </symbol>
      <symbol id="sm-24e">
         <name>ascii_KbF</name>
         <value>0x200010f8</value>
      </symbol>
      <symbol id="sm-24f">
         <name>ascii_KaH</name>
         <value>0x200010ec</value>
      </symbol>
      <symbol id="sm-250">
         <name>ascii_KbH</name>
         <value>0x20001104</value>
      </symbol>
      <symbol id="sm-251">
         <name>UART1IntHandler</name>
         <value>0x4b0d</value>
         <object_component_ref idref="oc-42"/>
      </symbol>
      <symbol id="sm-252">
         <name>InitUART1</name>
         <value>0x3335</value>
         <object_component_ref idref="oc-120"/>
      </symbol>
      <symbol id="sm-253">
         <name>ADC0SS0Handler</name>
         <value>0x49dd</value>
         <object_component_ref idref="oc-48"/>
      </symbol>
      <symbol id="sm-254">
         <name>InitADC</name>
         <value>0x3451</value>
         <object_component_ref idref="oc-10e"/>
      </symbol>
      <symbol id="sm-255">
         <name>UpdateScreen</name>
         <value>0x1031</value>
         <object_component_ref idref="oc-162"/>
      </symbol>
      <symbol id="sm-256">
         <name>IR_Read</name>
         <value>0x43e9</value>
         <object_component_ref idref="oc-150"/>
      </symbol>
      <symbol id="sm-257">
         <name>integral</name>
         <value>0x2000118c</value>
         <object_component_ref idref="oc-23b"/>
      </symbol>
      <symbol id="sm-258">
         <name>InitTimerPWM</name>
         <value>0x3a25</value>
         <object_component_ref idref="oc-11a"/>
      </symbol>
      <symbol id="sm-259">
         <name>SendPacket</name>
         <value>0x3871</value>
         <object_component_ref idref="oc-168"/>
      </symbol>
      <symbol id="sm-25a">
         <name>InitI2C1</name>
         <value>0x3fed</value>
         <object_component_ref idref="oc-126"/>
      </symbol>
      <symbol id="sm-25b">
         <name>adc2ASCII</name>
         <value>0x2185</value>
         <object_component_ref idref="oc-15c"/>
      </symbol>
      <symbol id="sm-25c">
         <name>PID_controller</name>
         <value>0x1c79</value>
         <object_component_ref idref="oc-156"/>
      </symbol>
      <symbol id="sm-25d">
         <name>DT</name>
         <value>0x20001190</value>
         <object_component_ref idref="oc-23b"/>
      </symbol>
      <symbol id="sm-25e">
         <name>previous_error</name>
         <value>0x20001188</value>
         <object_component_ref idref="oc-23b"/>
      </symbol>
      <symbol id="sm-25f">
         <name>i2c_string</name>
         <value>0x3675</value>
         <object_component_ref idref="oc-21b"/>
      </symbol>
      <symbol id="sm-260">
         <name>KPH</name>
         <value>0x5cb0</value>
         <object_component_ref idref="oc-238"/>
      </symbol>
      <symbol id="sm-261">
         <name>KPF</name>
         <value>0x5cb8</value>
         <object_component_ref idref="oc-238"/>
      </symbol>
      <symbol id="sm-262">
         <name>InitPWM</name>
         <value>0x2d31</value>
         <object_component_ref idref="oc-114"/>
      </symbol>
      <symbol id="sm-263">
         <name>KIH</name>
         <value>0x5cb4</value>
         <object_component_ref idref="oc-238"/>
      </symbol>
      <symbol id="sm-264">
         <name>KIF</name>
         <value>0x5cbc</value>
         <object_component_ref idref="oc-238"/>
      </symbol>
      <symbol id="sm-316">
         <name>g_sCFAL96x64x16</name>
         <value>0x5c64</value>
         <object_component_ref idref="oc-16f"/>
      </symbol>
      <symbol id="sm-317">
         <name>CFAL96x64x16Init</name>
         <value>0x29c1</value>
         <object_component_ref idref="oc-12c"/>
      </symbol>
      <symbol id="sm-399">
         <name>UARTStdioConfig</name>
         <value>0x4165</value>
         <object_component_ref idref="oc-1be"/>
      </symbol>
      <symbol id="sm-39a">
         <name>UARTwrite</name>
         <value>0x4571</value>
         <object_component_ref idref="oc-2da"/>
      </symbol>
      <symbol id="sm-39b">
         <name>UARTprintf</name>
         <value>0x4bb1</value>
         <object_component_ref idref="oc-108"/>
      </symbol>
      <symbol id="sm-39c">
         <name>UARTvprintf</name>
         <value>0x1399</value>
         <object_component_ref idref="oc-1c5"/>
      </symbol>
      <symbol id="sm-3c0">
         <name>GPIOPinTypeI2CSCL</name>
         <value>0x4cf5</value>
         <object_component_ref idref="oc-1d8"/>
      </symbol>
      <symbol id="sm-3c1">
         <name>GPIODirModeSet</name>
         <value>0x4b39</value>
         <object_component_ref idref="oc-2f2"/>
      </symbol>
      <symbol id="sm-3c2">
         <name>GPIOPadConfigSet</name>
         <value>0x30df</value>
         <object_component_ref idref="oc-2f8"/>
      </symbol>
      <symbol id="sm-3cf">
         <name>I2CMasterBusy</name>
         <value>0x4d59</value>
         <object_component_ref idref="oc-33b"/>
      </symbol>
      <symbol id="sm-3dd">
         <name>UARTClockSourceSet</name>
         <value>0x4d75</value>
         <object_component_ref idref="oc-1b8"/>
      </symbol>
      <symbol id="sm-3fe">
         <name>GrContextInit</name>
         <value>0x42b5</value>
         <object_component_ref idref="oc-132"/>
      </symbol>
      <symbol id="sm-3ff">
         <name>g_psDefaultCodePointMapTable</name>
         <value>0x5ca0</value>
         <object_component_ref idref="oc-1f5"/>
      </symbol>
      <symbol id="sm-456">
         <name>GrImageDraw</name>
         <value>0x4d2b</value>
         <object_component_ref idref="oc-138"/>
      </symbol>
      <symbol id="sm-464">
         <name>GrRectFill</name>
         <value>0x3e59</value>
         <object_component_ref idref="oc-144"/>
      </symbol>
      <symbol id="sm-4f3">
         <name>GrFontInfoGet</name>
         <value>0x4b8b</value>
         <object_component_ref idref="oc-303"/>
      </symbol>
      <symbol id="sm-4f4">
         <name>GrDefaultStringRenderer</name>
         <value>0x3afd</value>
         <object_component_ref idref="oc-1ef"/>
      </symbol>
      <symbol id="sm-4f5">
         <name>GrFontGlyphRender</name>
         <value>0x23dd</value>
         <object_component_ref idref="oc-315"/>
      </symbol>
      <symbol id="sm-4f6">
         <name>GrContextFontSet</name>
         <value>0x4d69</value>
         <object_component_ref idref="oc-13e"/>
      </symbol>
      <symbol id="sm-4f7">
         <name>GrFontGlyphDataGet</name>
         <value>0x4bd5</value>
         <object_component_ref idref="oc-30f"/>
      </symbol>
      <symbol id="sm-4f8">
         <name>GrStringDraw</name>
         <value>0x4ca1</value>
         <object_component_ref idref="oc-14a"/>
      </symbol>
      <symbol id="sm-4f9">
         <name>GrFontCodepageGet</name>
         <value>0x4c17</value>
         <object_component_ref idref="oc-330"/>
      </symbol>
      <symbol id="sm-4fa">
         <name>GrStringNextCharGet</name>
         <value>0x4ab1</value>
         <object_component_ref idref="oc-309"/>
      </symbol>
      <symbol id="sm-50c">
         <name>g_sFontFixed6x8</name>
         <value>0x5b9c</value>
         <object_component_ref idref="oc-176"/>
      </symbol>
      <symbol id="sm-519">
         <name>GrMapISO8859_1_Unicode</name>
         <value>0x4d51</value>
         <object_component_ref idref="oc-31c"/>
      </symbol>
      <symbol id="sm-549">
         <name>snprintf</name>
         <value>0x47bd</value>
         <object_component_ref idref="oc-221"/>
      </symbol>
      <symbol id="sm-560">
         <name>__aeabi_dsub</name>
         <value>0x2b79</value>
         <object_component_ref idref="oc-25b"/>
      </symbol>
      <symbol id="sm-561">
         <name>__aeabi_dadd</name>
         <value>0x2b83</value>
         <object_component_ref idref="oc-25b"/>
      </symbol>
      <symbol id="sm-583">
         <name>__aeabi_cdcmpeq</name>
         <value>0x3edf</value>
         <object_component_ref idref="oc-22e"/>
      </symbol>
      <symbol id="sm-584">
         <name>__aeabi_cdcmple</name>
         <value>0x3edf</value>
         <object_component_ref idref="oc-22e"/>
      </symbol>
      <symbol id="sm-585">
         <name>__aeabi_cdrcmple</name>
         <value>0x3f65</value>
         <object_component_ref idref="oc-233"/>
      </symbol>
      <symbol id="sm-599">
         <name>__aeabi_ddiv</name>
         <value>0x2fa9</value>
         <object_component_ref idref="oc-251"/>
      </symbol>
      <symbol id="sm-5a4">
         <name>__aeabi_dmul</name>
         <value>0x3775</value>
         <object_component_ref idref="oc-24c"/>
      </symbol>
      <symbol id="sm-5b0">
         <name>__aeabi_d2f</name>
         <value>0x4247</value>
         <object_component_ref idref="oc-256"/>
      </symbol>
      <symbol id="sm-5bb">
         <name>__aeabi_f2d</name>
         <value>0x4a15</value>
         <object_component_ref idref="oc-229"/>
      </symbol>
      <symbol id="sm-5d6">
         <name>memcpy</name>
         <value>0x3d27</value>
         <object_component_ref idref="oc-5c"/>
      </symbol>
      <symbol id="sm-5d7">
         <name>__aeabi_memcpy</name>
         <value>0x3d27</value>
         <object_component_ref idref="oc-5c"/>
      </symbol>
      <symbol id="sm-5d8">
         <name>__aeabi_memcpy8</name>
         <value>0x3d27</value>
         <object_component_ref idref="oc-5c"/>
      </symbol>
      <symbol id="sm-5d9">
         <name>__aeabi_memcpy4</name>
         <value>0x3d27</value>
         <object_component_ref idref="oc-5c"/>
      </symbol>
      <symbol id="sm-5e3">
         <name>__aeabi_ui2d</name>
         <value>0x4bf7</value>
         <object_component_ref idref="oc-247"/>
      </symbol>
      <symbol id="sm-5f2">
         <name>__aeabi_uidivmod</name>
         <value>0x4925</value>
         <object_component_ref idref="oc-2e0"/>
      </symbol>
      <symbol id="sm-5f3">
         <name>__aeabi_uidiv</name>
         <value>0x4925</value>
         <object_component_ref idref="oc-2e0"/>
      </symbol>
      <symbol id="sm-60c">
         <name>__TI_zero_init_nomemset</name>
         <value>0x4d07</value>
         <object_component_ref idref="oc-68"/>
      </symbol>
      <symbol id="sm-623">
         <name>__TI_decompress_none</name>
         <value>0x4d39</value>
         <object_component_ref idref="oc-18"/>
      </symbol>
      <symbol id="sm-646">
         <name>__TI_decompress_lzss</name>
         <value>0x431d</value>
         <object_component_ref idref="oc-12"/>
      </symbol>
      <symbol id="sm-656">
         <name>strcat</name>
         <value>0x4c35</value>
         <object_component_ref idref="oc-273"/>
      </symbol>
      <symbol id="sm-664">
         <name>strcpy</name>
         <value>0x4ccd</value>
         <object_component_ref idref="oc-26d"/>
      </symbol>
      <symbol id="sm-677">
         <name>__stack</name>
         <value>0x20000000</value>
         <object_component_ref idref="oc-21"/>
      </symbol>
      <symbol id="sm-678">
         <name>_c_int00_noargs</name>
         <value>0x4a4d</value>
         <object_component_ref idref="oc-7a"/>
      </symbol>
      <symbol id="sm-7dd">
         <name>__TI_printfi</name>
         <value>0x26d</value>
         <object_component_ref idref="oc-342"/>
      </symbol>
      <symbol id="sm-7fd">
         <name>frexpl</name>
         <value>0x444d</value>
         <object_component_ref idref="oc-473"/>
      </symbol>
      <symbol id="sm-7fe">
         <name>frexp</name>
         <value>0x444d</value>
         <object_component_ref idref="oc-473"/>
      </symbol>
      <symbol id="sm-81b">
         <name>scalbn</name>
         <value>0x3565</value>
         <object_component_ref idref="oc-479"/>
      </symbol>
      <symbol id="sm-81c">
         <name>scalbnl</name>
         <value>0x3565</value>
         <object_component_ref idref="oc-479"/>
      </symbol>
      <symbol id="sm-81d">
         <name>ldexpl</name>
         <value>0x3565</value>
         <object_component_ref idref="oc-479"/>
      </symbol>
      <symbol id="sm-81e">
         <name>ldexp</name>
         <value>0x3565</value>
         <object_component_ref idref="oc-479"/>
      </symbol>
      <symbol id="sm-828">
         <name>copysign</name>
         <value>0x4c6f</value>
         <object_component_ref idref="oc-4b7"/>
      </symbol>
      <symbol id="sm-829">
         <name>copysignl</name>
         <value>0x4c6f</value>
         <object_component_ref idref="oc-4b7"/>
      </symbol>
      <symbol id="sm-833">
         <name>__aeabi_idiv0</name>
         <value>0x3feb</value>
         <object_component_ref idref="oc-3b0"/>
      </symbol>
      <symbol id="sm-834">
         <name>__aeabi_ldiv0</name>
         <value>0x3feb</value>
         <object_component_ref idref="oc-3b0"/>
      </symbol>
      <symbol id="sm-841">
         <name>__aeabi_uldivmod</name>
         <value>0x3dc3</value>
         <object_component_ref idref="oc-442"/>
      </symbol>
      <symbol id="sm-84b">
         <name>__aeabi_d2iz</name>
         <value>0x4853</value>
         <object_component_ref idref="oc-448"/>
      </symbol>
      <symbol id="sm-855">
         <name>__aeabi_i2d</name>
         <value>0x4adf</value>
         <object_component_ref idref="oc-453"/>
      </symbol>
      <symbol id="sm-864">
         <name>__aeabi_memset</name>
         <value>0x40eb</value>
         <object_component_ref idref="oc-bf"/>
      </symbol>
      <symbol id="sm-865">
         <name>memset</name>
         <value>0x40f1</value>
         <object_component_ref idref="oc-bf"/>
      </symbol>
      <symbol id="sm-866">
         <name>__aeabi_memset8</name>
         <value>0x40eb</value>
         <object_component_ref idref="oc-bf"/>
      </symbol>
      <symbol id="sm-867">
         <name>__aeabi_memset4</name>
         <value>0x40eb</value>
         <object_component_ref idref="oc-bf"/>
      </symbol>
      <symbol id="sm-868">
         <name>__aeabi_memclr8</name>
         <value>0x40e9</value>
         <object_component_ref idref="oc-bf"/>
      </symbol>
      <symbol id="sm-869">
         <name>__aeabi_memclr4</name>
         <value>0x40e9</value>
         <object_component_ref idref="oc-bf"/>
      </symbol>
      <symbol id="sm-86a">
         <name>__aeabi_memclr</name>
         <value>0x40e9</value>
         <object_component_ref idref="oc-bf"/>
      </symbol>
      <symbol id="sm-892">
         <name>__TI_auto_init_nobinit_nopinit</name>
         <value>0x48e1</value>
         <object_component_ref idref="oc-186"/>
      </symbol>
      <symbol id="sm-89c">
         <name>_system_pre_init</name>
         <value>0x4d7b</value>
         <object_component_ref idref="oc-c5"/>
      </symbol>
      <symbol id="sm-8a8">
         <name>C$$EXIT</name>
         <value>0x4d7f</value>
         <object_component_ref idref="oc-17a"/>
      </symbol>
      <symbol id="sm-8a9">
         <name>abort</name>
         <value>0x4d7f</value>
         <object_component_ref idref="oc-17a"/>
      </symbol>
      <symbol id="sm-8c1">
         <name>atoi</name>
         <value>0x4771</value>
         <object_component_ref idref="oc-3d8"/>
      </symbol>
      <symbol id="sm-8cc">
         <name>_ctypes_</name>
         <value>0x5a98</value>
         <object_component_ref idref="oc-43d"/>
      </symbol>
      <symbol id="sm-8db">
         <name>ltoa</name>
         <value>0x467d</value>
         <object_component_ref idref="oc-44d"/>
      </symbol>
      <symbol id="sm-8eb">
         <name>memccpy</name>
         <value>0x4c53</value>
         <object_component_ref idref="oc-3fc"/>
      </symbol>
      <symbol id="sm-8fb">
         <name>strchr</name>
         <value>0x4cb7</value>
         <object_component_ref idref="oc-47f"/>
      </symbol>
      <symbol id="sm-909">
         <name>strlen</name>
         <value>0x4ce1</value>
         <object_component_ref idref="oc-3d2"/>
      </symbol>
      <symbol id="sm-91f">
         <name>__aeabi_errno_addr</name>
         <value>0x4d61</value>
         <object_component_ref idref="oc-408"/>
      </symbol>
      <symbol id="sm-920">
         <name>errno</name>
         <value>0x200011c8</value>
         <object_component_ref idref="oc-48f"/>
      </symbol>
      <symbol id="sm-939">
         <name>wcslen</name>
         <value>0x4d19</value>
         <object_component_ref idref="oc-402"/>
      </symbol>
      <symbol id="sm-93a">
         <name>__TI_static_base__</name>
         <value>0x0</value>
      </symbol>
      <symbol id="sm-93d">
         <name>__mpu_init</name>
         <value>0x0</value>
      </symbol>
      <symbol id="sm-93e">
         <name>_system_post_cinit</name>
         <value>0x0</value>
      </symbol>
   </symbol_table>
   <title>Link successful</title>
</link_info>
